[0.228s] DEBUG:colcon:Command line arguments: ['/usr/bin/colcon', 'build', '--symlink-install']
[0.228s] DEBUG:colcon:Parsed command line arguments: Namespace(log_base=None, log_level=None, verb_name='build', build_base='build', install_base='install', merge_install=False, symlink_install=True, test_result_base=None, continue_on_error=False, executor='parallel', parallel_workers=16, event_handlers=None, ignore_user_meta=False, metas=['./colcon.meta'], base_paths=['.'], packages_ignore=None, packages_ignore_regex=None, paths=None, packages_up_to=None, packages_up_to_regex=None, packages_above=None, packages_above_and_dependencies=None, packages_above_depth=None, packages_select_by_dep=None, packages_skip_by_dep=None, packages_skip_up_to=None, packages_select_build_failed=False, packages_skip_build_finished=False, packages_select_test_failures=False, packages_skip_test_passed=False, packages_select=None, packages_skip=None, packages_select_regex=None, packages_skip_regex=None, packages_start=None, packages_end=None, allow_overriding=[], cmake_args=None, cmake_target=None, cmake_target_skip_unavailable=False, cmake_clean_cache=False, cmake_clean_first=False, cmake_force_configure=False, ament_cmake_args=None, catkin_cmake_args=None, catkin_skip_building_tests=False, verb_parser=<colcon_defaults.argument_parser.defaults.DefaultArgumentsDecorator object at 0x75845077bcb0>, verb_extension=<colcon_core.verb.build.BuildVerb object at 0x75845077b980>, main=<bound method BuildVerb.main of <colcon_core.verb.build.BuildVerb object at 0x75845077b980>>)
[0.317s] Level 1:colcon.colcon_core.package_discovery:discover_packages(colcon_meta) check parameters
[0.318s] Level 1:colcon.colcon_core.package_discovery:discover_packages(recursive) check parameters
[0.318s] Level 1:colcon.colcon_core.package_discovery:discover_packages(ignore) check parameters
[0.318s] Level 1:colcon.colcon_core.package_discovery:discover_packages(path) check parameters
[0.318s] Level 1:colcon.colcon_core.package_discovery:discover_packages(colcon_meta) discover
[0.318s] Level 1:colcon.colcon_core.package_discovery:discover_packages(recursive) discover
[0.319s] INFO:colcon.colcon_core.package_discovery:Crawling recursively for packages in '/home/zidane/Desktop/project_cnn_regulation'
[0.319s] Level 1:colcon.colcon_core.package_identification:_identify(.) by extensions ['ignore', 'ignore_ament_install']
[0.319s] Level 1:colcon.colcon_core.package_identification:_identify(.) by extension 'ignore'
[0.320s] Level 1:colcon.colcon_core.package_identification:_identify(.) by extension 'ignore_ament_install'
[0.320s] Level 1:colcon.colcon_core.package_identification:_identify(.) by extensions ['colcon_pkg']
[0.320s] Level 1:colcon.colcon_core.package_identification:_identify(.) by extension 'colcon_pkg'
[0.320s] Level 1:colcon.colcon_core.package_identification:_identify(.) by extensions ['colcon_meta']
[0.320s] Level 1:colcon.colcon_core.package_identification:_identify(.) by extension 'colcon_meta'
[0.320s] Level 1:colcon.colcon_core.package_identification:_identify(.) by extensions ['ros']
[0.320s] Level 1:colcon.colcon_core.package_identification:_identify(.) by extension 'ros'
[0.375s] Level 1:colcon.colcon_core.package_identification:_identify(.) by extensions ['cmake', 'python']
[0.375s] Level 1:colcon.colcon_core.package_identification:_identify(.) by extension 'cmake'
[0.376s] Level 1:colcon.colcon_core.package_identification:_identify(.) by extension 'python'
[0.376s] Level 1:colcon.colcon_core.package_identification:_identify(.) by extensions ['python_setup_py']
[0.376s] Level 1:colcon.colcon_core.package_identification:_identify(.) by extension 'python_setup_py'
[0.376s] Level 1:colcon.colcon_core.package_identification:_identify(build) by extensions ['ignore', 'ignore_ament_install']
[0.376s] Level 1:colcon.colcon_core.package_identification:_identify(build) by extension 'ignore'
[0.376s] Level 1:colcon.colcon_core.package_identification:_identify(build) ignored
[0.377s] Level 1:colcon.colcon_core.package_identification:_identify(install) by extensions ['ignore', 'ignore_ament_install']
[0.377s] Level 1:colcon.colcon_core.package_identification:_identify(install) by extension 'ignore'
[0.377s] Level 1:colcon.colcon_core.package_identification:_identify(install) ignored
[0.377s] Level 1:colcon.colcon_core.package_identification:_identify(log) by extensions ['ignore', 'ignore_ament_install']
[0.377s] Level 1:colcon.colcon_core.package_identification:_identify(log) by extension 'ignore'
[0.377s] Level 1:colcon.colcon_core.package_identification:_identify(log) ignored
[0.377s] Level 1:colcon.colcon_core.package_identification:_identify(src) by extensions ['ignore', 'ignore_ament_install']
[0.378s] Level 1:colcon.colcon_core.package_identification:_identify(src) by extension 'ignore'
[0.378s] Level 1:colcon.colcon_core.package_identification:_identify(src) by extension 'ignore_ament_install'
[0.378s] Level 1:colcon.colcon_core.package_identification:_identify(src) by extensions ['colcon_pkg']
[0.378s] Level 1:colcon.colcon_core.package_identification:_identify(src) by extension 'colcon_pkg'
[0.378s] Level 1:colcon.colcon_core.package_identification:_identify(src) by extensions ['colcon_meta']
[0.378s] Level 1:colcon.colcon_core.package_identification:_identify(src) by extension 'colcon_meta'
[0.378s] Level 1:colcon.colcon_core.package_identification:_identify(src) by extensions ['ros']
[0.378s] Level 1:colcon.colcon_core.package_identification:_identify(src) by extension 'ros'
[0.378s] Level 1:colcon.colcon_core.package_identification:_identify(src) by extensions ['cmake', 'python']
[0.379s] Level 1:colcon.colcon_core.package_identification:_identify(src) by extension 'cmake'
[0.379s] Level 1:colcon.colcon_core.package_identification:_identify(src) by extension 'python'
[0.379s] Level 1:colcon.colcon_core.package_identification:_identify(src) by extensions ['python_setup_py']
[0.379s] Level 1:colcon.colcon_core.package_identification:_identify(src) by extension 'python_setup_py'
[0.379s] Level 1:colcon.colcon_core.package_identification:_identify(src/Universal_Robots_ROS2_Description) by extensions ['ignore', 'ignore_ament_install']
[0.380s] Level 1:colcon.colcon_core.package_identification:_identify(src/Universal_Robots_ROS2_Description) by extension 'ignore'
[0.380s] Level 1:colcon.colcon_core.package_identification:_identify(src/Universal_Robots_ROS2_Description) by extension 'ignore_ament_install'
[0.380s] Level 1:colcon.colcon_core.package_identification:_identify(src/Universal_Robots_ROS2_Description) by extensions ['colcon_pkg']
[0.380s] Level 1:colcon.colcon_core.package_identification:_identify(src/Universal_Robots_ROS2_Description) by extension 'colcon_pkg'
[0.380s] Level 1:colcon.colcon_core.package_identification:_identify(src/Universal_Robots_ROS2_Description) by extensions ['colcon_meta']
[0.380s] Level 1:colcon.colcon_core.package_identification:_identify(src/Universal_Robots_ROS2_Description) by extension 'colcon_meta'
[0.380s] Level 1:colcon.colcon_core.package_identification:_identify(src/Universal_Robots_ROS2_Description) by extensions ['ros']
[0.381s] Level 1:colcon.colcon_core.package_identification:_identify(src/Universal_Robots_ROS2_Description) by extension 'ros'
[0.389s] DEBUG:colcon.colcon_core.package_identification:Package 'src/Universal_Robots_ROS2_Description' with type 'ros.ament_cmake' and name 'ur_description'
[0.390s] Level 1:colcon.colcon_core.package_identification:_identify(src/cnn_regulator) by extensions ['ignore', 'ignore_ament_install']
[0.390s] Level 1:colcon.colcon_core.package_identification:_identify(src/cnn_regulator) by extension 'ignore'
[0.391s] Level 1:colcon.colcon_core.package_identification:_identify(src/cnn_regulator) by extension 'ignore_ament_install'
[0.391s] Level 1:colcon.colcon_core.package_identification:_identify(src/cnn_regulator) by extensions ['colcon_pkg']
[0.391s] Level 1:colcon.colcon_core.package_identification:_identify(src/cnn_regulator) by extension 'colcon_pkg'
[0.391s] Level 1:colcon.colcon_core.package_identification:_identify(src/cnn_regulator) by extensions ['colcon_meta']
[0.391s] Level 1:colcon.colcon_core.package_identification:_identify(src/cnn_regulator) by extension 'colcon_meta'
[0.391s] Level 1:colcon.colcon_core.package_identification:_identify(src/cnn_regulator) by extensions ['ros']
[0.392s] Level 1:colcon.colcon_core.package_identification:_identify(src/cnn_regulator) by extension 'ros'
[0.393s] DEBUG:colcon.colcon_core.package_identification:Package 'src/cnn_regulator' with type 'ros.ament_python' and name 'cnn_regulator'
[0.394s] Level 1:colcon.colcon_core.package_identification:_identify(src/mimo_process_description) by extensions ['ignore', 'ignore_ament_install']
[0.394s] Level 1:colcon.colcon_core.package_identification:_identify(src/mimo_process_description) by extension 'ignore'
[0.394s] Level 1:colcon.colcon_core.package_identification:_identify(src/mimo_process_description) by extension 'ignore_ament_install'
[0.394s] Level 1:colcon.colcon_core.package_identification:_identify(src/mimo_process_description) by extensions ['colcon_pkg']
[0.394s] Level 1:colcon.colcon_core.package_identification:_identify(src/mimo_process_description) by extension 'colcon_pkg'
[0.394s] Level 1:colcon.colcon_core.package_identification:_identify(src/mimo_process_description) by extensions ['colcon_meta']
[0.395s] Level 1:colcon.colcon_core.package_identification:_identify(src/mimo_process_description) by extension 'colcon_meta'
[0.395s] Level 1:colcon.colcon_core.package_identification:_identify(src/mimo_process_description) by extensions ['ros']
[0.395s] Level 1:colcon.colcon_core.package_identification:_identify(src/mimo_process_description) by extension 'ros'
[0.395s] DEBUG:colcon.colcon_core.package_identification:Package 'src/mimo_process_description' with type 'ros.ament_cmake' and name 'mimo_process_description'
[0.396s] Level 1:colcon.colcon_core.package_identification:_identify(src/mimo_process_gazebo) by extensions ['ignore', 'ignore_ament_install']
[0.396s] Level 1:colcon.colcon_core.package_identification:_identify(src/mimo_process_gazebo) by extension 'ignore'
[0.396s] Level 1:colcon.colcon_core.package_identification:_identify(src/mimo_process_gazebo) by extension 'ignore_ament_install'
[0.396s] Level 1:colcon.colcon_core.package_identification:_identify(src/mimo_process_gazebo) by extensions ['colcon_pkg']
[0.396s] Level 1:colcon.colcon_core.package_identification:_identify(src/mimo_process_gazebo) by extension 'colcon_pkg'
[0.396s] Level 1:colcon.colcon_core.package_identification:_identify(src/mimo_process_gazebo) by extensions ['colcon_meta']
[0.396s] Level 1:colcon.colcon_core.package_identification:_identify(src/mimo_process_gazebo) by extension 'colcon_meta'
[0.397s] Level 1:colcon.colcon_core.package_identification:_identify(src/mimo_process_gazebo) by extensions ['ros']
[0.397s] Level 1:colcon.colcon_core.package_identification:_identify(src/mimo_process_gazebo) by extension 'ros'
[0.397s] DEBUG:colcon.colcon_core.package_identification:Package 'src/mimo_process_gazebo' with type 'ros.ament_cmake' and name 'mimo_process_gazebo'
[0.397s] Level 1:colcon.colcon_core.package_discovery:discover_packages(recursive) using defaults
[0.398s] Level 1:colcon.colcon_core.package_discovery:discover_packages(ignore) discover
[0.398s] Level 1:colcon.colcon_core.package_discovery:discover_packages(ignore) using defaults
[0.398s] Level 1:colcon.colcon_core.package_discovery:discover_packages(path) discover
[0.398s] Level 1:colcon.colcon_core.package_discovery:discover_packages(path) using defaults
[0.436s] Level 1:colcon.colcon_core.package_discovery:discover_packages(prefix_path) check parameters
[0.436s] Level 1:colcon.colcon_core.package_discovery:discover_packages(prefix_path) discover
[0.445s] DEBUG:colcon.colcon_installed_package_information.package_discovery:Found 416 installed packages in /opt/ros/jazzy
[0.447s] Level 1:colcon.colcon_core.package_discovery:discover_packages(prefix_path) using defaults
[0.569s] Level 5:colcon.colcon_core.verb:set package 'cnn_regulator' build argument 'cmake_args' from command line to 'None'
[0.569s] Level 5:colcon.colcon_core.verb:set package 'cnn_regulator' build argument 'cmake_target' from command line to 'None'
[0.569s] Level 5:colcon.colcon_core.verb:set package 'cnn_regulator' build argument 'cmake_target_skip_unavailable' from command line to 'False'
[0.569s] Level 5:colcon.colcon_core.verb:set package 'cnn_regulator' build argument 'cmake_clean_cache' from command line to 'False'
[0.569s] Level 5:colcon.colcon_core.verb:set package 'cnn_regulator' build argument 'cmake_clean_first' from command line to 'False'
[0.569s] Level 5:colcon.colcon_core.verb:set package 'cnn_regulator' build argument 'cmake_force_configure' from command line to 'False'
[0.569s] Level 5:colcon.colcon_core.verb:set package 'cnn_regulator' build argument 'ament_cmake_args' from command line to 'None'
[0.569s] Level 5:colcon.colcon_core.verb:set package 'cnn_regulator' build argument 'catkin_cmake_args' from command line to 'None'
[0.570s] Level 5:colcon.colcon_core.verb:set package 'cnn_regulator' build argument 'catkin_skip_building_tests' from command line to 'False'
[0.570s] DEBUG:colcon.colcon_core.verb:Building package 'cnn_regulator' with the following arguments: {'ament_cmake_args': None, 'build_base': '/home/zidane/Desktop/project_cnn_regulation/build/cnn_regulator', 'catkin_cmake_args': None, 'catkin_skip_building_tests': False, 'cmake_args': None, 'cmake_clean_cache': False, 'cmake_clean_first': False, 'cmake_force_configure': False, 'cmake_target': None, 'cmake_target_skip_unavailable': False, 'install_base': '/home/zidane/Desktop/project_cnn_regulation/install/cnn_regulator', 'merge_install': False, 'path': '/home/zidane/Desktop/project_cnn_regulation/src/cnn_regulator', 'symlink_install': True, 'test_result_base': None}
[0.570s] Level 5:colcon.colcon_core.verb:set package 'mimo_process_description' build argument 'cmake_args' from command line to 'None'
[0.570s] Level 5:colcon.colcon_core.verb:set package 'mimo_process_description' build argument 'cmake_target' from command line to 'None'
[0.570s] Level 5:colcon.colcon_core.verb:set package 'mimo_process_description' build argument 'cmake_target_skip_unavailable' from command line to 'False'
[0.570s] Level 5:colcon.colcon_core.verb:set package 'mimo_process_description' build argument 'cmake_clean_cache' from command line to 'False'
[0.570s] Level 5:colcon.colcon_core.verb:set package 'mimo_process_description' build argument 'cmake_clean_first' from command line to 'False'
[0.570s] Level 5:colcon.colcon_core.verb:set package 'mimo_process_description' build argument 'cmake_force_configure' from command line to 'False'
[0.570s] Level 5:colcon.colcon_core.verb:set package 'mimo_process_description' build argument 'ament_cmake_args' from command line to 'None'
[0.570s] Level 5:colcon.colcon_core.verb:set package 'mimo_process_description' build argument 'catkin_cmake_args' from command line to 'None'
[0.570s] Level 5:colcon.colcon_core.verb:set package 'mimo_process_description' build argument 'catkin_skip_building_tests' from command line to 'False'
[0.571s] DEBUG:colcon.colcon_core.verb:Building package 'mimo_process_description' with the following arguments: {'ament_cmake_args': None, 'build_base': '/home/zidane/Desktop/project_cnn_regulation/build/mimo_process_description', 'catkin_cmake_args': None, 'catkin_skip_building_tests': False, 'cmake_args': None, 'cmake_clean_cache': False, 'cmake_clean_first': False, 'cmake_force_configure': False, 'cmake_target': None, 'cmake_target_skip_unavailable': False, 'install_base': '/home/zidane/Desktop/project_cnn_regulation/install/mimo_process_description', 'merge_install': False, 'path': '/home/zidane/Desktop/project_cnn_regulation/src/mimo_process_description', 'symlink_install': True, 'test_result_base': None}
[0.571s] Level 5:colcon.colcon_core.verb:set package 'mimo_process_gazebo' build argument 'cmake_args' from command line to 'None'
[0.571s] Level 5:colcon.colcon_core.verb:set package 'mimo_process_gazebo' build argument 'cmake_target' from command line to 'None'
[0.571s] Level 5:colcon.colcon_core.verb:set package 'mimo_process_gazebo' build argument 'cmake_target_skip_unavailable' from command line to 'False'
[0.571s] Level 5:colcon.colcon_core.verb:set package 'mimo_process_gazebo' build argument 'cmake_clean_cache' from command line to 'False'
[0.571s] Level 5:colcon.colcon_core.verb:set package 'mimo_process_gazebo' build argument 'cmake_clean_first' from command line to 'False'
[0.571s] Level 5:colcon.colcon_core.verb:set package 'mimo_process_gazebo' build argument 'cmake_force_configure' from command line to 'False'
[0.571s] Level 5:colcon.colcon_core.verb:set package 'mimo_process_gazebo' build argument 'ament_cmake_args' from command line to 'None'
[0.571s] Level 5:colcon.colcon_core.verb:set package 'mimo_process_gazebo' build argument 'catkin_cmake_args' from command line to 'None'
[0.571s] Level 5:colcon.colcon_core.verb:set package 'mimo_process_gazebo' build argument 'catkin_skip_building_tests' from command line to 'False'
[0.571s] DEBUG:colcon.colcon_core.verb:Building package 'mimo_process_gazebo' with the following arguments: {'ament_cmake_args': None, 'build_base': '/home/zidane/Desktop/project_cnn_regulation/build/mimo_process_gazebo', 'catkin_cmake_args': None, 'catkin_skip_building_tests': False, 'cmake_args': None, 'cmake_clean_cache': False, 'cmake_clean_first': False, 'cmake_force_configure': False, 'cmake_target': None, 'cmake_target_skip_unavailable': False, 'install_base': '/home/zidane/Desktop/project_cnn_regulation/install/mimo_process_gazebo', 'merge_install': False, 'path': '/home/zidane/Desktop/project_cnn_regulation/src/mimo_process_gazebo', 'symlink_install': True, 'test_result_base': None}
[0.572s] Level 5:colcon.colcon_core.verb:set package 'ur_description' build argument 'cmake_args' from command line to 'None'
[0.572s] Level 5:colcon.colcon_core.verb:set package 'ur_description' build argument 'cmake_target' from command line to 'None'
[0.572s] Level 5:colcon.colcon_core.verb:set package 'ur_description' build argument 'cmake_target_skip_unavailable' from command line to 'False'
[0.572s] Level 5:colcon.colcon_core.verb:set package 'ur_description' build argument 'cmake_clean_cache' from command line to 'False'
[0.572s] Level 5:colcon.colcon_core.verb:set package 'ur_description' build argument 'cmake_clean_first' from command line to 'False'
[0.572s] Level 5:colcon.colcon_core.verb:set package 'ur_description' build argument 'cmake_force_configure' from command line to 'False'
[0.572s] Level 5:colcon.colcon_core.verb:set package 'ur_description' build argument 'ament_cmake_args' from command line to 'None'
[0.572s] Level 5:colcon.colcon_core.verb:set package 'ur_description' build argument 'catkin_cmake_args' from command line to 'None'
[0.572s] Level 5:colcon.colcon_core.verb:set package 'ur_description' build argument 'catkin_skip_building_tests' from command line to 'False'
[0.572s] DEBUG:colcon.colcon_core.verb:Building package 'ur_description' with the following arguments: {'ament_cmake_args': None, 'build_base': '/home/zidane/Desktop/project_cnn_regulation/build/ur_description', 'catkin_cmake_args': None, 'catkin_skip_building_tests': False, 'cmake_args': None, 'cmake_clean_cache': False, 'cmake_clean_first': False, 'cmake_force_configure': False, 'cmake_target': None, 'cmake_target_skip_unavailable': False, 'install_base': '/home/zidane/Desktop/project_cnn_regulation/install/ur_description', 'merge_install': False, 'path': '/home/zidane/Desktop/project_cnn_regulation/src/Universal_Robots_ROS2_Description', 'symlink_install': True, 'test_result_base': None}
[0.572s] INFO:colcon.colcon_core.executor:Executing jobs using 'parallel' executor
[0.574s] DEBUG:colcon.colcon_parallel_executor.executor.parallel:run_until_complete
[0.575s] INFO:colcon.colcon_ros.task.ament_python.build:Building ROS package in '/home/zidane/Desktop/project_cnn_regulation/src/cnn_regulator' with build type 'ament_python'
[0.576s] Level 1:colcon.colcon_core.shell:create_environment_hook('cnn_regulator', 'ament_prefix_path')
[0.581s] INFO:colcon.colcon_core.plugin_system:Skipping extension 'colcon_core.shell.bat': Not used on non-Windows systems
[0.581s] INFO:colcon.colcon_core.shell:Creating environment hook '/home/zidane/Desktop/project_cnn_regulation/install/cnn_regulator/share/cnn_regulator/hook/ament_prefix_path.ps1'
[0.583s] INFO:colcon.colcon_core.shell:Creating environment descriptor '/home/zidane/Desktop/project_cnn_regulation/install/cnn_regulator/share/cnn_regulator/hook/ament_prefix_path.dsv'
[0.584s] INFO:colcon.colcon_core.shell:Creating environment hook '/home/zidane/Desktop/project_cnn_regulation/install/cnn_regulator/share/cnn_regulator/hook/ament_prefix_path.sh'
[0.586s] INFO:colcon.colcon_core.shell:Skip shell extension 'powershell' for command environment: Not usable outside of PowerShell
[0.586s] DEBUG:colcon.colcon_core.shell:Skip shell extension 'dsv' for command environment
[0.600s] INFO:colcon.colcon_ros.task.ament_cmake.build:Building ROS package in '/home/zidane/Desktop/project_cnn_regulation/src/mimo_process_description' with build type 'ament_cmake'
[0.600s] INFO:colcon.colcon_cmake.task.cmake.build:Building CMake package in '/home/zidane/Desktop/project_cnn_regulation/src/mimo_process_description'
[0.601s] INFO:colcon.colcon_core.shell:Skip shell extension 'powershell' for command environment: Not usable outside of PowerShell
[0.601s] DEBUG:colcon.colcon_core.shell:Skip shell extension 'dsv' for command environment
[0.612s] INFO:colcon.colcon_ros.task.ament_cmake.build:Building ROS package in '/home/zidane/Desktop/project_cnn_regulation/src/mimo_process_gazebo' with build type 'ament_cmake'
[0.612s] INFO:colcon.colcon_cmake.task.cmake.build:Building CMake package in '/home/zidane/Desktop/project_cnn_regulation/src/mimo_process_gazebo'
[0.613s] INFO:colcon.colcon_core.shell:Skip shell extension 'powershell' for command environment: Not usable outside of PowerShell
[0.613s] DEBUG:colcon.colcon_core.shell:Skip shell extension 'dsv' for command environment
[0.622s] INFO:colcon.colcon_ros.task.ament_cmake.build:Building ROS package in '/home/zidane/Desktop/project_cnn_regulation/src/Universal_Robots_ROS2_Description' with build type 'ament_cmake'
[0.623s] INFO:colcon.colcon_cmake.task.cmake.build:Building CMake package in '/home/zidane/Desktop/project_cnn_regulation/src/Universal_Robots_ROS2_Description'
[0.623s] INFO:colcon.colcon_core.shell:Skip shell extension 'powershell' for command environment: Not usable outside of PowerShell
[0.623s] DEBUG:colcon.colcon_core.shell:Skip shell extension 'dsv' for command environment
[1.112s] INFO:colcon.colcon_core.task.python.build:Building Python package in '/home/zidane/Desktop/project_cnn_regulation/src/cnn_regulator'
[1.113s] INFO:colcon.colcon_core.shell:Skip shell extension 'powershell' for command environment: Not usable outside of PowerShell
[1.113s] DEBUG:colcon.colcon_core.shell:Skip shell extension 'dsv' for command environment
[1.128s] DEBUG:colcon.colcon_core.event_handler.log_command:Invoking command in '/home/zidane/Desktop/project_cnn_regulation/build/mimo_process_description': CMAKE_PREFIX_PATH=${CMAKE_PREFIX_PATH}:/opt/ros/jazzy DEBUGINFOD_URLS=https://debuginfod.ubuntu.com /usr/bin/cmake /home/zidane/Desktop/project_cnn_regulation/src/mimo_process_description -DAMENT_CMAKE_SYMLINK_INSTALL=1 -DCMAKE_INSTALL_PREFIX=/home/zidane/Desktop/project_cnn_regulation/install/mimo_process_description
[1.133s] DEBUG:colcon.colcon_core.event_handler.log_command:Invoking command in '/home/zidane/Desktop/project_cnn_regulation/build/mimo_process_gazebo': CMAKE_PREFIX_PATH=${CMAKE_PREFIX_PATH}:/opt/ros/jazzy DEBUGINFOD_URLS=https://debuginfod.ubuntu.com /usr/bin/cmake /home/zidane/Desktop/project_cnn_regulation/src/mimo_process_gazebo -DAMENT_CMAKE_SYMLINK_INSTALL=1 -DCMAKE_INSTALL_PREFIX=/home/zidane/Desktop/project_cnn_regulation/install/mimo_process_gazebo
[1.143s] DEBUG:colcon.colcon_core.event_handler.log_command:Invoking command in '/home/zidane/Desktop/project_cnn_regulation/build/ur_description': CMAKE_PREFIX_PATH=${CMAKE_PREFIX_PATH}:/opt/ros/jazzy DEBUGINFOD_URLS=https://debuginfod.ubuntu.com /usr/bin/cmake /home/zidane/Desktop/project_cnn_regulation/src/Universal_Robots_ROS2_Description -DAMENT_CMAKE_SYMLINK_INSTALL=1 -DCMAKE_INSTALL_PREFIX=/home/zidane/Desktop/project_cnn_regulation/install/ur_description
[1.873s] DEBUG:colcon.colcon_core.event_handler.log_command:Invoked command in '/home/zidane/Desktop/project_cnn_regulation/build/mimo_process_gazebo' returned '0': CMAKE_PREFIX_PATH=${CMAKE_PREFIX_PATH}:/opt/ros/jazzy DEBUGINFOD_URLS=https://debuginfod.ubuntu.com /usr/bin/cmake /home/zidane/Desktop/project_cnn_regulation/src/mimo_process_gazebo -DAMENT_CMAKE_SYMLINK_INSTALL=1 -DCMAKE_INSTALL_PREFIX=/home/zidane/Desktop/project_cnn_regulation/install/mimo_process_gazebo
[1.876s] DEBUG:colcon.colcon_core.event_handler.log_command:Invoking command in '/home/zidane/Desktop/project_cnn_regulation/build/mimo_process_gazebo': CMAKE_PREFIX_PATH=${CMAKE_PREFIX_PATH}:/opt/ros/jazzy DEBUGINFOD_URLS=https://debuginfod.ubuntu.com /usr/bin/cmake --build /home/zidane/Desktop/project_cnn_regulation/build/mimo_process_gazebo -- -j16 -l16
[1.940s] DEBUG:colcon.colcon_core.event_handler.log_command:Invoked command in '/home/zidane/Desktop/project_cnn_regulation/build/mimo_process_description' returned '0': CMAKE_PREFIX_PATH=${CMAKE_PREFIX_PATH}:/opt/ros/jazzy DEBUGINFOD_URLS=https://debuginfod.ubuntu.com /usr/bin/cmake /home/zidane/Desktop/project_cnn_regulation/src/mimo_process_description -DAMENT_CMAKE_SYMLINK_INSTALL=1 -DCMAKE_INSTALL_PREFIX=/home/zidane/Desktop/project_cnn_regulation/install/mimo_process_description
[1.944s] DEBUG:colcon.colcon_core.event_handler.log_command:Invoking command in '/home/zidane/Desktop/project_cnn_regulation/build/mimo_process_description': CMAKE_PREFIX_PATH=${CMAKE_PREFIX_PATH}:/opt/ros/jazzy DEBUGINFOD_URLS=https://debuginfod.ubuntu.com /usr/bin/cmake --build /home/zidane/Desktop/project_cnn_regulation/build/mimo_process_description -- -j16 -l16
[1.994s] DEBUG:colcon.colcon_core.event_handler.log_command:Invoked command in '/home/zidane/Desktop/project_cnn_regulation/build/mimo_process_gazebo' returned '0': CMAKE_PREFIX_PATH=${CMAKE_PREFIX_PATH}:/opt/ros/jazzy DEBUGINFOD_URLS=https://debuginfod.ubuntu.com /usr/bin/cmake --build /home/zidane/Desktop/project_cnn_regulation/build/mimo_process_gazebo -- -j16 -l16
[2.031s] DEBUG:colcon.colcon_core.event_handler.log_command:Invoking command in '/home/zidane/Desktop/project_cnn_regulation/build/mimo_process_gazebo': CMAKE_PREFIX_PATH=${CMAKE_PREFIX_PATH}:/opt/ros/jazzy DEBUGINFOD_URLS=https://debuginfod.ubuntu.com /usr/bin/cmake --install /home/zidane/Desktop/project_cnn_regulation/build/mimo_process_gazebo
[2.047s] DEBUG:colcon.colcon_core.event_handler.log_command:Invoked command in '/home/zidane/Desktop/project_cnn_regulation/build/mimo_process_description' returned '0': CMAKE_PREFIX_PATH=${CMAKE_PREFIX_PATH}:/opt/ros/jazzy DEBUGINFOD_URLS=https://debuginfod.ubuntu.com /usr/bin/cmake --build /home/zidane/Desktop/project_cnn_regulation/build/mimo_process_description -- -j16 -l16
[2.048s] DEBUG:colcon.colcon_core.event_handler.log_command:Invoking command in '/home/zidane/Desktop/project_cnn_regulation/build/mimo_process_description': CMAKE_PREFIX_PATH=${CMAKE_PREFIX_PATH}:/opt/ros/jazzy DEBUGINFOD_URLS=https://debuginfod.ubuntu.com /usr/bin/cmake --install /home/zidane/Desktop/project_cnn_regulation/build/mimo_process_description
[2.098s] Level 1:colcon.colcon_core.environment:create_environment_scripts_only(mimo_process_gazebo)
[2.099s] DEBUG:colcon.colcon_core.event_handler.log_command:Invoked command in '/home/zidane/Desktop/project_cnn_regulation/build/mimo_process_gazebo' returned '0': CMAKE_PREFIX_PATH=${CMAKE_PREFIX_PATH}:/opt/ros/jazzy DEBUGINFOD_URLS=https://debuginfod.ubuntu.com /usr/bin/cmake --install /home/zidane/Desktop/project_cnn_regulation/build/mimo_process_gazebo
[2.103s] Level 1:colcon.colcon_core.environment:checking '/home/zidane/Desktop/project_cnn_regulation/install/mimo_process_gazebo' for CMake module files
[2.104s] Level 1:colcon.colcon_core.environment:checking '/home/zidane/Desktop/project_cnn_regulation/install/mimo_process_gazebo' for CMake config files
[2.105s] Level 1:colcon.colcon_core.shell:create_environment_hook('mimo_process_gazebo', 'cmake_prefix_path')
[2.105s] INFO:colcon.colcon_core.shell:Creating environment hook '/home/zidane/Desktop/project_cnn_regulation/install/mimo_process_gazebo/share/mimo_process_gazebo/hook/cmake_prefix_path.ps1'
[2.106s] INFO:colcon.colcon_core.shell:Creating environment descriptor '/home/zidane/Desktop/project_cnn_regulation/install/mimo_process_gazebo/share/mimo_process_gazebo/hook/cmake_prefix_path.dsv'
[2.107s] INFO:colcon.colcon_core.shell:Creating environment hook '/home/zidane/Desktop/project_cnn_regulation/install/mimo_process_gazebo/share/mimo_process_gazebo/hook/cmake_prefix_path.sh'
[2.108s] Level 1:colcon.colcon_core.environment:checking '/home/zidane/Desktop/project_cnn_regulation/install/mimo_process_gazebo/bin'
[2.109s] Level 1:colcon.colcon_core.environment:checking '/home/zidane/Desktop/project_cnn_regulation/install/mimo_process_gazebo/lib/pkgconfig/mimo_process_gazebo.pc'
[2.109s] Level 1:colcon.colcon_core.environment:checking '/home/zidane/Desktop/project_cnn_regulation/install/mimo_process_gazebo/lib/python3.12/site-packages'
[2.110s] Level 1:colcon.colcon_core.environment:checking '/home/zidane/Desktop/project_cnn_regulation/install/mimo_process_gazebo/bin'
[2.111s] INFO:colcon.colcon_core.shell:Creating package script '/home/zidane/Desktop/project_cnn_regulation/install/mimo_process_gazebo/share/mimo_process_gazebo/package.ps1'
[2.114s] INFO:colcon.colcon_core.shell:Creating package descriptor '/home/zidane/Desktop/project_cnn_regulation/install/mimo_process_gazebo/share/mimo_process_gazebo/package.dsv'
[2.115s] INFO:colcon.colcon_core.shell:Creating package script '/home/zidane/Desktop/project_cnn_regulation/install/mimo_process_gazebo/share/mimo_process_gazebo/package.sh'
[2.116s] INFO:colcon.colcon_core.shell:Creating package script '/home/zidane/Desktop/project_cnn_regulation/install/mimo_process_gazebo/share/mimo_process_gazebo/package.bash'
[2.117s] INFO:colcon.colcon_core.shell:Creating package script '/home/zidane/Desktop/project_cnn_regulation/install/mimo_process_gazebo/share/mimo_process_gazebo/package.zsh'
[2.118s] Level 1:colcon.colcon_core.environment:create_file_with_runtime_dependencies(/home/zidane/Desktop/project_cnn_regulation/install/mimo_process_gazebo/share/colcon-core/packages/mimo_process_gazebo)
[2.119s] Level 1:colcon.colcon_core.environment:create_environment_scripts_only(mimo_process_gazebo)
[2.119s] Level 1:colcon.colcon_core.environment:checking '/home/zidane/Desktop/project_cnn_regulation/install/mimo_process_gazebo' for CMake module files
[2.120s] Level 1:colcon.colcon_core.environment:checking '/home/zidane/Desktop/project_cnn_regulation/install/mimo_process_gazebo' for CMake config files
[2.121s] Level 1:colcon.colcon_core.shell:create_environment_hook('mimo_process_gazebo', 'cmake_prefix_path')
[2.121s] INFO:colcon.colcon_core.shell:Creating environment hook '/home/zidane/Desktop/project_cnn_regulation/install/mimo_process_gazebo/share/mimo_process_gazebo/hook/cmake_prefix_path.ps1'
[2.122s] INFO:colcon.colcon_core.shell:Creating environment descriptor '/home/zidane/Desktop/project_cnn_regulation/install/mimo_process_gazebo/share/mimo_process_gazebo/hook/cmake_prefix_path.dsv'
[2.123s] INFO:colcon.colcon_core.shell:Creating environment hook '/home/zidane/Desktop/project_cnn_regulation/install/mimo_process_gazebo/share/mimo_process_gazebo/hook/cmake_prefix_path.sh'
[2.124s] Level 1:colcon.colcon_core.environment:checking '/home/zidane/Desktop/project_cnn_regulation/install/mimo_process_gazebo/bin'
[2.124s] Level 1:colcon.colcon_core.environment:checking '/home/zidane/Desktop/project_cnn_regulation/install/mimo_process_gazebo/lib/pkgconfig/mimo_process_gazebo.pc'
[2.124s] Level 1:colcon.colcon_core.environment:checking '/home/zidane/Desktop/project_cnn_regulation/install/mimo_process_gazebo/lib/python3.12/site-packages'
[2.125s] Level 1:colcon.colcon_core.environment:checking '/home/zidane/Desktop/project_cnn_regulation/install/mimo_process_gazebo/bin'
[2.125s] INFO:colcon.colcon_core.shell:Creating package script '/home/zidane/Desktop/project_cnn_regulation/install/mimo_process_gazebo/share/mimo_process_gazebo/package.ps1'
[2.127s] INFO:colcon.colcon_core.shell:Creating package descriptor '/home/zidane/Desktop/project_cnn_regulation/install/mimo_process_gazebo/share/mimo_process_gazebo/package.dsv'
[2.128s] INFO:colcon.colcon_core.shell:Creating package script '/home/zidane/Desktop/project_cnn_regulation/install/mimo_process_gazebo/share/mimo_process_gazebo/package.sh'
[2.129s] INFO:colcon.colcon_core.shell:Creating package script '/home/zidane/Desktop/project_cnn_regulation/install/mimo_process_gazebo/share/mimo_process_gazebo/package.bash'
[2.130s] INFO:colcon.colcon_core.shell:Creating package script '/home/zidane/Desktop/project_cnn_regulation/install/mimo_process_gazebo/share/mimo_process_gazebo/package.zsh'
[2.131s] Level 1:colcon.colcon_core.environment:create_file_with_runtime_dependencies(/home/zidane/Desktop/project_cnn_regulation/install/mimo_process_gazebo/share/colcon-core/packages/mimo_process_gazebo)
[2.132s] Level 1:colcon.colcon_core.environment:create_environment_scripts_only(mimo_process_description)
[2.135s] Level 1:colcon.colcon_core.environment:checking '/home/zidane/Desktop/project_cnn_regulation/install/mimo_process_description' for CMake module files
[2.136s] Level 1:colcon.colcon_core.environment:checking '/home/zidane/Desktop/project_cnn_regulation/install/mimo_process_description' for CMake config files
[2.136s] Level 1:colcon.colcon_core.shell:create_environment_hook('mimo_process_description', 'cmake_prefix_path')
[2.134s] DEBUG:colcon.colcon_core.event_handler.log_command:Invoked command in '/home/zidane/Desktop/project_cnn_regulation/build/mimo_process_description' returned '0': CMAKE_PREFIX_PATH=${CMAKE_PREFIX_PATH}:/opt/ros/jazzy DEBUGINFOD_URLS=https://debuginfod.ubuntu.com /usr/bin/cmake --install /home/zidane/Desktop/project_cnn_regulation/build/mimo_process_description
[2.136s] INFO:colcon.colcon_core.shell:Creating environment hook '/home/zidane/Desktop/project_cnn_regulation/install/mimo_process_description/share/mimo_process_description/hook/cmake_prefix_path.ps1'
[2.137s] INFO:colcon.colcon_core.shell:Creating environment descriptor '/home/zidane/Desktop/project_cnn_regulation/install/mimo_process_description/share/mimo_process_description/hook/cmake_prefix_path.dsv'
[2.139s] INFO:colcon.colcon_core.shell:Creating environment hook '/home/zidane/Desktop/project_cnn_regulation/install/mimo_process_description/share/mimo_process_description/hook/cmake_prefix_path.sh'
[2.140s] Level 1:colcon.colcon_core.environment:checking '/home/zidane/Desktop/project_cnn_regulation/install/mimo_process_description/bin'
[2.141s] Level 1:colcon.colcon_core.environment:checking '/home/zidane/Desktop/project_cnn_regulation/install/mimo_process_description/lib/pkgconfig/mimo_process_description.pc'
[2.141s] Level 1:colcon.colcon_core.environment:checking '/home/zidane/Desktop/project_cnn_regulation/install/mimo_process_description/lib/python3.12/site-packages'
[2.142s] Level 1:colcon.colcon_core.environment:checking '/home/zidane/Desktop/project_cnn_regulation/install/mimo_process_description/bin'
[2.142s] INFO:colcon.colcon_core.shell:Creating package script '/home/zidane/Desktop/project_cnn_regulation/install/mimo_process_description/share/mimo_process_description/package.ps1'
[2.144s] INFO:colcon.colcon_core.shell:Creating package descriptor '/home/zidane/Desktop/project_cnn_regulation/install/mimo_process_description/share/mimo_process_description/package.dsv'
[2.144s] INFO:colcon.colcon_core.shell:Creating package script '/home/zidane/Desktop/project_cnn_regulation/install/mimo_process_description/share/mimo_process_description/package.sh'
[2.145s] INFO:colcon.colcon_core.shell:Creating package script '/home/zidane/Desktop/project_cnn_regulation/install/mimo_process_description/share/mimo_process_description/package.bash'
[2.146s] INFO:colcon.colcon_core.shell:Creating package script '/home/zidane/Desktop/project_cnn_regulation/install/mimo_process_description/share/mimo_process_description/package.zsh'
[2.147s] Level 1:colcon.colcon_core.environment:create_file_with_runtime_dependencies(/home/zidane/Desktop/project_cnn_regulation/install/mimo_process_description/share/colcon-core/packages/mimo_process_description)
[2.148s] Level 1:colcon.colcon_core.environment:create_environment_scripts_only(mimo_process_description)
[2.148s] Level 1:colcon.colcon_core.environment:checking '/home/zidane/Desktop/project_cnn_regulation/install/mimo_process_description' for CMake module files
[2.149s] Level 1:colcon.colcon_core.environment:checking '/home/zidane/Desktop/project_cnn_regulation/install/mimo_process_description' for CMake config files
[2.150s] Level 1:colcon.colcon_core.shell:create_environment_hook('mimo_process_description', 'cmake_prefix_path')
[2.150s] INFO:colcon.colcon_core.shell:Creating environment hook '/home/zidane/Desktop/project_cnn_regulation/install/mimo_process_description/share/mimo_process_description/hook/cmake_prefix_path.ps1'
[2.152s] INFO:colcon.colcon_core.shell:Creating environment descriptor '/home/zidane/Desktop/project_cnn_regulation/install/mimo_process_description/share/mimo_process_description/hook/cmake_prefix_path.dsv'
[2.153s] INFO:colcon.colcon_core.shell:Creating environment hook '/home/zidane/Desktop/project_cnn_regulation/install/mimo_process_description/share/mimo_process_description/hook/cmake_prefix_path.sh'
[2.154s] Level 1:colcon.colcon_core.environment:checking '/home/zidane/Desktop/project_cnn_regulation/install/mimo_process_description/bin'
[2.154s] Level 1:colcon.colcon_core.environment:checking '/home/zidane/Desktop/project_cnn_regulation/install/mimo_process_description/lib/pkgconfig/mimo_process_description.pc'
[2.155s] Level 1:colcon.colcon_core.environment:checking '/home/zidane/Desktop/project_cnn_regulation/install/mimo_process_description/lib/python3.12/site-packages'
[2.155s] Level 1:colcon.colcon_core.environment:checking '/home/zidane/Desktop/project_cnn_regulation/install/mimo_process_description/bin'
[2.155s] INFO:colcon.colcon_core.shell:Creating package script '/home/zidane/Desktop/project_cnn_regulation/install/mimo_process_description/share/mimo_process_description/package.ps1'
[2.157s] INFO:colcon.colcon_core.shell:Creating package descriptor '/home/zidane/Desktop/project_cnn_regulation/install/mimo_process_description/share/mimo_process_description/package.dsv'
[2.158s] INFO:colcon.colcon_core.shell:Creating package script '/home/zidane/Desktop/project_cnn_regulation/install/mimo_process_description/share/mimo_process_description/package.sh'
[2.158s] INFO:colcon.colcon_core.shell:Creating package script '/home/zidane/Desktop/project_cnn_regulation/install/mimo_process_description/share/mimo_process_description/package.bash'
[2.159s] INFO:colcon.colcon_core.shell:Creating package script '/home/zidane/Desktop/project_cnn_regulation/install/mimo_process_description/share/mimo_process_description/package.zsh'
[2.159s] Level 1:colcon.colcon_core.environment:create_file_with_runtime_dependencies(/home/zidane/Desktop/project_cnn_regulation/install/mimo_process_description/share/colcon-core/packages/mimo_process_description)
[2.545s] DEBUG:colcon.colcon_core.task.python.build:While undoing a previous installation files outside the Python library path are being ignored: /home/zidane/Desktop/project_cnn_regulation/install/cnn_regulator/share/ament_index/resource_index/packages/cnn_regulator
[2.545s] DEBUG:colcon.colcon_core.task.python.build:While undoing a previous installation files outside the Python library path are being ignored: /home/zidane/Desktop/project_cnn_regulation/install/cnn_regulator/share/cnn_regulator/package.xml
[2.545s] DEBUG:colcon.colcon_core.task.python.build:While undoing a previous installation files outside the Python library path are being ignored: /home/zidane/Desktop/project_cnn_regulation/install/cnn_regulator/lib/cnn_regulator/data_collector
[2.546s] DEBUG:colcon.colcon_core.task.python.build:While undoing a previous installation files outside the Python library path are being ignored: /home/zidane/Desktop/project_cnn_regulation/install/cnn_regulator/lib/cnn_regulator/ros_controller
[2.546s] DEBUG:colcon.colcon_core.task.python.build:While undoing a previous installation files outside the Python library path are being ignored: /home/zidane/Desktop/project_cnn_regulation/install/cnn_regulator/lib/cnn_regulator/target_gui
[2.546s] DEBUG:colcon.colcon_core.task.python.build:While undoing a previous installation files outside the Python library path are being ignored: /home/zidane/Desktop/project_cnn_regulation/install/cnn_regulator/lib/cnn_regulator/target_ui
[2.552s] DEBUG:colcon.colcon_core.event_handler.log_command:Invoking command in '/home/zidane/Desktop/project_cnn_regulation/build/cnn_regulator': DEBUGINFOD_URLS=https://debuginfod.ubuntu.com PYTHONPATH=/home/zidane/Desktop/project_cnn_regulation/build/cnn_regulator/prefix_override:/usr/lib/python3/dist-packages/colcon_core/task/python/colcon_distutils_commands:/home/zidane/Desktop/project_cnn_regulation/install/cnn_regulator/lib/python3.12/site-packages:${PYTHONPATH} /usr/bin/python3 -W ignore:setup.py install is deprecated -W ignore:easy_install command is deprecated setup.py develop --editable --build-directory /home/zidane/Desktop/project_cnn_regulation/build/cnn_regulator/build --no-deps symlink_data --force
[3.768s] DEBUG:colcon.colcon_core.event_handler.log_command:Invoked command in '/home/zidane/Desktop/project_cnn_regulation/build/ur_description' returned '0': CMAKE_PREFIX_PATH=${CMAKE_PREFIX_PATH}:/opt/ros/jazzy DEBUGINFOD_URLS=https://debuginfod.ubuntu.com /usr/bin/cmake /home/zidane/Desktop/project_cnn_regulation/src/Universal_Robots_ROS2_Description -DAMENT_CMAKE_SYMLINK_INSTALL=1 -DCMAKE_INSTALL_PREFIX=/home/zidane/Desktop/project_cnn_regulation/install/ur_description
[3.769s] DEBUG:colcon.colcon_core.event_handler.log_command:Invoking command in '/home/zidane/Desktop/project_cnn_regulation/build/ur_description': CMAKE_PREFIX_PATH=${CMAKE_PREFIX_PATH}:/opt/ros/jazzy DEBUGINFOD_URLS=https://debuginfod.ubuntu.com /usr/bin/cmake --build /home/zidane/Desktop/project_cnn_regulation/build/ur_description -- -j16 -l16
[3.780s] Level 1:colcon.colcon_core.shell:create_environment_hook('cnn_regulator', 'pythonpath_develop')
[3.781s] INFO:colcon.colcon_core.shell:Creating environment hook '/home/zidane/Desktop/project_cnn_regulation/build/cnn_regulator/share/cnn_regulator/hook/pythonpath_develop.ps1'
[3.782s] INFO:colcon.colcon_core.shell:Creating environment descriptor '/home/zidane/Desktop/project_cnn_regulation/build/cnn_regulator/share/cnn_regulator/hook/pythonpath_develop.dsv'
[3.780s] DEBUG:colcon.colcon_core.event_handler.log_command:Invoked command in '/home/zidane/Desktop/project_cnn_regulation/build/cnn_regulator' returned '0': DEBUGINFOD_URLS=https://debuginfod.ubuntu.com PYTHONPATH=/home/zidane/Desktop/project_cnn_regulation/build/cnn_regulator/prefix_override:/usr/lib/python3/dist-packages/colcon_core/task/python/colcon_distutils_commands:/home/zidane/Desktop/project_cnn_regulation/install/cnn_regulator/lib/python3.12/site-packages:${PYTHONPATH} /usr/bin/python3 -W ignore:setup.py install is deprecated -W ignore:easy_install command is deprecated setup.py develop --editable --build-directory /home/zidane/Desktop/project_cnn_regulation/build/cnn_regulator/build --no-deps symlink_data --force
[3.783s] INFO:colcon.colcon_core.shell:Creating environment hook '/home/zidane/Desktop/project_cnn_regulation/build/cnn_regulator/share/cnn_regulator/hook/pythonpath_develop.sh'
[3.784s] Level 1:colcon.colcon_core.environment:checking '/home/zidane/Desktop/project_cnn_regulation/install/cnn_regulator' for CMake module files
[3.785s] Level 1:colcon.colcon_core.environment:checking '/home/zidane/Desktop/project_cnn_regulation/install/cnn_regulator' for CMake config files
[3.786s] Level 1:colcon.colcon_core.environment:checking '/home/zidane/Desktop/project_cnn_regulation/install/cnn_regulator/lib'
[3.786s] Level 1:colcon.colcon_core.environment:checking '/home/zidane/Desktop/project_cnn_regulation/install/cnn_regulator/bin'
[3.787s] Level 1:colcon.colcon_core.environment:checking '/home/zidane/Desktop/project_cnn_regulation/install/cnn_regulator/lib/pkgconfig/cnn_regulator.pc'
[3.787s] Level 1:colcon.colcon_core.environment:checking '/home/zidane/Desktop/project_cnn_regulation/install/cnn_regulator/lib/python3.12/site-packages'
[3.788s] Level 1:colcon.colcon_core.shell:create_environment_hook('cnn_regulator', 'pythonpath')
[3.788s] INFO:colcon.colcon_core.shell:Creating environment hook '/home/zidane/Desktop/project_cnn_regulation/install/cnn_regulator/share/cnn_regulator/hook/pythonpath.ps1'
[3.790s] INFO:colcon.colcon_core.shell:Creating environment descriptor '/home/zidane/Desktop/project_cnn_regulation/install/cnn_regulator/share/cnn_regulator/hook/pythonpath.dsv'
[3.791s] INFO:colcon.colcon_core.shell:Creating environment hook '/home/zidane/Desktop/project_cnn_regulation/install/cnn_regulator/share/cnn_regulator/hook/pythonpath.sh'
[3.792s] Level 1:colcon.colcon_core.environment:checking '/home/zidane/Desktop/project_cnn_regulation/install/cnn_regulator/bin'
[3.792s] Level 1:colcon.colcon_core.environment:create_environment_scripts_only(cnn_regulator)
[3.793s] INFO:colcon.colcon_core.shell:Creating package script '/home/zidane/Desktop/project_cnn_regulation/install/cnn_regulator/share/cnn_regulator/package.ps1'
[3.794s] INFO:colcon.colcon_core.shell:Creating package descriptor '/home/zidane/Desktop/project_cnn_regulation/install/cnn_regulator/share/cnn_regulator/package.dsv'
[3.795s] INFO:colcon.colcon_core.shell:Creating package script '/home/zidane/Desktop/project_cnn_regulation/install/cnn_regulator/share/cnn_regulator/package.sh'
[3.796s] INFO:colcon.colcon_core.shell:Creating package script '/home/zidane/Desktop/project_cnn_regulation/install/cnn_regulator/share/cnn_regulator/package.bash'
[3.797s] INFO:colcon.colcon_core.shell:Creating package script '/home/zidane/Desktop/project_cnn_regulation/install/cnn_regulator/share/cnn_regulator/package.zsh'
[3.797s] Level 1:colcon.colcon_core.environment:create_file_with_runtime_dependencies(/home/zidane/Desktop/project_cnn_regulation/install/cnn_regulator/share/colcon-core/packages/cnn_regulator)
[3.851s] DEBUG:colcon.colcon_core.event_handler.log_command:Invoked command in '/home/zidane/Desktop/project_cnn_regulation/build/ur_description' returned '0': CMAKE_PREFIX_PATH=${CMAKE_PREFIX_PATH}:/opt/ros/jazzy DEBUGINFOD_URLS=https://debuginfod.ubuntu.com /usr/bin/cmake --build /home/zidane/Desktop/project_cnn_regulation/build/ur_description -- -j16 -l16
[3.852s] DEBUG:colcon.colcon_core.event_handler.log_command:Invoking command in '/home/zidane/Desktop/project_cnn_regulation/build/ur_description': CMAKE_PREFIX_PATH=${CMAKE_PREFIX_PATH}:/opt/ros/jazzy DEBUGINFOD_URLS=https://debuginfod.ubuntu.com /usr/bin/cmake --install /home/zidane/Desktop/project_cnn_regulation/build/ur_description
[3.948s] Level 1:colcon.colcon_core.environment:create_environment_scripts_only(ur_description)
[3.949s] Level 1:colcon.colcon_core.environment:checking '/home/zidane/Desktop/project_cnn_regulation/install/ur_description' for CMake module files
[3.950s] Level 1:colcon.colcon_core.environment:checking '/home/zidane/Desktop/project_cnn_regulation/install/ur_description' for CMake config files
[3.952s] DEBUG:colcon.colcon_core.event_handler.log_command:Invoked command in '/home/zidane/Desktop/project_cnn_regulation/build/ur_description' returned '0': CMAKE_PREFIX_PATH=${CMAKE_PREFIX_PATH}:/opt/ros/jazzy DEBUGINFOD_URLS=https://debuginfod.ubuntu.com /usr/bin/cmake --install /home/zidane/Desktop/project_cnn_regulation/build/ur_description
[3.957s] Level 1:colcon.colcon_core.shell:create_environment_hook('ur_description', 'cmake_prefix_path')
[3.958s] INFO:colcon.colcon_core.shell:Creating environment hook '/home/zidane/Desktop/project_cnn_regulation/install/ur_description/share/ur_description/hook/cmake_prefix_path.ps1'
[3.959s] INFO:colcon.colcon_core.shell:Creating environment descriptor '/home/zidane/Desktop/project_cnn_regulation/install/ur_description/share/ur_description/hook/cmake_prefix_path.dsv'
[3.960s] INFO:colcon.colcon_core.shell:Creating environment hook '/home/zidane/Desktop/project_cnn_regulation/install/ur_description/share/ur_description/hook/cmake_prefix_path.sh'
[3.962s] Level 1:colcon.colcon_core.environment:checking '/home/zidane/Desktop/project_cnn_regulation/install/ur_description/bin'
[3.962s] Level 1:colcon.colcon_core.environment:checking '/home/zidane/Desktop/project_cnn_regulation/install/ur_description/lib/pkgconfig/ur_description.pc'
[3.963s] Level 1:colcon.colcon_core.environment:checking '/home/zidane/Desktop/project_cnn_regulation/install/ur_description/lib/python3.12/site-packages'
[3.964s] Level 1:colcon.colcon_core.environment:checking '/home/zidane/Desktop/project_cnn_regulation/install/ur_description/bin'
[3.964s] INFO:colcon.colcon_core.shell:Creating package script '/home/zidane/Desktop/project_cnn_regulation/install/ur_description/share/ur_description/package.ps1'
[3.966s] INFO:colcon.colcon_core.shell:Creating package descriptor '/home/zidane/Desktop/project_cnn_regulation/install/ur_description/share/ur_description/package.dsv'
[3.967s] INFO:colcon.colcon_core.shell:Creating package script '/home/zidane/Desktop/project_cnn_regulation/install/ur_description/share/ur_description/package.sh'
[3.968s] INFO:colcon.colcon_core.shell:Creating package script '/home/zidane/Desktop/project_cnn_regulation/install/ur_description/share/ur_description/package.bash'
[3.969s] INFO:colcon.colcon_core.shell:Creating package script '/home/zidane/Desktop/project_cnn_regulation/install/ur_description/share/ur_description/package.zsh'
[3.969s] Level 1:colcon.colcon_core.environment:create_file_with_runtime_dependencies(/home/zidane/Desktop/project_cnn_regulation/install/ur_description/share/colcon-core/packages/ur_description)
[3.971s] Level 1:colcon.colcon_core.environment:create_environment_scripts_only(ur_description)
[3.971s] Level 1:colcon.colcon_core.environment:checking '/home/zidane/Desktop/project_cnn_regulation/install/ur_description' for CMake module files
[3.973s] Level 1:colcon.colcon_core.environment:checking '/home/zidane/Desktop/project_cnn_regulation/install/ur_description' for CMake config files
[3.978s] Level 1:colcon.colcon_core.shell:create_environment_hook('ur_description', 'cmake_prefix_path')
[3.979s] INFO:colcon.colcon_core.shell:Creating environment hook '/home/zidane/Desktop/project_cnn_regulation/install/ur_description/share/ur_description/hook/cmake_prefix_path.ps1'
[3.980s] INFO:colcon.colcon_core.shell:Creating environment descriptor '/home/zidane/Desktop/project_cnn_regulation/install/ur_description/share/ur_description/hook/cmake_prefix_path.dsv'
[3.981s] INFO:colcon.colcon_core.shell:Creating environment hook '/home/zidane/Desktop/project_cnn_regulation/install/ur_description/share/ur_description/hook/cmake_prefix_path.sh'
[3.982s] Level 1:colcon.colcon_core.environment:checking '/home/zidane/Desktop/project_cnn_regulation/install/ur_description/bin'
[3.982s] Level 1:colcon.colcon_core.environment:checking '/home/zidane/Desktop/project_cnn_regulation/install/ur_description/lib/pkgconfig/ur_description.pc'
[3.983s] Level 1:colcon.colcon_core.environment:checking '/home/zidane/Desktop/project_cnn_regulation/install/ur_description/lib/python3.12/site-packages'
[3.984s] Level 1:colcon.colcon_core.environment:checking '/home/zidane/Desktop/project_cnn_regulation/install/ur_description/bin'
[3.984s] INFO:colcon.colcon_core.shell:Creating package script '/home/zidane/Desktop/project_cnn_regulation/install/ur_description/share/ur_description/package.ps1'
[3.986s] INFO:colcon.colcon_core.shell:Creating package descriptor '/home/zidane/Desktop/project_cnn_regulation/install/ur_description/share/ur_description/package.dsv'
[3.988s] INFO:colcon.colcon_core.shell:Creating package script '/home/zidane/Desktop/project_cnn_regulation/install/ur_description/share/ur_description/package.sh'
[3.988s] INFO:colcon.colcon_core.shell:Creating package script '/home/zidane/Desktop/project_cnn_regulation/install/ur_description/share/ur_description/package.bash'
[3.989s] INFO:colcon.colcon_core.shell:Creating package script '/home/zidane/Desktop/project_cnn_regulation/install/ur_description/share/ur_description/package.zsh'
[3.990s] Level 1:colcon.colcon_core.environment:create_file_with_runtime_dependencies(/home/zidane/Desktop/project_cnn_regulation/install/ur_description/share/colcon-core/packages/ur_description)
[3.991s] DEBUG:colcon.colcon_parallel_executor.executor.parallel:closing loop
[3.992s] DEBUG:colcon.colcon_parallel_executor.executor.parallel:loop closed
[3.992s] DEBUG:colcon.colcon_parallel_executor.executor.parallel:run_until_complete finished with '0'
[3.992s] DEBUG:colcon.colcon_core.event_reactor:joining thread
[4.001s] INFO:colcon.colcon_core.plugin_system:Skipping extension 'colcon_notification.desktop_notification.terminal_notifier': Not used on non-Darwin systems
[4.001s] INFO:colcon.colcon_core.plugin_system:Skipping extension 'colcon_notification.desktop_notification.win32': Not used on non-Windows systems
[4.001s] INFO:colcon.colcon_notification.desktop_notification:Sending desktop notification using 'notify2'
[4.036s] DEBUG:colcon.colcon_core.event_reactor:joined thread
[4.037s] INFO:colcon.colcon_core.shell:Creating prefix script '/home/zidane/Desktop/project_cnn_regulation/install/local_setup.ps1'
[4.040s] INFO:colcon.colcon_core.shell:Creating prefix util module '/home/zidane/Desktop/project_cnn_regulation/install/_local_setup_util_ps1.py'
[4.042s] INFO:colcon.colcon_core.shell:Creating prefix chain script '/home/zidane/Desktop/project_cnn_regulation/install/setup.ps1'
[4.043s] INFO:colcon.colcon_core.shell:Creating prefix script '/home/zidane/Desktop/project_cnn_regulation/install/local_setup.sh'
[4.044s] INFO:colcon.colcon_core.shell:Creating prefix util module '/home/zidane/Desktop/project_cnn_regulation/install/_local_setup_util_sh.py'
[4.045s] INFO:colcon.colcon_core.shell:Creating prefix chain script '/home/zidane/Desktop/project_cnn_regulation/install/setup.sh'
[4.046s] INFO:colcon.colcon_core.shell:Creating prefix script '/home/zidane/Desktop/project_cnn_regulation/install/local_setup.bash'
[4.046s] INFO:colcon.colcon_core.shell:Creating prefix chain script '/home/zidane/Desktop/project_cnn_regulation/install/setup.bash'
[4.048s] INFO:colcon.colcon_core.shell:Creating prefix script '/home/zidane/Desktop/project_cnn_regulation/install/local_setup.zsh'
[4.048s] INFO:colcon.colcon_core.shell:Creating prefix chain script '/home/zidane/Desktop/project_cnn_regulation/install/setup.zsh'
