[0.055s] DEBUG:colcon:Command line arguments: ['/usr/bin/colcon', 'build', '--symlink-install']
[0.055s] DEBUG:colcon:Parsed command line arguments: Namespace(log_base=None, log_level=None, verb_name='build', build_base='build', install_base='install', merge_install=False, symlink_install=True, test_result_base=None, continue_on_error=False, executor='parallel', parallel_workers=16, event_handlers=None, ignore_user_meta=False, metas=['./colcon.meta'], base_paths=['.'], packages_ignore=None, packages_ignore_regex=None, paths=None, packages_up_to=None, packages_up_to_regex=None, packages_above=None, packages_above_and_dependencies=None, packages_above_depth=None, packages_select_by_dep=None, packages_skip_by_dep=None, packages_skip_up_to=None, packages_select_build_failed=False, packages_skip_build_finished=False, packages_select_test_failures=False, packages_skip_test_passed=False, packages_select=None, packages_skip=None, packages_select_regex=None, packages_skip_regex=None, packages_start=None, packages_end=None, allow_overriding=[], cmake_args=None, cmake_target=None, cmake_target_skip_unavailable=False, cmake_clean_cache=False, cmake_clean_first=False, cmake_force_configure=False, ament_cmake_args=None, catkin_cmake_args=None, catkin_skip_building_tests=False, verb_parser=<colcon_defaults.argument_parser.defaults.DefaultArgumentsDecorator object at 0x762b2424bbf0>, verb_extension=<colcon_core.verb.build.BuildVerb object at 0x762b2424ba10>, main=<bound method BuildVerb.main of <colcon_core.verb.build.BuildVerb object at 0x762b2424ba10>>)
[0.075s] Level 1:colcon.colcon_core.package_discovery:discover_packages(colcon_meta) check parameters
[0.075s] Level 1:colcon.colcon_core.package_discovery:discover_packages(recursive) check parameters
[0.075s] Level 1:colcon.colcon_core.package_discovery:discover_packages(ignore) check parameters
[0.075s] Level 1:colcon.colcon_core.package_discovery:discover_packages(path) check parameters
[0.075s] Level 1:colcon.colcon_core.package_discovery:discover_packages(colcon_meta) discover
[0.076s] Level 1:colcon.colcon_core.package_discovery:discover_packages(recursive) discover
[0.076s] INFO:colcon.colcon_core.package_discovery:Crawling recursively for packages in '/home/zidane/Desktop/project_cnn_regulation'
[0.076s] Level 1:colcon.colcon_core.package_identification:_identify(.) by extensions ['ignore', 'ignore_ament_install']
[0.076s] Level 1:colcon.colcon_core.package_identification:_identify(.) by extension 'ignore'
[0.076s] Level 1:colcon.colcon_core.package_identification:_identify(.) by extension 'ignore_ament_install'
[0.076s] Level 1:colcon.colcon_core.package_identification:_identify(.) by extensions ['colcon_pkg']
[0.076s] Level 1:colcon.colcon_core.package_identification:_identify(.) by extension 'colcon_pkg'
[0.076s] Level 1:colcon.colcon_core.package_identification:_identify(.) by extensions ['colcon_meta']
[0.076s] Level 1:colcon.colcon_core.package_identification:_identify(.) by extension 'colcon_meta'
[0.076s] Level 1:colcon.colcon_core.package_identification:_identify(.) by extensions ['ros']
[0.076s] Level 1:colcon.colcon_core.package_identification:_identify(.) by extension 'ros'
[0.090s] Level 1:colcon.colcon_core.package_identification:_identify(.) by extensions ['cmake', 'python']
[0.090s] Level 1:colcon.colcon_core.package_identification:_identify(.) by extension 'cmake'
[0.090s] Level 1:colcon.colcon_core.package_identification:_identify(.) by extension 'python'
[0.090s] Level 1:colcon.colcon_core.package_identification:_identify(.) by extensions ['python_setup_py']
[0.090s] Level 1:colcon.colcon_core.package_identification:_identify(.) by extension 'python_setup_py'
[0.090s] Level 1:colcon.colcon_core.package_identification:_identify(build) by extensions ['ignore', 'ignore_ament_install']
[0.090s] Level 1:colcon.colcon_core.package_identification:_identify(build) by extension 'ignore'
[0.090s] Level 1:colcon.colcon_core.package_identification:_identify(build) ignored
[0.090s] Level 1:colcon.colcon_core.package_identification:_identify(install) by extensions ['ignore', 'ignore_ament_install']
[0.090s] Level 1:colcon.colcon_core.package_identification:_identify(install) by extension 'ignore'
[0.090s] Level 1:colcon.colcon_core.package_identification:_identify(install) ignored
[0.090s] Level 1:colcon.colcon_core.package_identification:_identify(log) by extensions ['ignore', 'ignore_ament_install']
[0.090s] Level 1:colcon.colcon_core.package_identification:_identify(log) by extension 'ignore'
[0.090s] Level 1:colcon.colcon_core.package_identification:_identify(log) ignored
[0.091s] Level 1:colcon.colcon_core.package_identification:_identify(src) by extensions ['ignore', 'ignore_ament_install']
[0.091s] Level 1:colcon.colcon_core.package_identification:_identify(src) by extension 'ignore'
[0.091s] Level 1:colcon.colcon_core.package_identification:_identify(src) by extension 'ignore_ament_install'
[0.091s] Level 1:colcon.colcon_core.package_identification:_identify(src) by extensions ['colcon_pkg']
[0.091s] Level 1:colcon.colcon_core.package_identification:_identify(src) by extension 'colcon_pkg'
[0.091s] Level 1:colcon.colcon_core.package_identification:_identify(src) by extensions ['colcon_meta']
[0.091s] Level 1:colcon.colcon_core.package_identification:_identify(src) by extension 'colcon_meta'
[0.091s] Level 1:colcon.colcon_core.package_identification:_identify(src) by extensions ['ros']
[0.091s] Level 1:colcon.colcon_core.package_identification:_identify(src) by extension 'ros'
[0.091s] Level 1:colcon.colcon_core.package_identification:_identify(src) by extensions ['cmake', 'python']
[0.091s] Level 1:colcon.colcon_core.package_identification:_identify(src) by extension 'cmake'
[0.091s] Level 1:colcon.colcon_core.package_identification:_identify(src) by extension 'python'
[0.091s] Level 1:colcon.colcon_core.package_identification:_identify(src) by extensions ['python_setup_py']
[0.091s] Level 1:colcon.colcon_core.package_identification:_identify(src) by extension 'python_setup_py'
[0.091s] Level 1:colcon.colcon_core.package_identification:_identify(src/Universal_Robots_ROS2_Description) by extensions ['ignore', 'ignore_ament_install']
[0.091s] Level 1:colcon.colcon_core.package_identification:_identify(src/Universal_Robots_ROS2_Description) by extension 'ignore'
[0.091s] Level 1:colcon.colcon_core.package_identification:_identify(src/Universal_Robots_ROS2_Description) by extension 'ignore_ament_install'
[0.091s] Level 1:colcon.colcon_core.package_identification:_identify(src/Universal_Robots_ROS2_Description) by extensions ['colcon_pkg']
[0.091s] Level 1:colcon.colcon_core.package_identification:_identify(src/Universal_Robots_ROS2_Description) by extension 'colcon_pkg'
[0.091s] Level 1:colcon.colcon_core.package_identification:_identify(src/Universal_Robots_ROS2_Description) by extensions ['colcon_meta']
[0.091s] Level 1:colcon.colcon_core.package_identification:_identify(src/Universal_Robots_ROS2_Description) by extension 'colcon_meta'
[0.091s] Level 1:colcon.colcon_core.package_identification:_identify(src/Universal_Robots_ROS2_Description) by extensions ['ros']
[0.091s] Level 1:colcon.colcon_core.package_identification:_identify(src/Universal_Robots_ROS2_Description) by extension 'ros'
[0.093s] DEBUG:colcon.colcon_core.package_identification:Package 'src/Universal_Robots_ROS2_Description' with type 'ros.ament_cmake' and name 'ur_description'
[0.093s] Level 1:colcon.colcon_core.package_identification:_identify(src/cnn_regulator) by extensions ['ignore', 'ignore_ament_install']
[0.093s] Level 1:colcon.colcon_core.package_identification:_identify(src/cnn_regulator) by extension 'ignore'
[0.093s] Level 1:colcon.colcon_core.package_identification:_identify(src/cnn_regulator) by extension 'ignore_ament_install'
[0.093s] Level 1:colcon.colcon_core.package_identification:_identify(src/cnn_regulator) by extensions ['colcon_pkg']
[0.093s] Level 1:colcon.colcon_core.package_identification:_identify(src/cnn_regulator) by extension 'colcon_pkg'
[0.093s] Level 1:colcon.colcon_core.package_identification:_identify(src/cnn_regulator) by extensions ['colcon_meta']
[0.093s] Level 1:colcon.colcon_core.package_identification:_identify(src/cnn_regulator) by extension 'colcon_meta'
[0.093s] Level 1:colcon.colcon_core.package_identification:_identify(src/cnn_regulator) by extensions ['ros']
[0.093s] Level 1:colcon.colcon_core.package_identification:_identify(src/cnn_regulator) by extension 'ros'
[0.093s] DEBUG:colcon.colcon_core.package_identification:Package 'src/cnn_regulator' with type 'ros.ament_python' and name 'cnn_regulator'
[0.094s] Level 1:colcon.colcon_core.package_identification:_identify(src/mimo_process_description) by extensions ['ignore', 'ignore_ament_install']
[0.094s] Level 1:colcon.colcon_core.package_identification:_identify(src/mimo_process_description) by extension 'ignore'
[0.094s] Level 1:colcon.colcon_core.package_identification:_identify(src/mimo_process_description) by extension 'ignore_ament_install'
[0.094s] Level 1:colcon.colcon_core.package_identification:_identify(src/mimo_process_description) by extensions ['colcon_pkg']
[0.094s] Level 1:colcon.colcon_core.package_identification:_identify(src/mimo_process_description) by extension 'colcon_pkg'
[0.094s] Level 1:colcon.colcon_core.package_identification:_identify(src/mimo_process_description) by extensions ['colcon_meta']
[0.094s] Level 1:colcon.colcon_core.package_identification:_identify(src/mimo_process_description) by extension 'colcon_meta'
[0.094s] Level 1:colcon.colcon_core.package_identification:_identify(src/mimo_process_description) by extensions ['ros']
[0.094s] Level 1:colcon.colcon_core.package_identification:_identify(src/mimo_process_description) by extension 'ros'
[0.094s] DEBUG:colcon.colcon_core.package_identification:Package 'src/mimo_process_description' with type 'ros.ament_cmake' and name 'mimo_process_description'
[0.094s] Level 1:colcon.colcon_core.package_identification:_identify(src/mimo_process_gazebo) by extensions ['ignore', 'ignore_ament_install']
[0.094s] Level 1:colcon.colcon_core.package_identification:_identify(src/mimo_process_gazebo) by extension 'ignore'
[0.094s] Level 1:colcon.colcon_core.package_identification:_identify(src/mimo_process_gazebo) by extension 'ignore_ament_install'
[0.094s] Level 1:colcon.colcon_core.package_identification:_identify(src/mimo_process_gazebo) by extensions ['colcon_pkg']
[0.094s] Level 1:colcon.colcon_core.package_identification:_identify(src/mimo_process_gazebo) by extension 'colcon_pkg'
[0.094s] Level 1:colcon.colcon_core.package_identification:_identify(src/mimo_process_gazebo) by extensions ['colcon_meta']
[0.094s] Level 1:colcon.colcon_core.package_identification:_identify(src/mimo_process_gazebo) by extension 'colcon_meta'
[0.094s] Level 1:colcon.colcon_core.package_identification:_identify(src/mimo_process_gazebo) by extensions ['ros']
[0.094s] Level 1:colcon.colcon_core.package_identification:_identify(src/mimo_process_gazebo) by extension 'ros'
[0.094s] DEBUG:colcon.colcon_core.package_identification:Package 'src/mimo_process_gazebo' with type 'ros.ament_cmake' and name 'mimo_process_gazebo'
[0.094s] Level 1:colcon.colcon_core.package_discovery:discover_packages(recursive) using defaults
[0.094s] Level 1:colcon.colcon_core.package_discovery:discover_packages(ignore) discover
[0.094s] Level 1:colcon.colcon_core.package_discovery:discover_packages(ignore) using defaults
[0.094s] Level 1:colcon.colcon_core.package_discovery:discover_packages(path) discover
[0.094s] Level 1:colcon.colcon_core.package_discovery:discover_packages(path) using defaults
[0.104s] Level 1:colcon.colcon_core.package_discovery:discover_packages(prefix_path) check parameters
[0.104s] Level 1:colcon.colcon_core.package_discovery:discover_packages(prefix_path) discover
[0.105s] DEBUG:colcon.colcon_installed_package_information.package_discovery:Found 4 installed packages in /home/zidane/Desktop/project_cnn_regulation/install
[0.106s] DEBUG:colcon.colcon_installed_package_information.package_discovery:Found 416 installed packages in /opt/ros/jazzy
[0.107s] Level 1:colcon.colcon_core.package_discovery:discover_packages(prefix_path) using defaults
[0.132s] Level 5:colcon.colcon_core.verb:set package 'cnn_regulator' build argument 'cmake_args' from command line to 'None'
[0.132s] Level 5:colcon.colcon_core.verb:set package 'cnn_regulator' build argument 'cmake_target' from command line to 'None'
[0.132s] Level 5:colcon.colcon_core.verb:set package 'cnn_regulator' build argument 'cmake_target_skip_unavailable' from command line to 'False'
[0.132s] Level 5:colcon.colcon_core.verb:set package 'cnn_regulator' build argument 'cmake_clean_cache' from command line to 'False'
[0.132s] Level 5:colcon.colcon_core.verb:set package 'cnn_regulator' build argument 'cmake_clean_first' from command line to 'False'
[0.132s] Level 5:colcon.colcon_core.verb:set package 'cnn_regulator' build argument 'cmake_force_configure' from command line to 'False'
[0.132s] Level 5:colcon.colcon_core.verb:set package 'cnn_regulator' build argument 'ament_cmake_args' from command line to 'None'
[0.132s] Level 5:colcon.colcon_core.verb:set package 'cnn_regulator' build argument 'catkin_cmake_args' from command line to 'None'
[0.132s] Level 5:colcon.colcon_core.verb:set package 'cnn_regulator' build argument 'catkin_skip_building_tests' from command line to 'False'
[0.132s] DEBUG:colcon.colcon_core.verb:Building package 'cnn_regulator' with the following arguments: {'ament_cmake_args': None, 'build_base': '/home/zidane/Desktop/project_cnn_regulation/build/cnn_regulator', 'catkin_cmake_args': None, 'catkin_skip_building_tests': False, 'cmake_args': None, 'cmake_clean_cache': False, 'cmake_clean_first': False, 'cmake_force_configure': False, 'cmake_target': None, 'cmake_target_skip_unavailable': False, 'install_base': '/home/zidane/Desktop/project_cnn_regulation/install/cnn_regulator', 'merge_install': False, 'path': '/home/zidane/Desktop/project_cnn_regulation/src/cnn_regulator', 'symlink_install': True, 'test_result_base': None}
[0.133s] Level 5:colcon.colcon_core.verb:set package 'mimo_process_description' build argument 'cmake_args' from command line to 'None'
[0.133s] Level 5:colcon.colcon_core.verb:set package 'mimo_process_description' build argument 'cmake_target' from command line to 'None'
[0.133s] Level 5:colcon.colcon_core.verb:set package 'mimo_process_description' build argument 'cmake_target_skip_unavailable' from command line to 'False'
[0.133s] Level 5:colcon.colcon_core.verb:set package 'mimo_process_description' build argument 'cmake_clean_cache' from command line to 'False'
[0.133s] Level 5:colcon.colcon_core.verb:set package 'mimo_process_description' build argument 'cmake_clean_first' from command line to 'False'
[0.133s] Level 5:colcon.colcon_core.verb:set package 'mimo_process_description' build argument 'cmake_force_configure' from command line to 'False'
[0.133s] Level 5:colcon.colcon_core.verb:set package 'mimo_process_description' build argument 'ament_cmake_args' from command line to 'None'
[0.133s] Level 5:colcon.colcon_core.verb:set package 'mimo_process_description' build argument 'catkin_cmake_args' from command line to 'None'
[0.133s] Level 5:colcon.colcon_core.verb:set package 'mimo_process_description' build argument 'catkin_skip_building_tests' from command line to 'False'
[0.133s] DEBUG:colcon.colcon_core.verb:Building package 'mimo_process_description' with the following arguments: {'ament_cmake_args': None, 'build_base': '/home/zidane/Desktop/project_cnn_regulation/build/mimo_process_description', 'catkin_cmake_args': None, 'catkin_skip_building_tests': False, 'cmake_args': None, 'cmake_clean_cache': False, 'cmake_clean_first': False, 'cmake_force_configure': False, 'cmake_target': None, 'cmake_target_skip_unavailable': False, 'install_base': '/home/zidane/Desktop/project_cnn_regulation/install/mimo_process_description', 'merge_install': False, 'path': '/home/zidane/Desktop/project_cnn_regulation/src/mimo_process_description', 'symlink_install': True, 'test_result_base': None}
[0.133s] Level 5:colcon.colcon_core.verb:set package 'mimo_process_gazebo' build argument 'cmake_args' from command line to 'None'
[0.133s] Level 5:colcon.colcon_core.verb:set package 'mimo_process_gazebo' build argument 'cmake_target' from command line to 'None'
[0.133s] Level 5:colcon.colcon_core.verb:set package 'mimo_process_gazebo' build argument 'cmake_target_skip_unavailable' from command line to 'False'
[0.133s] Level 5:colcon.colcon_core.verb:set package 'mimo_process_gazebo' build argument 'cmake_clean_cache' from command line to 'False'
[0.133s] Level 5:colcon.colcon_core.verb:set package 'mimo_process_gazebo' build argument 'cmake_clean_first' from command line to 'False'
[0.133s] Level 5:colcon.colcon_core.verb:set package 'mimo_process_gazebo' build argument 'cmake_force_configure' from command line to 'False'
[0.133s] Level 5:colcon.colcon_core.verb:set package 'mimo_process_gazebo' build argument 'ament_cmake_args' from command line to 'None'
[0.133s] Level 5:colcon.colcon_core.verb:set package 'mimo_process_gazebo' build argument 'catkin_cmake_args' from command line to 'None'
[0.133s] Level 5:colcon.colcon_core.verb:set package 'mimo_process_gazebo' build argument 'catkin_skip_building_tests' from command line to 'False'
[0.133s] DEBUG:colcon.colcon_core.verb:Building package 'mimo_process_gazebo' with the following arguments: {'ament_cmake_args': None, 'build_base': '/home/zidane/Desktop/project_cnn_regulation/build/mimo_process_gazebo', 'catkin_cmake_args': None, 'catkin_skip_building_tests': False, 'cmake_args': None, 'cmake_clean_cache': False, 'cmake_clean_first': False, 'cmake_force_configure': False, 'cmake_target': None, 'cmake_target_skip_unavailable': False, 'install_base': '/home/zidane/Desktop/project_cnn_regulation/install/mimo_process_gazebo', 'merge_install': False, 'path': '/home/zidane/Desktop/project_cnn_regulation/src/mimo_process_gazebo', 'symlink_install': True, 'test_result_base': None}
[0.133s] Level 5:colcon.colcon_core.verb:set package 'ur_description' build argument 'cmake_args' from command line to 'None'
[0.133s] Level 5:colcon.colcon_core.verb:set package 'ur_description' build argument 'cmake_target' from command line to 'None'
[0.133s] Level 5:colcon.colcon_core.verb:set package 'ur_description' build argument 'cmake_target_skip_unavailable' from command line to 'False'
[0.133s] Level 5:colcon.colcon_core.verb:set package 'ur_description' build argument 'cmake_clean_cache' from command line to 'False'
[0.133s] Level 5:colcon.colcon_core.verb:set package 'ur_description' build argument 'cmake_clean_first' from command line to 'False'
[0.133s] Level 5:colcon.colcon_core.verb:set package 'ur_description' build argument 'cmake_force_configure' from command line to 'False'
[0.133s] Level 5:colcon.colcon_core.verb:set package 'ur_description' build argument 'ament_cmake_args' from command line to 'None'
[0.133s] Level 5:colcon.colcon_core.verb:set package 'ur_description' build argument 'catkin_cmake_args' from command line to 'None'
[0.133s] Level 5:colcon.colcon_core.verb:set package 'ur_description' build argument 'catkin_skip_building_tests' from command line to 'False'
[0.133s] DEBUG:colcon.colcon_core.verb:Building package 'ur_description' with the following arguments: {'ament_cmake_args': None, 'build_base': '/home/zidane/Desktop/project_cnn_regulation/build/ur_description', 'catkin_cmake_args': None, 'catkin_skip_building_tests': False, 'cmake_args': None, 'cmake_clean_cache': False, 'cmake_clean_first': False, 'cmake_force_configure': False, 'cmake_target': None, 'cmake_target_skip_unavailable': False, 'install_base': '/home/zidane/Desktop/project_cnn_regulation/install/ur_description', 'merge_install': False, 'path': '/home/zidane/Desktop/project_cnn_regulation/src/Universal_Robots_ROS2_Description', 'symlink_install': True, 'test_result_base': None}
[0.133s] INFO:colcon.colcon_core.executor:Executing jobs using 'parallel' executor
[0.134s] DEBUG:colcon.colcon_parallel_executor.executor.parallel:run_until_complete
[0.134s] INFO:colcon.colcon_ros.task.ament_python.build:Building ROS package in '/home/zidane/Desktop/project_cnn_regulation/src/cnn_regulator' with build type 'ament_python'
[0.134s] Level 1:colcon.colcon_core.shell:create_environment_hook('cnn_regulator', 'ament_prefix_path')
[0.135s] INFO:colcon.colcon_core.plugin_system:Skipping extension 'colcon_core.shell.bat': Not used on non-Windows systems
[0.135s] INFO:colcon.colcon_core.shell:Creating environment hook '/home/zidane/Desktop/project_cnn_regulation/install/cnn_regulator/share/cnn_regulator/hook/ament_prefix_path.ps1'
[0.136s] INFO:colcon.colcon_core.shell:Creating environment descriptor '/home/zidane/Desktop/project_cnn_regulation/install/cnn_regulator/share/cnn_regulator/hook/ament_prefix_path.dsv'
[0.136s] INFO:colcon.colcon_core.shell:Creating environment hook '/home/zidane/Desktop/project_cnn_regulation/install/cnn_regulator/share/cnn_regulator/hook/ament_prefix_path.sh'
[0.136s] INFO:colcon.colcon_core.shell:Skip shell extension 'powershell' for command environment: Not usable outside of PowerShell
[0.136s] DEBUG:colcon.colcon_core.shell:Skip shell extension 'dsv' for command environment
[0.139s] INFO:colcon.colcon_ros.task.ament_cmake.build:Building ROS package in '/home/zidane/Desktop/project_cnn_regulation/src/mimo_process_description' with build type 'ament_cmake'
[0.139s] INFO:colcon.colcon_cmake.task.cmake.build:Building CMake package in '/home/zidane/Desktop/project_cnn_regulation/src/mimo_process_description'
[0.139s] INFO:colcon.colcon_core.shell:Skip shell extension 'powershell' for command environment: Not usable outside of PowerShell
[0.139s] DEBUG:colcon.colcon_core.shell:Skip shell extension 'dsv' for command environment
[0.143s] INFO:colcon.colcon_ros.task.ament_cmake.build:Building ROS package in '/home/zidane/Desktop/project_cnn_regulation/src/mimo_process_gazebo' with build type 'ament_cmake'
[0.143s] INFO:colcon.colcon_cmake.task.cmake.build:Building CMake package in '/home/zidane/Desktop/project_cnn_regulation/src/mimo_process_gazebo'
[0.143s] INFO:colcon.colcon_core.shell:Skip shell extension 'powershell' for command environment: Not usable outside of PowerShell
[0.143s] DEBUG:colcon.colcon_core.shell:Skip shell extension 'dsv' for command environment
[0.146s] INFO:colcon.colcon_ros.task.ament_cmake.build:Building ROS package in '/home/zidane/Desktop/project_cnn_regulation/src/Universal_Robots_ROS2_Description' with build type 'ament_cmake'
[0.146s] INFO:colcon.colcon_cmake.task.cmake.build:Building CMake package in '/home/zidane/Desktop/project_cnn_regulation/src/Universal_Robots_ROS2_Description'
[0.146s] INFO:colcon.colcon_core.shell:Skip shell extension 'powershell' for command environment: Not usable outside of PowerShell
[0.147s] DEBUG:colcon.colcon_core.shell:Skip shell extension 'dsv' for command environment
[0.273s] INFO:colcon.colcon_core.task.python.build:Building Python package in '/home/zidane/Desktop/project_cnn_regulation/src/cnn_regulator'
[0.273s] INFO:colcon.colcon_core.shell:Skip shell extension 'powershell' for command environment: Not usable outside of PowerShell
[0.273s] DEBUG:colcon.colcon_core.shell:Skip shell extension 'dsv' for command environment
[0.277s] DEBUG:colcon.colcon_core.event_handler.log_command:Invoking command in '/home/zidane/Desktop/project_cnn_regulation/build/mimo_process_description': CMAKE_PREFIX_PATH=${CMAKE_PREFIX_PATH}:/home/zidane/Desktop/project_cnn_regulation/install/cnn_regulator:/opt/ros/jazzy DEBUGINFOD_URLS=https://debuginfod.ubuntu.com /usr/bin/cmake /home/zidane/Desktop/project_cnn_regulation/src/mimo_process_description -DAMENT_CMAKE_SYMLINK_INSTALL=1 -DCMAKE_INSTALL_PREFIX=/home/zidane/Desktop/project_cnn_regulation/install/mimo_process_description
[0.278s] DEBUG:colcon.colcon_core.event_handler.log_command:Invoking command in '/home/zidane/Desktop/project_cnn_regulation/build/mimo_process_gazebo': CMAKE_PREFIX_PATH=${CMAKE_PREFIX_PATH}:/home/zidane/Desktop/project_cnn_regulation/install/cnn_regulator:/opt/ros/jazzy DEBUGINFOD_URLS=https://debuginfod.ubuntu.com /usr/bin/cmake /home/zidane/Desktop/project_cnn_regulation/src/mimo_process_gazebo -DAMENT_CMAKE_SYMLINK_INSTALL=1 -DCMAKE_INSTALL_PREFIX=/home/zidane/Desktop/project_cnn_regulation/install/mimo_process_gazebo
[0.281s] DEBUG:colcon.colcon_core.event_handler.log_command:Invoking command in '/home/zidane/Desktop/project_cnn_regulation/build/ur_description': CMAKE_PREFIX_PATH=${CMAKE_PREFIX_PATH}:/home/zidane/Desktop/project_cnn_regulation/install/cnn_regulator:/opt/ros/jazzy DEBUGINFOD_URLS=https://debuginfod.ubuntu.com /usr/bin/cmake /home/zidane/Desktop/project_cnn_regulation/src/Universal_Robots_ROS2_Description -DAMENT_CMAKE_SYMLINK_INSTALL=1 -DCMAKE_INSTALL_PREFIX=/home/zidane/Desktop/project_cnn_regulation/install/ur_description
[0.597s] DEBUG:colcon.colcon_core.event_handler.log_command:Invoked command in '/home/zidane/Desktop/project_cnn_regulation/build/mimo_process_description' returned '0': CMAKE_PREFIX_PATH=${CMAKE_PREFIX_PATH}:/home/zidane/Desktop/project_cnn_regulation/install/cnn_regulator:/opt/ros/jazzy DEBUGINFOD_URLS=https://debuginfod.ubuntu.com /usr/bin/cmake /home/zidane/Desktop/project_cnn_regulation/src/mimo_process_description -DAMENT_CMAKE_SYMLINK_INSTALL=1 -DCMAKE_INSTALL_PREFIX=/home/zidane/Desktop/project_cnn_regulation/install/mimo_process_description
[0.599s] DEBUG:colcon.colcon_core.event_handler.log_command:Invoking command in '/home/zidane/Desktop/project_cnn_regulation/build/mimo_process_description': CMAKE_PREFIX_PATH=${CMAKE_PREFIX_PATH}:/home/zidane/Desktop/project_cnn_regulation/install/cnn_regulator:/opt/ros/jazzy DEBUGINFOD_URLS=https://debuginfod.ubuntu.com /usr/bin/cmake --build /home/zidane/Desktop/project_cnn_regulation/build/mimo_process_description -- -j16 -l16
[0.600s] DEBUG:colcon.colcon_core.event_handler.log_command:Invoked command in '/home/zidane/Desktop/project_cnn_regulation/build/mimo_process_gazebo' returned '0': CMAKE_PREFIX_PATH=${CMAKE_PREFIX_PATH}:/home/zidane/Desktop/project_cnn_regulation/install/cnn_regulator:/opt/ros/jazzy DEBUGINFOD_URLS=https://debuginfod.ubuntu.com /usr/bin/cmake /home/zidane/Desktop/project_cnn_regulation/src/mimo_process_gazebo -DAMENT_CMAKE_SYMLINK_INSTALL=1 -DCMAKE_INSTALL_PREFIX=/home/zidane/Desktop/project_cnn_regulation/install/mimo_process_gazebo
[0.601s] DEBUG:colcon.colcon_core.event_handler.log_command:Invoking command in '/home/zidane/Desktop/project_cnn_regulation/build/mimo_process_gazebo': CMAKE_PREFIX_PATH=${CMAKE_PREFIX_PATH}:/home/zidane/Desktop/project_cnn_regulation/install/cnn_regulator:/opt/ros/jazzy DEBUGINFOD_URLS=https://debuginfod.ubuntu.com /usr/bin/cmake --build /home/zidane/Desktop/project_cnn_regulation/build/mimo_process_gazebo -- -j16 -l16
[0.638s] DEBUG:colcon.colcon_core.event_handler.log_command:Invoked command in '/home/zidane/Desktop/project_cnn_regulation/build/mimo_process_gazebo' returned '0': CMAKE_PREFIX_PATH=${CMAKE_PREFIX_PATH}:/home/zidane/Desktop/project_cnn_regulation/install/cnn_regulator:/opt/ros/jazzy DEBUGINFOD_URLS=https://debuginfod.ubuntu.com /usr/bin/cmake --build /home/zidane/Desktop/project_cnn_regulation/build/mimo_process_gazebo -- -j16 -l16
[0.647s] DEBUG:colcon.colcon_core.event_handler.log_command:Invoking command in '/home/zidane/Desktop/project_cnn_regulation/build/mimo_process_gazebo': CMAKE_PREFIX_PATH=${CMAKE_PREFIX_PATH}:/home/zidane/Desktop/project_cnn_regulation/install/cnn_regulator:/opt/ros/jazzy DEBUGINFOD_URLS=https://debuginfod.ubuntu.com /usr/bin/cmake --install /home/zidane/Desktop/project_cnn_regulation/build/mimo_process_gazebo
[0.648s] DEBUG:colcon.colcon_core.event_handler.log_command:Invoked command in '/home/zidane/Desktop/project_cnn_regulation/build/mimo_process_description' returned '0': CMAKE_PREFIX_PATH=${CMAKE_PREFIX_PATH}:/home/zidane/Desktop/project_cnn_regulation/install/cnn_regulator:/opt/ros/jazzy DEBUGINFOD_URLS=https://debuginfod.ubuntu.com /usr/bin/cmake --build /home/zidane/Desktop/project_cnn_regulation/build/mimo_process_description -- -j16 -l16
[0.649s] DEBUG:colcon.colcon_core.event_handler.log_command:Invoking command in '/home/zidane/Desktop/project_cnn_regulation/build/mimo_process_description': CMAKE_PREFIX_PATH=${CMAKE_PREFIX_PATH}:/home/zidane/Desktop/project_cnn_regulation/install/cnn_regulator:/opt/ros/jazzy DEBUGINFOD_URLS=https://debuginfod.ubuntu.com /usr/bin/cmake --install /home/zidane/Desktop/project_cnn_regulation/build/mimo_process_description
[0.799s] DEBUG:colcon.colcon_core.task.python.build:While undoing a previous installation files outside the Python library path are being ignored: /home/zidane/Desktop/project_cnn_regulation/install/cnn_regulator/share/ament_index/resource_index/packages/cnn_regulator
[0.800s] DEBUG:colcon.colcon_core.task.python.build:While undoing a previous installation files outside the Python library path are being ignored: /home/zidane/Desktop/project_cnn_regulation/install/cnn_regulator/share/cnn_regulator/package.xml
[0.800s] DEBUG:colcon.colcon_core.task.python.build:While undoing a previous installation files outside the Python library path are being ignored: /home/zidane/Desktop/project_cnn_regulation/install/cnn_regulator/lib/cnn_regulator/data_collector
[0.800s] DEBUG:colcon.colcon_core.task.python.build:While undoing a previous installation files outside the Python library path are being ignored: /home/zidane/Desktop/project_cnn_regulation/install/cnn_regulator/lib/cnn_regulator/ros_controller
[0.800s] DEBUG:colcon.colcon_core.task.python.build:While undoing a previous installation files outside the Python library path are being ignored: /home/zidane/Desktop/project_cnn_regulation/install/cnn_regulator/lib/cnn_regulator/target_ui
[0.801s] DEBUG:colcon.colcon_core.event_handler.log_command:Invoking command in '/home/zidane/Desktop/project_cnn_regulation/build/cnn_regulator': DEBUGINFOD_URLS=https://debuginfod.ubuntu.com PYTHONPATH=/home/zidane/Desktop/project_cnn_regulation/build/cnn_regulator/prefix_override:/usr/lib/python3/dist-packages/colcon_core/task/python/colcon_distutils_commands:/home/zidane/Desktop/project_cnn_regulation/install/cnn_regulator/lib/python3.12/site-packages:${PYTHONPATH} /usr/bin/python3 -W ignore:setup.py install is deprecated -W ignore:easy_install command is deprecated setup.py develop --editable --build-directory /home/zidane/Desktop/project_cnn_regulation/build/cnn_regulator/build --no-deps symlink_data --force
[0.802s] Level 1:colcon.colcon_core.environment:create_environment_scripts_only(mimo_process_description)
[0.802s] DEBUG:colcon.colcon_core.event_handler.log_command:Invoked command in '/home/zidane/Desktop/project_cnn_regulation/build/mimo_process_description' returned '0': CMAKE_PREFIX_PATH=${CMAKE_PREFIX_PATH}:/home/zidane/Desktop/project_cnn_regulation/install/cnn_regulator:/opt/ros/jazzy DEBUGINFOD_URLS=https://debuginfod.ubuntu.com /usr/bin/cmake --install /home/zidane/Desktop/project_cnn_regulation/build/mimo_process_description
[0.805s] Level 1:colcon.colcon_core.environment:checking '/home/zidane/Desktop/project_cnn_regulation/install/mimo_process_description' for CMake module files
[0.806s] Level 1:colcon.colcon_core.environment:checking '/home/zidane/Desktop/project_cnn_regulation/install/mimo_process_description' for CMake config files
[0.806s] Level 1:colcon.colcon_core.shell:create_environment_hook('mimo_process_description', 'cmake_prefix_path')
[0.806s] INFO:colcon.colcon_core.shell:Creating environment hook '/home/zidane/Desktop/project_cnn_regulation/install/mimo_process_description/share/mimo_process_description/hook/cmake_prefix_path.ps1'
[0.807s] INFO:colcon.colcon_core.shell:Creating environment descriptor '/home/zidane/Desktop/project_cnn_regulation/install/mimo_process_description/share/mimo_process_description/hook/cmake_prefix_path.dsv'
[0.807s] INFO:colcon.colcon_core.shell:Creating environment hook '/home/zidane/Desktop/project_cnn_regulation/install/mimo_process_description/share/mimo_process_description/hook/cmake_prefix_path.sh'
[0.807s] Level 1:colcon.colcon_core.environment:checking '/home/zidane/Desktop/project_cnn_regulation/install/mimo_process_description/bin'
[0.808s] Level 1:colcon.colcon_core.environment:checking '/home/zidane/Desktop/project_cnn_regulation/install/mimo_process_description/lib/pkgconfig/mimo_process_description.pc'
[0.808s] Level 1:colcon.colcon_core.environment:checking '/home/zidane/Desktop/project_cnn_regulation/install/mimo_process_description/lib/python3.12/site-packages'
[0.808s] Level 1:colcon.colcon_core.environment:checking '/home/zidane/Desktop/project_cnn_regulation/install/mimo_process_description/bin'
[0.808s] INFO:colcon.colcon_core.shell:Creating package script '/home/zidane/Desktop/project_cnn_regulation/install/mimo_process_description/share/mimo_process_description/package.ps1'
[0.809s] INFO:colcon.colcon_core.shell:Creating package descriptor '/home/zidane/Desktop/project_cnn_regulation/install/mimo_process_description/share/mimo_process_description/package.dsv'
[0.809s] INFO:colcon.colcon_core.shell:Creating package script '/home/zidane/Desktop/project_cnn_regulation/install/mimo_process_description/share/mimo_process_description/package.sh'
[0.810s] INFO:colcon.colcon_core.shell:Creating package script '/home/zidane/Desktop/project_cnn_regulation/install/mimo_process_description/share/mimo_process_description/package.bash'
[0.811s] INFO:colcon.colcon_core.shell:Creating package script '/home/zidane/Desktop/project_cnn_regulation/install/mimo_process_description/share/mimo_process_description/package.zsh'
[0.811s] Level 1:colcon.colcon_core.environment:create_file_with_runtime_dependencies(/home/zidane/Desktop/project_cnn_regulation/install/mimo_process_description/share/colcon-core/packages/mimo_process_description)
[0.811s] Level 1:colcon.colcon_core.environment:create_environment_scripts_only(mimo_process_description)
[0.812s] Level 1:colcon.colcon_core.environment:checking '/home/zidane/Desktop/project_cnn_regulation/install/mimo_process_description' for CMake module files
[0.812s] Level 1:colcon.colcon_core.environment:checking '/home/zidane/Desktop/project_cnn_regulation/install/mimo_process_description' for CMake config files
[0.812s] Level 1:colcon.colcon_core.shell:create_environment_hook('mimo_process_description', 'cmake_prefix_path')
[0.812s] INFO:colcon.colcon_core.shell:Creating environment hook '/home/zidane/Desktop/project_cnn_regulation/install/mimo_process_description/share/mimo_process_description/hook/cmake_prefix_path.ps1'
[0.812s] INFO:colcon.colcon_core.shell:Creating environment descriptor '/home/zidane/Desktop/project_cnn_regulation/install/mimo_process_description/share/mimo_process_description/hook/cmake_prefix_path.dsv'
[0.813s] INFO:colcon.colcon_core.shell:Creating environment hook '/home/zidane/Desktop/project_cnn_regulation/install/mimo_process_description/share/mimo_process_description/hook/cmake_prefix_path.sh'
[0.813s] Level 1:colcon.colcon_core.environment:checking '/home/zidane/Desktop/project_cnn_regulation/install/mimo_process_description/bin'
[0.813s] Level 1:colcon.colcon_core.environment:checking '/home/zidane/Desktop/project_cnn_regulation/install/mimo_process_description/lib/pkgconfig/mimo_process_description.pc'
[0.813s] Level 1:colcon.colcon_core.environment:checking '/home/zidane/Desktop/project_cnn_regulation/install/mimo_process_description/lib/python3.12/site-packages'
[0.814s] Level 1:colcon.colcon_core.environment:checking '/home/zidane/Desktop/project_cnn_regulation/install/mimo_process_description/bin'
[0.814s] INFO:colcon.colcon_core.shell:Creating package script '/home/zidane/Desktop/project_cnn_regulation/install/mimo_process_description/share/mimo_process_description/package.ps1'
[0.814s] INFO:colcon.colcon_core.shell:Creating package descriptor '/home/zidane/Desktop/project_cnn_regulation/install/mimo_process_description/share/mimo_process_description/package.dsv'
[0.815s] INFO:colcon.colcon_core.shell:Creating package script '/home/zidane/Desktop/project_cnn_regulation/install/mimo_process_description/share/mimo_process_description/package.sh'
[0.815s] INFO:colcon.colcon_core.shell:Creating package script '/home/zidane/Desktop/project_cnn_regulation/install/mimo_process_description/share/mimo_process_description/package.bash'
[0.815s] INFO:colcon.colcon_core.shell:Creating package script '/home/zidane/Desktop/project_cnn_regulation/install/mimo_process_description/share/mimo_process_description/package.zsh'
[0.815s] Level 1:colcon.colcon_core.environment:create_file_with_runtime_dependencies(/home/zidane/Desktop/project_cnn_regulation/install/mimo_process_description/share/colcon-core/packages/mimo_process_description)
[0.817s] Level 1:colcon.colcon_core.environment:create_environment_scripts_only(mimo_process_gazebo)
[0.817s] DEBUG:colcon.colcon_core.event_handler.log_command:Invoked command in '/home/zidane/Desktop/project_cnn_regulation/build/mimo_process_gazebo' returned '0': CMAKE_PREFIX_PATH=${CMAKE_PREFIX_PATH}:/home/zidane/Desktop/project_cnn_regulation/install/cnn_regulator:/opt/ros/jazzy DEBUGINFOD_URLS=https://debuginfod.ubuntu.com /usr/bin/cmake --install /home/zidane/Desktop/project_cnn_regulation/build/mimo_process_gazebo
[0.817s] Level 1:colcon.colcon_core.environment:checking '/home/zidane/Desktop/project_cnn_regulation/install/mimo_process_gazebo' for CMake module files
[0.818s] Level 1:colcon.colcon_core.environment:checking '/home/zidane/Desktop/project_cnn_regulation/install/mimo_process_gazebo' for CMake config files
[0.818s] Level 1:colcon.colcon_core.shell:create_environment_hook('mimo_process_gazebo', 'cmake_prefix_path')
[0.818s] INFO:colcon.colcon_core.shell:Creating environment hook '/home/zidane/Desktop/project_cnn_regulation/install/mimo_process_gazebo/share/mimo_process_gazebo/hook/cmake_prefix_path.ps1'
[0.819s] INFO:colcon.colcon_core.shell:Creating environment descriptor '/home/zidane/Desktop/project_cnn_regulation/install/mimo_process_gazebo/share/mimo_process_gazebo/hook/cmake_prefix_path.dsv'
[0.819s] INFO:colcon.colcon_core.shell:Creating environment hook '/home/zidane/Desktop/project_cnn_regulation/install/mimo_process_gazebo/share/mimo_process_gazebo/hook/cmake_prefix_path.sh'
[0.819s] Level 1:colcon.colcon_core.environment:checking '/home/zidane/Desktop/project_cnn_regulation/install/mimo_process_gazebo/bin'
[0.820s] Level 1:colcon.colcon_core.environment:checking '/home/zidane/Desktop/project_cnn_regulation/install/mimo_process_gazebo/lib/pkgconfig/mimo_process_gazebo.pc'
[0.820s] Level 1:colcon.colcon_core.environment:checking '/home/zidane/Desktop/project_cnn_regulation/install/mimo_process_gazebo/lib/python3.12/site-packages'
[0.820s] Level 1:colcon.colcon_core.environment:checking '/home/zidane/Desktop/project_cnn_regulation/install/mimo_process_gazebo/bin'
[0.820s] INFO:colcon.colcon_core.shell:Creating package script '/home/zidane/Desktop/project_cnn_regulation/install/mimo_process_gazebo/share/mimo_process_gazebo/package.ps1'
[0.821s] INFO:colcon.colcon_core.shell:Creating package descriptor '/home/zidane/Desktop/project_cnn_regulation/install/mimo_process_gazebo/share/mimo_process_gazebo/package.dsv'
[0.821s] INFO:colcon.colcon_core.shell:Creating package script '/home/zidane/Desktop/project_cnn_regulation/install/mimo_process_gazebo/share/mimo_process_gazebo/package.sh'
[0.821s] INFO:colcon.colcon_core.shell:Creating package script '/home/zidane/Desktop/project_cnn_regulation/install/mimo_process_gazebo/share/mimo_process_gazebo/package.bash'
[0.821s] INFO:colcon.colcon_core.shell:Creating package script '/home/zidane/Desktop/project_cnn_regulation/install/mimo_process_gazebo/share/mimo_process_gazebo/package.zsh'
[0.822s] Level 1:colcon.colcon_core.environment:create_file_with_runtime_dependencies(/home/zidane/Desktop/project_cnn_regulation/install/mimo_process_gazebo/share/colcon-core/packages/mimo_process_gazebo)
[0.822s] Level 1:colcon.colcon_core.environment:create_environment_scripts_only(mimo_process_gazebo)
[0.822s] Level 1:colcon.colcon_core.environment:checking '/home/zidane/Desktop/project_cnn_regulation/install/mimo_process_gazebo' for CMake module files
[0.822s] Level 1:colcon.colcon_core.environment:checking '/home/zidane/Desktop/project_cnn_regulation/install/mimo_process_gazebo' for CMake config files
[0.823s] Level 1:colcon.colcon_core.shell:create_environment_hook('mimo_process_gazebo', 'cmake_prefix_path')
[0.823s] INFO:colcon.colcon_core.shell:Creating environment hook '/home/zidane/Desktop/project_cnn_regulation/install/mimo_process_gazebo/share/mimo_process_gazebo/hook/cmake_prefix_path.ps1'
[0.823s] INFO:colcon.colcon_core.shell:Creating environment descriptor '/home/zidane/Desktop/project_cnn_regulation/install/mimo_process_gazebo/share/mimo_process_gazebo/hook/cmake_prefix_path.dsv'
[0.823s] INFO:colcon.colcon_core.shell:Creating environment hook '/home/zidane/Desktop/project_cnn_regulation/install/mimo_process_gazebo/share/mimo_process_gazebo/hook/cmake_prefix_path.sh'
[0.824s] Level 1:colcon.colcon_core.environment:checking '/home/zidane/Desktop/project_cnn_regulation/install/mimo_process_gazebo/bin'
[0.824s] Level 1:colcon.colcon_core.environment:checking '/home/zidane/Desktop/project_cnn_regulation/install/mimo_process_gazebo/lib/pkgconfig/mimo_process_gazebo.pc'
[0.824s] Level 1:colcon.colcon_core.environment:checking '/home/zidane/Desktop/project_cnn_regulation/install/mimo_process_gazebo/lib/python3.12/site-packages'
[0.824s] Level 1:colcon.colcon_core.environment:checking '/home/zidane/Desktop/project_cnn_regulation/install/mimo_process_gazebo/bin'
[0.824s] INFO:colcon.colcon_core.shell:Creating package script '/home/zidane/Desktop/project_cnn_regulation/install/mimo_process_gazebo/share/mimo_process_gazebo/package.ps1'
[0.825s] INFO:colcon.colcon_core.shell:Creating package descriptor '/home/zidane/Desktop/project_cnn_regulation/install/mimo_process_gazebo/share/mimo_process_gazebo/package.dsv'
[0.825s] INFO:colcon.colcon_core.shell:Creating package script '/home/zidane/Desktop/project_cnn_regulation/install/mimo_process_gazebo/share/mimo_process_gazebo/package.sh'
[0.826s] INFO:colcon.colcon_core.shell:Creating package script '/home/zidane/Desktop/project_cnn_regulation/install/mimo_process_gazebo/share/mimo_process_gazebo/package.bash'
[0.826s] INFO:colcon.colcon_core.shell:Creating package script '/home/zidane/Desktop/project_cnn_regulation/install/mimo_process_gazebo/share/mimo_process_gazebo/package.zsh'
[0.826s] Level 1:colcon.colcon_core.environment:create_file_with_runtime_dependencies(/home/zidane/Desktop/project_cnn_regulation/install/mimo_process_gazebo/share/colcon-core/packages/mimo_process_gazebo)
[1.202s] DEBUG:colcon.colcon_core.event_handler.log_command:Invoked command in '/home/zidane/Desktop/project_cnn_regulation/build/ur_description' returned '0': CMAKE_PREFIX_PATH=${CMAKE_PREFIX_PATH}:/home/zidane/Desktop/project_cnn_regulation/install/cnn_regulator:/opt/ros/jazzy DEBUGINFOD_URLS=https://debuginfod.ubuntu.com /usr/bin/cmake /home/zidane/Desktop/project_cnn_regulation/src/Universal_Robots_ROS2_Description -DAMENT_CMAKE_SYMLINK_INSTALL=1 -DCMAKE_INSTALL_PREFIX=/home/zidane/Desktop/project_cnn_regulation/install/ur_description
[1.202s] DEBUG:colcon.colcon_core.event_handler.log_command:Invoking command in '/home/zidane/Desktop/project_cnn_regulation/build/ur_description': CMAKE_PREFIX_PATH=${CMAKE_PREFIX_PATH}:/home/zidane/Desktop/project_cnn_regulation/install/cnn_regulator:/opt/ros/jazzy DEBUGINFOD_URLS=https://debuginfod.ubuntu.com /usr/bin/cmake --build /home/zidane/Desktop/project_cnn_regulation/build/ur_description -- -j16 -l16
[1.236s] Level 1:colcon.colcon_core.shell:create_environment_hook('cnn_regulator', 'pythonpath_develop')
[1.236s] INFO:colcon.colcon_core.shell:Creating environment hook '/home/zidane/Desktop/project_cnn_regulation/build/cnn_regulator/share/cnn_regulator/hook/pythonpath_develop.ps1'
[1.236s] DEBUG:colcon.colcon_core.event_handler.log_command:Invoked command in '/home/zidane/Desktop/project_cnn_regulation/build/cnn_regulator' returned '0': DEBUGINFOD_URLS=https://debuginfod.ubuntu.com PYTHONPATH=/home/zidane/Desktop/project_cnn_regulation/build/cnn_regulator/prefix_override:/usr/lib/python3/dist-packages/colcon_core/task/python/colcon_distutils_commands:/home/zidane/Desktop/project_cnn_regulation/install/cnn_regulator/lib/python3.12/site-packages:${PYTHONPATH} /usr/bin/python3 -W ignore:setup.py install is deprecated -W ignore:easy_install command is deprecated setup.py develop --editable --build-directory /home/zidane/Desktop/project_cnn_regulation/build/cnn_regulator/build --no-deps symlink_data --force
[1.237s] INFO:colcon.colcon_core.shell:Creating environment descriptor '/home/zidane/Desktop/project_cnn_regulation/build/cnn_regulator/share/cnn_regulator/hook/pythonpath_develop.dsv'
[1.237s] INFO:colcon.colcon_core.shell:Creating environment hook '/home/zidane/Desktop/project_cnn_regulation/build/cnn_regulator/share/cnn_regulator/hook/pythonpath_develop.sh'
[1.237s] Level 1:colcon.colcon_core.environment:checking '/home/zidane/Desktop/project_cnn_regulation/install/cnn_regulator' for CMake module files
[1.237s] Level 1:colcon.colcon_core.environment:checking '/home/zidane/Desktop/project_cnn_regulation/install/cnn_regulator' for CMake config files
[1.238s] Level 1:colcon.colcon_core.environment:checking '/home/zidane/Desktop/project_cnn_regulation/install/cnn_regulator/lib'
[1.238s] Level 1:colcon.colcon_core.environment:checking '/home/zidane/Desktop/project_cnn_regulation/install/cnn_regulator/bin'
[1.238s] Level 1:colcon.colcon_core.environment:checking '/home/zidane/Desktop/project_cnn_regulation/install/cnn_regulator/lib/pkgconfig/cnn_regulator.pc'
[1.238s] Level 1:colcon.colcon_core.environment:checking '/home/zidane/Desktop/project_cnn_regulation/install/cnn_regulator/lib/python3.12/site-packages'
[1.238s] Level 1:colcon.colcon_core.shell:create_environment_hook('cnn_regulator', 'pythonpath')
[1.238s] INFO:colcon.colcon_core.shell:Creating environment hook '/home/zidane/Desktop/project_cnn_regulation/install/cnn_regulator/share/cnn_regulator/hook/pythonpath.ps1'
[1.238s] INFO:colcon.colcon_core.shell:Creating environment descriptor '/home/zidane/Desktop/project_cnn_regulation/install/cnn_regulator/share/cnn_regulator/hook/pythonpath.dsv'
[1.239s] INFO:colcon.colcon_core.shell:Creating environment hook '/home/zidane/Desktop/project_cnn_regulation/install/cnn_regulator/share/cnn_regulator/hook/pythonpath.sh'
[1.239s] Level 1:colcon.colcon_core.environment:checking '/home/zidane/Desktop/project_cnn_regulation/install/cnn_regulator/bin'
[1.239s] Level 1:colcon.colcon_core.environment:create_environment_scripts_only(cnn_regulator)
[1.239s] INFO:colcon.colcon_core.shell:Creating package script '/home/zidane/Desktop/project_cnn_regulation/install/cnn_regulator/share/cnn_regulator/package.ps1'
[1.240s] INFO:colcon.colcon_core.shell:Creating package descriptor '/home/zidane/Desktop/project_cnn_regulation/install/cnn_regulator/share/cnn_regulator/package.dsv'
[1.240s] INFO:colcon.colcon_core.shell:Creating package script '/home/zidane/Desktop/project_cnn_regulation/install/cnn_regulator/share/cnn_regulator/package.sh'
[1.240s] INFO:colcon.colcon_core.shell:Creating package script '/home/zidane/Desktop/project_cnn_regulation/install/cnn_regulator/share/cnn_regulator/package.bash'
[1.240s] INFO:colcon.colcon_core.shell:Creating package script '/home/zidane/Desktop/project_cnn_regulation/install/cnn_regulator/share/cnn_regulator/package.zsh'
[1.240s] Level 1:colcon.colcon_core.environment:create_file_with_runtime_dependencies(/home/zidane/Desktop/project_cnn_regulation/install/cnn_regulator/share/colcon-core/packages/cnn_regulator)
[1.241s] DEBUG:colcon.colcon_core.event_handler.log_command:Invoked command in '/home/zidane/Desktop/project_cnn_regulation/build/ur_description' returned '0': CMAKE_PREFIX_PATH=${CMAKE_PREFIX_PATH}:/home/zidane/Desktop/project_cnn_regulation/install/cnn_regulator:/opt/ros/jazzy DEBUGINFOD_URLS=https://debuginfod.ubuntu.com /usr/bin/cmake --build /home/zidane/Desktop/project_cnn_regulation/build/ur_description -- -j16 -l16
[1.242s] DEBUG:colcon.colcon_core.event_handler.log_command:Invoking command in '/home/zidane/Desktop/project_cnn_regulation/build/ur_description': CMAKE_PREFIX_PATH=${CMAKE_PREFIX_PATH}:/home/zidane/Desktop/project_cnn_regulation/install/cnn_regulator:/opt/ros/jazzy DEBUGINFOD_URLS=https://debuginfod.ubuntu.com /usr/bin/cmake --install /home/zidane/Desktop/project_cnn_regulation/build/ur_description
[2.878s] Level 1:colcon.colcon_core.environment:create_environment_scripts_only(ur_description)
[2.878s] Level 1:colcon.colcon_core.environment:checking '/home/zidane/Desktop/project_cnn_regulation/install/ur_description' for CMake module files
[2.879s] DEBUG:colcon.colcon_core.event_handler.log_command:Invoked command in '/home/zidane/Desktop/project_cnn_regulation/build/ur_description' returned '0': CMAKE_PREFIX_PATH=${CMAKE_PREFIX_PATH}:/home/zidane/Desktop/project_cnn_regulation/install/cnn_regulator:/opt/ros/jazzy DEBUGINFOD_URLS=https://debuginfod.ubuntu.com /usr/bin/cmake --install /home/zidane/Desktop/project_cnn_regulation/build/ur_description
[2.879s] Level 1:colcon.colcon_core.environment:checking '/home/zidane/Desktop/project_cnn_regulation/install/ur_description' for CMake config files
[2.880s] Level 1:colcon.colcon_core.shell:create_environment_hook('ur_description', 'cmake_prefix_path')
[2.880s] INFO:colcon.colcon_core.shell:Creating environment hook '/home/zidane/Desktop/project_cnn_regulation/install/ur_description/share/ur_description/hook/cmake_prefix_path.ps1'
[2.880s] INFO:colcon.colcon_core.shell:Creating environment descriptor '/home/zidane/Desktop/project_cnn_regulation/install/ur_description/share/ur_description/hook/cmake_prefix_path.dsv'
[2.881s] INFO:colcon.colcon_core.shell:Creating environment hook '/home/zidane/Desktop/project_cnn_regulation/install/ur_description/share/ur_description/hook/cmake_prefix_path.sh'
[2.881s] Level 1:colcon.colcon_core.environment:checking '/home/zidane/Desktop/project_cnn_regulation/install/ur_description/bin'
[2.881s] Level 1:colcon.colcon_core.environment:checking '/home/zidane/Desktop/project_cnn_regulation/install/ur_description/lib/pkgconfig/ur_description.pc'
[2.881s] Level 1:colcon.colcon_core.environment:checking '/home/zidane/Desktop/project_cnn_regulation/install/ur_description/lib/python3.12/site-packages'
[2.881s] Level 1:colcon.colcon_core.environment:checking '/home/zidane/Desktop/project_cnn_regulation/install/ur_description/bin'
[2.881s] INFO:colcon.colcon_core.shell:Creating package script '/home/zidane/Desktop/project_cnn_regulation/install/ur_description/share/ur_description/package.ps1'
[2.882s] INFO:colcon.colcon_core.shell:Creating package descriptor '/home/zidane/Desktop/project_cnn_regulation/install/ur_description/share/ur_description/package.dsv'
[2.882s] INFO:colcon.colcon_core.shell:Creating package script '/home/zidane/Desktop/project_cnn_regulation/install/ur_description/share/ur_description/package.sh'
[2.882s] INFO:colcon.colcon_core.shell:Creating package script '/home/zidane/Desktop/project_cnn_regulation/install/ur_description/share/ur_description/package.bash'
[2.882s] INFO:colcon.colcon_core.shell:Creating package script '/home/zidane/Desktop/project_cnn_regulation/install/ur_description/share/ur_description/package.zsh'
[2.882s] Level 1:colcon.colcon_core.environment:create_file_with_runtime_dependencies(/home/zidane/Desktop/project_cnn_regulation/install/ur_description/share/colcon-core/packages/ur_description)
[2.883s] Level 1:colcon.colcon_core.environment:create_environment_scripts_only(ur_description)
[2.883s] Level 1:colcon.colcon_core.environment:checking '/home/zidane/Desktop/project_cnn_regulation/install/ur_description' for CMake module files
[2.883s] Level 1:colcon.colcon_core.environment:checking '/home/zidane/Desktop/project_cnn_regulation/install/ur_description' for CMake config files
[2.884s] Level 1:colcon.colcon_core.shell:create_environment_hook('ur_description', 'cmake_prefix_path')
[2.884s] INFO:colcon.colcon_core.shell:Creating environment hook '/home/zidane/Desktop/project_cnn_regulation/install/ur_description/share/ur_description/hook/cmake_prefix_path.ps1'
[2.884s] INFO:colcon.colcon_core.shell:Creating environment descriptor '/home/zidane/Desktop/project_cnn_regulation/install/ur_description/share/ur_description/hook/cmake_prefix_path.dsv'
[2.884s] INFO:colcon.colcon_core.shell:Creating environment hook '/home/zidane/Desktop/project_cnn_regulation/install/ur_description/share/ur_description/hook/cmake_prefix_path.sh'
[2.885s] Level 1:colcon.colcon_core.environment:checking '/home/zidane/Desktop/project_cnn_regulation/install/ur_description/bin'
[2.885s] Level 1:colcon.colcon_core.environment:checking '/home/zidane/Desktop/project_cnn_regulation/install/ur_description/lib/pkgconfig/ur_description.pc'
[2.885s] Level 1:colcon.colcon_core.environment:checking '/home/zidane/Desktop/project_cnn_regulation/install/ur_description/lib/python3.12/site-packages'
[2.885s] Level 1:colcon.colcon_core.environment:checking '/home/zidane/Desktop/project_cnn_regulation/install/ur_description/bin'
[2.885s] INFO:colcon.colcon_core.shell:Creating package script '/home/zidane/Desktop/project_cnn_regulation/install/ur_description/share/ur_description/package.ps1'
[2.885s] INFO:colcon.colcon_core.shell:Creating package descriptor '/home/zidane/Desktop/project_cnn_regulation/install/ur_description/share/ur_description/package.dsv'
[2.886s] INFO:colcon.colcon_core.shell:Creating package script '/home/zidane/Desktop/project_cnn_regulation/install/ur_description/share/ur_description/package.sh'
[2.886s] INFO:colcon.colcon_core.shell:Creating package script '/home/zidane/Desktop/project_cnn_regulation/install/ur_description/share/ur_description/package.bash'
[2.886s] INFO:colcon.colcon_core.shell:Creating package script '/home/zidane/Desktop/project_cnn_regulation/install/ur_description/share/ur_description/package.zsh'
[2.886s] Level 1:colcon.colcon_core.environment:create_file_with_runtime_dependencies(/home/zidane/Desktop/project_cnn_regulation/install/ur_description/share/colcon-core/packages/ur_description)
[2.886s] DEBUG:colcon.colcon_parallel_executor.executor.parallel:closing loop
[2.886s] DEBUG:colcon.colcon_parallel_executor.executor.parallel:loop closed
[2.886s] DEBUG:colcon.colcon_parallel_executor.executor.parallel:run_until_complete finished with '0'
[2.887s] DEBUG:colcon.colcon_core.event_reactor:joining thread
[2.892s] INFO:colcon.colcon_core.plugin_system:Skipping extension 'colcon_notification.desktop_notification.terminal_notifier': Not used on non-Darwin systems
[2.892s] INFO:colcon.colcon_core.plugin_system:Skipping extension 'colcon_notification.desktop_notification.win32': Not used on non-Windows systems
[2.892s] INFO:colcon.colcon_notification.desktop_notification:Sending desktop notification using 'notify2'
[2.900s] DEBUG:colcon.colcon_core.event_reactor:joined thread
[2.900s] INFO:colcon.colcon_core.shell:Creating prefix script '/home/zidane/Desktop/project_cnn_regulation/install/local_setup.ps1'
[2.901s] INFO:colcon.colcon_core.shell:Creating prefix util module '/home/zidane/Desktop/project_cnn_regulation/install/_local_setup_util_ps1.py'
[2.901s] INFO:colcon.colcon_core.shell:Creating prefix chain script '/home/zidane/Desktop/project_cnn_regulation/install/setup.ps1'
[2.902s] INFO:colcon.colcon_core.shell:Creating prefix script '/home/zidane/Desktop/project_cnn_regulation/install/local_setup.sh'
[2.902s] INFO:colcon.colcon_core.shell:Creating prefix util module '/home/zidane/Desktop/project_cnn_regulation/install/_local_setup_util_sh.py'
[2.903s] INFO:colcon.colcon_core.shell:Creating prefix chain script '/home/zidane/Desktop/project_cnn_regulation/install/setup.sh'
[2.903s] INFO:colcon.colcon_core.shell:Creating prefix script '/home/zidane/Desktop/project_cnn_regulation/install/local_setup.bash'
[2.904s] INFO:colcon.colcon_core.shell:Creating prefix chain script '/home/zidane/Desktop/project_cnn_regulation/install/setup.bash'
[2.904s] INFO:colcon.colcon_core.shell:Creating prefix script '/home/zidane/Desktop/project_cnn_regulation/install/local_setup.zsh'
[2.904s] INFO:colcon.colcon_core.shell:Creating prefix chain script '/home/zidane/Desktop/project_cnn_regulation/install/setup.zsh'
