[0.326s] Invoking command in '/home/zidane/Desktop/project_cnn_regulation/build/ur_description': CMAKE_PREFIX_PATH=${CMAKE_PREFIX_PATH}:/opt/ros/jazzy DEBUGINFOD_URLS=https://debuginfod.ubuntu.com /usr/bin/cmake /home/zidane/Desktop/project_cnn_regulation/src/Universal_Robots_ROS2_Description -DCMAKE_INSTALL_PREFIX=/home/zidane/Desktop/project_cnn_regulation/install/ur_description
[0.356s] -- Found ament_cmake: 2.5.6 (/opt/ros/jazzy/share/ament_cmake/cmake)
[0.755s] -- Override CMake install command with custom implementation using symlinks instead of copying resources
[0.782s] -- Found ament_cmake_pytest: 2.5.6 (/opt/ros/jazzy/share/ament_cmake_pytest/cmake)
[2.072s] -- Configuring done (1.7s)
[2.079s] -- Generating done (0.0s)
[2.081s] -- Build files have been written to: /home/zidane/Desktop/project_cnn_regulation/build/ur_description
[2.085s] Invoked command in '/home/zidane/Desktop/project_cnn_regulation/build/ur_description' returned '0': CMAKE_PREFIX_PATH=${CMAKE_PREFIX_PATH}:/opt/ros/jazzy DEBUGINFOD_URLS=https://debuginfod.ubuntu.com /usr/bin/cmake /home/zidane/Desktop/project_cnn_regulation/src/Universal_Robots_ROS2_Description -DCMAKE_INSTALL_PREFIX=/home/zidane/Desktop/project_cnn_regulation/install/ur_description
[2.087s] Invoking command in '/home/zidane/Desktop/project_cnn_regulation/build/ur_description': CMAKE_PREFIX_PATH=${CMAKE_PREFIX_PATH}:/opt/ros/jazzy DEBUGINFOD_URLS=https://debuginfod.ubuntu.com /usr/bin/cmake --build /home/zidane/Desktop/project_cnn_regulation/build/ur_description -- -j16 -l16
[2.148s] Invoked command in '/home/zidane/Desktop/project_cnn_regulation/build/ur_description' returned '0': CMAKE_PREFIX_PATH=${CMAKE_PREFIX_PATH}:/opt/ros/jazzy DEBUGINFOD_URLS=https://debuginfod.ubuntu.com /usr/bin/cmake --build /home/zidane/Desktop/project_cnn_regulation/build/ur_description -- -j16 -l16
[2.152s] Invoking command in '/home/zidane/Desktop/project_cnn_regulation/build/ur_description': CMAKE_PREFIX_PATH=${CMAKE_PREFIX_PATH}:/opt/ros/jazzy DEBUGINFOD_URLS=https://debuginfod.ubuntu.com /usr/bin/cmake --install /home/zidane/Desktop/project_cnn_regulation/build/ur_description
[2.172s] -- Install configuration: ""
[2.172s] -- Execute custom install script
[2.174s] -- Up-to-date symlink: /home/zidane/Desktop/project_cnn_regulation/install/ur_description/share/ur_description/config/initial_positions.yaml
[2.174s] -- Up-to-date symlink: /home/zidane/Desktop/project_cnn_regulation/install/ur_description/share/ur_description/config/ur10/default_kinematics.yaml
[2.174s] -- Up-to-date symlink: /home/zidane/Desktop/project_cnn_regulation/install/ur_description/share/ur_description/config/ur10/joint_limits.yaml
[2.174s] -- Up-to-date symlink: /home/zidane/Desktop/project_cnn_regulation/install/ur_description/share/ur_description/config/ur10/physical_parameters.yaml
[2.174s] -- Up-to-date symlink: /home/zidane/Desktop/project_cnn_regulation/install/ur_description/share/ur_description/config/ur10/visual_parameters.yaml
[2.174s] -- Up-to-date symlink: /home/zidane/Desktop/project_cnn_regulation/install/ur_description/share/ur_description/config/ur10e/default_kinematics.yaml
[2.175s] -- Up-to-date symlink: /home/zidane/Desktop/project_cnn_regulation/install/ur_description/share/ur_description/config/ur10e/joint_limits.yaml
[2.175s] -- Up-to-date symlink: /home/zidane/Desktop/project_cnn_regulation/install/ur_description/share/ur_description/config/ur10e/physical_parameters.yaml
[2.175s] -- Up-to-date symlink: /home/zidane/Desktop/project_cnn_regulation/install/ur_description/share/ur_description/config/ur10e/visual_parameters.yaml
[2.175s] -- Up-to-date symlink: /home/zidane/Desktop/project_cnn_regulation/install/ur_description/share/ur_description/config/ur12e/default_kinematics.yaml
[2.176s] -- Up-to-date symlink: /home/zidane/Desktop/project_cnn_regulation/install/ur_description/share/ur_description/config/ur12e/joint_limits.yaml
[2.176s] -- Up-to-date symlink: /home/zidane/Desktop/project_cnn_regulation/install/ur_description/share/ur_description/config/ur12e/physical_parameters.yaml
[2.176s] -- Up-to-date symlink: /home/zidane/Desktop/project_cnn_regulation/install/ur_description/share/ur_description/config/ur12e/visual_parameters.yaml
[2.176s] -- Up-to-date symlink: /home/zidane/Desktop/project_cnn_regulation/install/ur_description/share/ur_description/config/ur15/default_kinematics.yaml
[2.177s] -- Up-to-date symlink: /home/zidane/Desktop/project_cnn_regulation/install/ur_description/share/ur_description/config/ur15/joint_limits.yaml
[2.177s] -- Up-to-date symlink: /home/zidane/Desktop/project_cnn_regulation/install/ur_description/share/ur_description/config/ur15/physical_parameters.yaml
[2.177s] -- Up-to-date symlink: /home/zidane/Desktop/project_cnn_regulation/install/ur_description/share/ur_description/config/ur15/visual_parameters.yaml
[2.177s] -- Up-to-date symlink: /home/zidane/Desktop/project_cnn_regulation/install/ur_description/share/ur_description/config/ur16e/default_kinematics.yaml
[2.177s] -- Up-to-date symlink: /home/zidane/Desktop/project_cnn_regulation/install/ur_description/share/ur_description/config/ur16e/joint_limits.yaml
[2.177s] -- Up-to-date symlink: /home/zidane/Desktop/project_cnn_regulation/install/ur_description/share/ur_description/config/ur16e/physical_parameters.yaml
[2.178s] -- Up-to-date symlink: /home/zidane/Desktop/project_cnn_regulation/install/ur_description/share/ur_description/config/ur16e/visual_parameters.yaml
[2.178s] -- Up-to-date symlink: /home/zidane/Desktop/project_cnn_regulation/install/ur_description/share/ur_description/config/ur18/default_kinematics.yaml
[2.178s] -- Up-to-date symlink: /home/zidane/Desktop/project_cnn_regulation/install/ur_description/share/ur_description/config/ur18/joint_limits.yaml
[2.178s] -- Up-to-date symlink: /home/zidane/Desktop/project_cnn_regulation/install/ur_description/share/ur_description/config/ur18/physical_parameters.yaml
[2.178s] -- Up-to-date symlink: /home/zidane/Desktop/project_cnn_regulation/install/ur_description/share/ur_description/config/ur18/visual_parameters.yaml
[2.179s] -- Up-to-date symlink: /home/zidane/Desktop/project_cnn_regulation/install/ur_description/share/ur_description/config/ur20/default_kinematics.yaml
[2.179s] -- Up-to-date symlink: /home/zidane/Desktop/project_cnn_regulation/install/ur_description/share/ur_description/config/ur20/joint_limits.yaml
[2.179s] -- Up-to-date symlink: /home/zidane/Desktop/project_cnn_regulation/install/ur_description/share/ur_description/config/ur20/physical_parameters.yaml
[2.179s] -- Up-to-date symlink: /home/zidane/Desktop/project_cnn_regulation/install/ur_description/share/ur_description/config/ur20/visual_parameters.yaml
[2.179s] -- Up-to-date symlink: /home/zidane/Desktop/project_cnn_regulation/install/ur_description/share/ur_description/config/ur3/default_kinematics.yaml
[2.180s] -- Up-to-date symlink: /home/zidane/Desktop/project_cnn_regulation/install/ur_description/share/ur_description/config/ur3/joint_limits.yaml
[2.180s] -- Up-to-date symlink: /home/zidane/Desktop/project_cnn_regulation/install/ur_description/share/ur_description/config/ur3/physical_parameters.yaml
[2.180s] -- Up-to-date symlink: /home/zidane/Desktop/project_cnn_regulation/install/ur_description/share/ur_description/config/ur3/visual_parameters.yaml
[2.180s] -- Up-to-date symlink: /home/zidane/Desktop/project_cnn_regulation/install/ur_description/share/ur_description/config/ur30/default_kinematics.yaml
[2.180s] -- Up-to-date symlink: /home/zidane/Desktop/project_cnn_regulation/install/ur_description/share/ur_description/config/ur30/joint_limits.yaml
[2.181s] -- Up-to-date symlink: /home/zidane/Desktop/project_cnn_regulation/install/ur_description/share/ur_description/config/ur30/physical_parameters.yaml
[2.181s] -- Up-to-date symlink: /home/zidane/Desktop/project_cnn_regulation/install/ur_description/share/ur_description/config/ur30/visual_parameters.yaml
[2.182s] -- Up-to-date symlink: /home/zidane/Desktop/project_cnn_regulation/install/ur_description/share/ur_description/config/ur3e/default_kinematics.yaml
[2.182s] -- Up-to-date symlink: /home/zidane/Desktop/project_cnn_regulation/install/ur_description/share/ur_description/config/ur3e/joint_limits.yaml
[2.182s] -- Up-to-date symlink: /home/zidane/Desktop/project_cnn_regulation/install/ur_description/share/ur_description/config/ur3e/physical_parameters.yaml
[2.182s] -- Up-to-date symlink: /home/zidane/Desktop/project_cnn_regulation/install/ur_description/share/ur_description/config/ur3e/visual_parameters.yaml
[2.183s] -- Up-to-date symlink: /home/zidane/Desktop/project_cnn_regulation/install/ur_description/share/ur_description/config/ur5/default_kinematics.yaml
[2.183s] -- Up-to-date symlink: /home/zidane/Desktop/project_cnn_regulation/install/ur_description/share/ur_description/config/ur5/joint_limits.yaml
[2.183s] -- Up-to-date symlink: /home/zidane/Desktop/project_cnn_regulation/install/ur_description/share/ur_description/config/ur5/physical_parameters.yaml
[2.183s] -- Up-to-date symlink: /home/zidane/Desktop/project_cnn_regulation/install/ur_description/share/ur_description/config/ur5/visual_parameters.yaml
[2.183s] -- Up-to-date symlink: /home/zidane/Desktop/project_cnn_regulation/install/ur_description/share/ur_description/config/ur5e/default_kinematics.yaml
[2.184s] -- Up-to-date symlink: /home/zidane/Desktop/project_cnn_regulation/install/ur_description/share/ur_description/config/ur5e/joint_limits.yaml
[2.184s] -- Up-to-date symlink: /home/zidane/Desktop/project_cnn_regulation/install/ur_description/share/ur_description/config/ur5e/physical_parameters.yaml
[2.184s] -- Up-to-date symlink: /home/zidane/Desktop/project_cnn_regulation/install/ur_description/share/ur_description/config/ur5e/visual_parameters.yaml
[2.185s] -- Up-to-date symlink: /home/zidane/Desktop/project_cnn_regulation/install/ur_description/share/ur_description/config/ur7e/default_kinematics.yaml
[2.185s] -- Up-to-date symlink: /home/zidane/Desktop/project_cnn_regulation/install/ur_description/share/ur_description/config/ur7e/joint_limits.yaml
[2.185s] -- Up-to-date symlink: /home/zidane/Desktop/project_cnn_regulation/install/ur_description/share/ur_description/config/ur7e/physical_parameters.yaml
[2.185s] -- Up-to-date symlink: /home/zidane/Desktop/project_cnn_regulation/install/ur_description/share/ur_description/config/ur7e/visual_parameters.yaml
[2.186s] -- Up-to-date symlink: /home/zidane/Desktop/project_cnn_regulation/install/ur_description/share/ur_description/config/ur8long/default_kinematics.yaml
[2.186s] -- Up-to-date symlink: /home/zidane/Desktop/project_cnn_regulation/install/ur_description/share/ur_description/config/ur8long/joint_limits.yaml
[2.186s] -- Up-to-date symlink: /home/zidane/Desktop/project_cnn_regulation/install/ur_description/share/ur_description/config/ur8long/physical_parameters.yaml
[2.186s] -- Up-to-date symlink: /home/zidane/Desktop/project_cnn_regulation/install/ur_description/share/ur_description/config/ur8long/visual_parameters.yaml
[2.187s] -- Up-to-date symlink: /home/zidane/Desktop/project_cnn_regulation/install/ur_description/share/ur_description/launch/view_ur.launch.py
[2.187s] -- Up-to-date symlink: /home/zidane/Desktop/project_cnn_regulation/install/ur_description/share/ur_description/launch/view_ur.launch.xml
[2.189s] -- Up-to-date symlink: /home/zidane/Desktop/project_cnn_regulation/install/ur_description/share/ur_description/meshes/ur10/collision/base.stl
[2.189s] -- Up-to-date symlink: /home/zidane/Desktop/project_cnn_regulation/install/ur_description/share/ur_description/meshes/ur10/collision/forearm.stl
[2.189s] -- Up-to-date symlink: /home/zidane/Desktop/project_cnn_regulation/install/ur_description/share/ur_description/meshes/ur10/collision/shoulder.stl
[2.189s] -- Up-to-date symlink: /home/zidane/Desktop/project_cnn_regulation/install/ur_description/share/ur_description/meshes/ur10/collision/upperarm.stl
[2.189s] -- Up-to-date symlink: /home/zidane/Desktop/project_cnn_regulation/install/ur_description/share/ur_description/meshes/ur10/collision/wrist1.stl
[2.190s] -- Up-to-date symlink: /home/zidane/Desktop/project_cnn_regulation/install/ur_description/share/ur_description/meshes/ur10/collision/wrist2.stl
[2.190s] -- Up-to-date symlink: /home/zidane/Desktop/project_cnn_regulation/install/ur_description/share/ur_description/meshes/ur10/collision/wrist3.stl
[2.190s] -- Up-to-date symlink: /home/zidane/Desktop/project_cnn_regulation/install/ur_description/share/ur_description/meshes/ur10/visual/base.dae
[2.190s] -- Up-to-date symlink: /home/zidane/Desktop/project_cnn_regulation/install/ur_description/share/ur_description/meshes/ur10/visual/forearm.dae
[2.190s] -- Up-to-date symlink: /home/zidane/Desktop/project_cnn_regulation/install/ur_description/share/ur_description/meshes/ur10/visual/shoulder.dae
[2.190s] -- Up-to-date symlink: /home/zidane/Desktop/project_cnn_regulation/install/ur_description/share/ur_description/meshes/ur10/visual/upperarm.dae
[2.190s] -- Up-to-date symlink: /home/zidane/Desktop/project_cnn_regulation/install/ur_description/share/ur_description/meshes/ur10/visual/wrist1.dae
[2.190s] -- Up-to-date symlink: /home/zidane/Desktop/project_cnn_regulation/install/ur_description/share/ur_description/meshes/ur10/visual/wrist2.dae
[2.190s] -- Up-to-date symlink: /home/zidane/Desktop/project_cnn_regulation/install/ur_description/share/ur_description/meshes/ur10/visual/wrist3.dae
[2.190s] -- Up-to-date symlink: /home/zidane/Desktop/project_cnn_regulation/install/ur_description/share/ur_description/meshes/ur10e/collision/base.stl
[2.191s] -- Up-to-date symlink: /home/zidane/Desktop/project_cnn_regulation/install/ur_description/share/ur_description/meshes/ur10e/collision/forearm.stl
[2.191s] -- Up-to-date symlink: /home/zidane/Desktop/project_cnn_regulation/install/ur_description/share/ur_description/meshes/ur10e/collision/shoulder.stl
[2.191s] -- Up-to-date symlink: /home/zidane/Desktop/project_cnn_regulation/install/ur_description/share/ur_description/meshes/ur10e/collision/upperarm.stl
[2.191s] -- Up-to-date symlink: /home/zidane/Desktop/project_cnn_regulation/install/ur_description/share/ur_description/meshes/ur10e/collision/wrist1.stl
[2.191s] -- Up-to-date symlink: /home/zidane/Desktop/project_cnn_regulation/install/ur_description/share/ur_description/meshes/ur10e/collision/wrist2.stl
[2.191s] -- Up-to-date symlink: /home/zidane/Desktop/project_cnn_regulation/install/ur_description/share/ur_description/meshes/ur10e/collision/wrist3.stl
[2.191s] -- Up-to-date symlink: /home/zidane/Desktop/project_cnn_regulation/install/ur_description/share/ur_description/meshes/ur10e/visual/base.dae
[2.191s] -- Up-to-date symlink: /home/zidane/Desktop/project_cnn_regulation/install/ur_description/share/ur_description/meshes/ur10e/visual/forearm.dae
[2.191s] -- Up-to-date symlink: /home/zidane/Desktop/project_cnn_regulation/install/ur_description/share/ur_description/meshes/ur10e/visual/shoulder.dae
[2.192s] -- Up-to-date symlink: /home/zidane/Desktop/project_cnn_regulation/install/ur_description/share/ur_description/meshes/ur10e/visual/upperarm.dae
[2.192s] -- Up-to-date symlink: /home/zidane/Desktop/project_cnn_regulation/install/ur_description/share/ur_description/meshes/ur10e/visual/wrist1.dae
[2.192s] -- Up-to-date symlink: /home/zidane/Desktop/project_cnn_regulation/install/ur_description/share/ur_description/meshes/ur10e/visual/wrist2.dae
[2.192s] -- Up-to-date symlink: /home/zidane/Desktop/project_cnn_regulation/install/ur_description/share/ur_description/meshes/ur10e/visual/wrist3.dae
[2.192s] -- Up-to-date symlink: /home/zidane/Desktop/project_cnn_regulation/install/ur_description/share/ur_description/meshes/ur15/LICENSE.txt
[2.192s] -- Up-to-date symlink: /home/zidane/Desktop/project_cnn_regulation/install/ur_description/share/ur_description/meshes/ur15/collision/base.stl
[2.192s] -- Up-to-date symlink: /home/zidane/Desktop/project_cnn_regulation/install/ur_description/share/ur_description/meshes/ur15/collision/forearm.stl
[2.192s] -- Up-to-date symlink: /home/zidane/Desktop/project_cnn_regulation/install/ur_description/share/ur_description/meshes/ur15/collision/shoulder.stl
[2.192s] -- Up-to-date symlink: /home/zidane/Desktop/project_cnn_regulation/install/ur_description/share/ur_description/meshes/ur15/collision/upperarm.stl
[2.193s] -- Up-to-date symlink: /home/zidane/Desktop/project_cnn_regulation/install/ur_description/share/ur_description/meshes/ur15/collision/wrist1.stl
[2.193s] -- Up-to-date symlink: /home/zidane/Desktop/project_cnn_regulation/install/ur_description/share/ur_description/meshes/ur15/collision/wrist2.stl
[2.193s] -- Up-to-date symlink: /home/zidane/Desktop/project_cnn_regulation/install/ur_description/share/ur_description/meshes/ur15/collision/wrist3.stl
[2.193s] -- Up-to-date symlink: /home/zidane/Desktop/project_cnn_regulation/install/ur_description/share/ur_description/meshes/ur15/visual/UR15_DIFF_8bit_2K.jpg
[2.193s] -- Up-to-date symlink: /home/zidane/Desktop/project_cnn_regulation/install/ur_description/share/ur_description/meshes/ur15/visual/base.dae
[2.194s] -- Up-to-date symlink: /home/zidane/Desktop/project_cnn_regulation/install/ur_description/share/ur_description/meshes/ur15/visual/forearm.dae
[2.194s] -- Up-to-date symlink: /home/zidane/Desktop/project_cnn_regulation/install/ur_description/share/ur_description/meshes/ur15/visual/shoulder.dae
[2.194s] -- Up-to-date symlink: /home/zidane/Desktop/project_cnn_regulation/install/ur_description/share/ur_description/meshes/ur15/visual/upperarm.dae
[2.194s] -- Up-to-date symlink: /home/zidane/Desktop/project_cnn_regulation/install/ur_description/share/ur_description/meshes/ur15/visual/wrist1.dae
[2.194s] -- Up-to-date symlink: /home/zidane/Desktop/project_cnn_regulation/install/ur_description/share/ur_description/meshes/ur15/visual/wrist2.dae
[2.195s] -- Up-to-date symlink: /home/zidane/Desktop/project_cnn_regulation/install/ur_description/share/ur_description/meshes/ur15/visual/wrist3.dae
[2.195s] -- Up-to-date symlink: /home/zidane/Desktop/project_cnn_regulation/install/ur_description/share/ur_description/meshes/ur16e/collision/forearm.stl
[2.195s] -- Up-to-date symlink: /home/zidane/Desktop/project_cnn_regulation/install/ur_description/share/ur_description/meshes/ur16e/collision/upperarm.stl
[2.195s] -- Up-to-date symlink: /home/zidane/Desktop/project_cnn_regulation/install/ur_description/share/ur_description/meshes/ur16e/visual/forearm.dae
[2.195s] -- Up-to-date symlink: /home/zidane/Desktop/project_cnn_regulation/install/ur_description/share/ur_description/meshes/ur16e/visual/upperarm.dae
[2.196s] -- Up-to-date symlink: /home/zidane/Desktop/project_cnn_regulation/install/ur_description/share/ur_description/meshes/ur18/LICENSE.txt
[2.196s] -- Up-to-date symlink: /home/zidane/Desktop/project_cnn_regulation/install/ur_description/share/ur_description/meshes/ur18/collision/forearm.stl
[2.196s] -- Up-to-date symlink: /home/zidane/Desktop/project_cnn_regulation/install/ur_description/share/ur_description/meshes/ur18/collision/upperarm.stl
[2.196s] -- Up-to-date symlink: /home/zidane/Desktop/project_cnn_regulation/install/ur_description/share/ur_description/meshes/ur18/visual/UR18_DIFF_8bit_2K.jpg
[2.196s] -- Up-to-date symlink: /home/zidane/Desktop/project_cnn_regulation/install/ur_description/share/ur_description/meshes/ur18/visual/forearm.dae
[2.197s] -- Up-to-date symlink: /home/zidane/Desktop/project_cnn_regulation/install/ur_description/share/ur_description/meshes/ur18/visual/upperarm.dae
[2.197s] -- Up-to-date symlink: /home/zidane/Desktop/project_cnn_regulation/install/ur_description/share/ur_description/meshes/ur20/LICENSE.txt
[2.197s] -- Up-to-date symlink: /home/zidane/Desktop/project_cnn_regulation/install/ur_description/share/ur_description/meshes/ur20/collision/base.stl
[2.197s] -- Up-to-date symlink: /home/zidane/Desktop/project_cnn_regulation/install/ur_description/share/ur_description/meshes/ur20/collision/forearm.stl
[2.197s] -- Up-to-date symlink: /home/zidane/Desktop/project_cnn_regulation/install/ur_description/share/ur_description/meshes/ur20/collision/shoulder.stl
[2.198s] -- Up-to-date symlink: /home/zidane/Desktop/project_cnn_regulation/install/ur_description/share/ur_description/meshes/ur20/collision/upperarm.stl
[2.198s] -- Up-to-date symlink: /home/zidane/Desktop/project_cnn_regulation/install/ur_description/share/ur_description/meshes/ur20/collision/wrist1.stl
[2.198s] -- Up-to-date symlink: /home/zidane/Desktop/project_cnn_regulation/install/ur_description/share/ur_description/meshes/ur20/collision/wrist2.stl
[2.198s] -- Up-to-date symlink: /home/zidane/Desktop/project_cnn_regulation/install/ur_description/share/ur_description/meshes/ur20/collision/wrist3.stl
[2.198s] -- Up-to-date symlink: /home/zidane/Desktop/project_cnn_regulation/install/ur_description/share/ur_description/meshes/ur20/visual/UR20_DIFF_8bit_2K.png
[2.199s] -- Up-to-date symlink: /home/zidane/Desktop/project_cnn_regulation/install/ur_description/share/ur_description/meshes/ur20/visual/base.dae
[2.199s] -- Up-to-date symlink: /home/zidane/Desktop/project_cnn_regulation/install/ur_description/share/ur_description/meshes/ur20/visual/forearm.dae
[2.199s] -- Up-to-date symlink: /home/zidane/Desktop/project_cnn_regulation/install/ur_description/share/ur_description/meshes/ur20/visual/shoulder.dae
[2.199s] -- Up-to-date symlink: /home/zidane/Desktop/project_cnn_regulation/install/ur_description/share/ur_description/meshes/ur20/visual/upperarm.dae
[2.199s] -- Up-to-date symlink: /home/zidane/Desktop/project_cnn_regulation/install/ur_description/share/ur_description/meshes/ur20/visual/wrist1.dae
[2.200s] -- Up-to-date symlink: /home/zidane/Desktop/project_cnn_regulation/install/ur_description/share/ur_description/meshes/ur20/visual/wrist2.dae
[2.200s] -- Up-to-date symlink: /home/zidane/Desktop/project_cnn_regulation/install/ur_description/share/ur_description/meshes/ur20/visual/wrist3.dae
[2.200s] -- Up-to-date symlink: /home/zidane/Desktop/project_cnn_regulation/install/ur_description/share/ur_description/meshes/ur3/collision/base.stl
[2.200s] -- Up-to-date symlink: /home/zidane/Desktop/project_cnn_regulation/install/ur_description/share/ur_description/meshes/ur3/collision/forearm.stl
[2.200s] -- Up-to-date symlink: /home/zidane/Desktop/project_cnn_regulation/install/ur_description/share/ur_description/meshes/ur3/collision/shoulder.stl
[2.201s] -- Up-to-date symlink: /home/zidane/Desktop/project_cnn_regulation/install/ur_description/share/ur_description/meshes/ur3/collision/upperarm.stl
[2.201s] -- Up-to-date symlink: /home/zidane/Desktop/project_cnn_regulation/install/ur_description/share/ur_description/meshes/ur3/collision/wrist1.stl
[2.201s] -- Up-to-date symlink: /home/zidane/Desktop/project_cnn_regulation/install/ur_description/share/ur_description/meshes/ur3/collision/wrist2.stl
[2.201s] -- Up-to-date symlink: /home/zidane/Desktop/project_cnn_regulation/install/ur_description/share/ur_description/meshes/ur3/collision/wrist3.stl
[2.201s] -- Up-to-date symlink: /home/zidane/Desktop/project_cnn_regulation/install/ur_description/share/ur_description/meshes/ur3/visual/base.dae
[2.201s] -- Up-to-date symlink: /home/zidane/Desktop/project_cnn_regulation/install/ur_description/share/ur_description/meshes/ur3/visual/forearm.dae
[2.202s] -- Up-to-date symlink: /home/zidane/Desktop/project_cnn_regulation/install/ur_description/share/ur_description/meshes/ur3/visual/shoulder.dae
[2.202s] -- Up-to-date symlink: /home/zidane/Desktop/project_cnn_regulation/install/ur_description/share/ur_description/meshes/ur3/visual/upperarm.dae
[2.202s] -- Up-to-date symlink: /home/zidane/Desktop/project_cnn_regulation/install/ur_description/share/ur_description/meshes/ur3/visual/wrist1.dae
[2.202s] -- Up-to-date symlink: /home/zidane/Desktop/project_cnn_regulation/install/ur_description/share/ur_description/meshes/ur3/visual/wrist2.dae
[2.202s] -- Up-to-date symlink: /home/zidane/Desktop/project_cnn_regulation/install/ur_description/share/ur_description/meshes/ur3/visual/wrist3.dae
[2.203s] -- Up-to-date symlink: /home/zidane/Desktop/project_cnn_regulation/install/ur_description/share/ur_description/meshes/ur30/LICENSE.txt
[2.203s] -- Up-to-date symlink: /home/zidane/Desktop/project_cnn_regulation/install/ur_description/share/ur_description/meshes/ur30/collision/forearm.stl
[2.203s] -- Up-to-date symlink: /home/zidane/Desktop/project_cnn_regulation/install/ur_description/share/ur_description/meshes/ur30/collision/upperarm.stl
[2.203s] -- Up-to-date symlink: /home/zidane/Desktop/project_cnn_regulation/install/ur_description/share/ur_description/meshes/ur30/visual/UR30_DIFF_8bit_2K.png
[2.203s] -- Up-to-date symlink: /home/zidane/Desktop/project_cnn_regulation/install/ur_description/share/ur_description/meshes/ur30/visual/forearm.dae
[2.203s] -- Up-to-date symlink: /home/zidane/Desktop/project_cnn_regulation/install/ur_description/share/ur_description/meshes/ur30/visual/upperarm.dae
[2.204s] -- Up-to-date symlink: /home/zidane/Desktop/project_cnn_regulation/install/ur_description/share/ur_description/meshes/ur3e/collision/base.stl
[2.204s] -- Up-to-date symlink: /home/zidane/Desktop/project_cnn_regulation/install/ur_description/share/ur_description/meshes/ur3e/collision/forearm.stl
[2.204s] -- Up-to-date symlink: /home/zidane/Desktop/project_cnn_regulation/install/ur_description/share/ur_description/meshes/ur3e/collision/shoulder.stl
[2.204s] -- Up-to-date symlink: /home/zidane/Desktop/project_cnn_regulation/install/ur_description/share/ur_description/meshes/ur3e/collision/upperarm.stl
[2.204s] -- Up-to-date symlink: /home/zidane/Desktop/project_cnn_regulation/install/ur_description/share/ur_description/meshes/ur3e/collision/wrist1.stl
[2.205s] -- Up-to-date symlink: /home/zidane/Desktop/project_cnn_regulation/install/ur_description/share/ur_description/meshes/ur3e/collision/wrist2.stl
[2.205s] -- Up-to-date symlink: /home/zidane/Desktop/project_cnn_regulation/install/ur_description/share/ur_description/meshes/ur3e/collision/wrist3.stl
[2.205s] -- Up-to-date symlink: /home/zidane/Desktop/project_cnn_regulation/install/ur_description/share/ur_description/meshes/ur3e/visual/base.dae
[2.205s] -- Up-to-date symlink: /home/zidane/Desktop/project_cnn_regulation/install/ur_description/share/ur_description/meshes/ur3e/visual/forearm.dae
[2.205s] -- Up-to-date symlink: /home/zidane/Desktop/project_cnn_regulation/install/ur_description/share/ur_description/meshes/ur3e/visual/shoulder.dae
[2.206s] -- Up-to-date symlink: /home/zidane/Desktop/project_cnn_regulation/install/ur_description/share/ur_description/meshes/ur3e/visual/upperarm.dae
[2.206s] -- Up-to-date symlink: /home/zidane/Desktop/project_cnn_regulation/install/ur_description/share/ur_description/meshes/ur3e/visual/wrist1.dae
[2.206s] -- Up-to-date symlink: /home/zidane/Desktop/project_cnn_regulation/install/ur_description/share/ur_description/meshes/ur3e/visual/wrist2.dae
[2.206s] -- Up-to-date symlink: /home/zidane/Desktop/project_cnn_regulation/install/ur_description/share/ur_description/meshes/ur3e/visual/wrist3.dae
[2.206s] -- Up-to-date symlink: /home/zidane/Desktop/project_cnn_regulation/install/ur_description/share/ur_description/meshes/ur5/collision/base.stl
[2.207s] -- Up-to-date symlink: /home/zidane/Desktop/project_cnn_regulation/install/ur_description/share/ur_description/meshes/ur5/collision/forearm.stl
[2.207s] -- Up-to-date symlink: /home/zidane/Desktop/project_cnn_regulation/install/ur_description/share/ur_description/meshes/ur5/collision/shoulder.stl
[2.207s] -- Up-to-date symlink: /home/zidane/Desktop/project_cnn_regulation/install/ur_description/share/ur_description/meshes/ur5/collision/upperarm.stl
[2.207s] -- Up-to-date symlink: /home/zidane/Desktop/project_cnn_regulation/install/ur_description/share/ur_description/meshes/ur5/collision/wrist1.stl
[2.207s] -- Up-to-date symlink: /home/zidane/Desktop/project_cnn_regulation/install/ur_description/share/ur_description/meshes/ur5/collision/wrist2.stl
[2.207s] -- Up-to-date symlink: /home/zidane/Desktop/project_cnn_regulation/install/ur_description/share/ur_description/meshes/ur5/collision/wrist3.stl
[2.208s] -- Up-to-date symlink: /home/zidane/Desktop/project_cnn_regulation/install/ur_description/share/ur_description/meshes/ur5/visual/base.dae
[2.208s] -- Up-to-date symlink: /home/zidane/Desktop/project_cnn_regulation/install/ur_description/share/ur_description/meshes/ur5/visual/forearm.dae
[2.208s] -- Up-to-date symlink: /home/zidane/Desktop/project_cnn_regulation/install/ur_description/share/ur_description/meshes/ur5/visual/shoulder.dae
[2.208s] -- Up-to-date symlink: /home/zidane/Desktop/project_cnn_regulation/install/ur_description/share/ur_description/meshes/ur5/visual/upperarm.dae
[2.208s] -- Up-to-date symlink: /home/zidane/Desktop/project_cnn_regulation/install/ur_description/share/ur_description/meshes/ur5/visual/wrist1.dae
[2.208s] -- Up-to-date symlink: /home/zidane/Desktop/project_cnn_regulation/install/ur_description/share/ur_description/meshes/ur5/visual/wrist2.dae
[2.209s] -- Up-to-date symlink: /home/zidane/Desktop/project_cnn_regulation/install/ur_description/share/ur_description/meshes/ur5/visual/wrist3.dae
[2.209s] -- Up-to-date symlink: /home/zidane/Desktop/project_cnn_regulation/install/ur_description/share/ur_description/meshes/ur5e/collision/base.stl
[2.209s] -- Up-to-date symlink: /home/zidane/Desktop/project_cnn_regulation/install/ur_description/share/ur_description/meshes/ur5e/collision/forearm.stl
[2.209s] -- Up-to-date symlink: /home/zidane/Desktop/project_cnn_regulation/install/ur_description/share/ur_description/meshes/ur5e/collision/shoulder.stl
[2.209s] -- Up-to-date symlink: /home/zidane/Desktop/project_cnn_regulation/install/ur_description/share/ur_description/meshes/ur5e/collision/upperarm.stl
[2.209s] -- Up-to-date symlink: /home/zidane/Desktop/project_cnn_regulation/install/ur_description/share/ur_description/meshes/ur5e/collision/wrist1.stl
[2.210s] -- Up-to-date symlink: /home/zidane/Desktop/project_cnn_regulation/install/ur_description/share/ur_description/meshes/ur5e/collision/wrist2.stl
[2.210s] -- Up-to-date symlink: /home/zidane/Desktop/project_cnn_regulation/install/ur_description/share/ur_description/meshes/ur5e/collision/wrist3.stl
[2.210s] -- Up-to-date symlink: /home/zidane/Desktop/project_cnn_regulation/install/ur_description/share/ur_description/meshes/ur5e/visual/base.dae
[2.210s] -- Up-to-date symlink: /home/zidane/Desktop/project_cnn_regulation/install/ur_description/share/ur_description/meshes/ur5e/visual/forearm.dae
[2.210s] -- Up-to-date symlink: /home/zidane/Desktop/project_cnn_regulation/install/ur_description/share/ur_description/meshes/ur5e/visual/shoulder.dae
[2.210s] -- Up-to-date symlink: /home/zidane/Desktop/project_cnn_regulation/install/ur_description/share/ur_description/meshes/ur5e/visual/upperarm.dae
[2.211s] -- Up-to-date symlink: /home/zidane/Desktop/project_cnn_regulation/install/ur_description/share/ur_description/meshes/ur5e/visual/wrist1.dae
[2.211s] -- Up-to-date symlink: /home/zidane/Desktop/project_cnn_regulation/install/ur_description/share/ur_description/meshes/ur5e/visual/wrist2.dae
[2.211s] -- Up-to-date symlink: /home/zidane/Desktop/project_cnn_regulation/install/ur_description/share/ur_description/meshes/ur5e/visual/wrist3.dae
[2.211s] -- Up-to-date symlink: /home/zidane/Desktop/project_cnn_regulation/install/ur_description/share/ur_description/meshes/ur8long/LICENSE.txt
[2.211s] -- Up-to-date symlink: /home/zidane/Desktop/project_cnn_regulation/install/ur_description/share/ur_description/meshes/ur8long/collision/forearm.stl
[2.211s] -- Up-to-date symlink: /home/zidane/Desktop/project_cnn_regulation/install/ur_description/share/ur_description/meshes/ur8long/collision/upperarm.stl
[2.211s] -- Up-to-date symlink: /home/zidane/Desktop/project_cnn_regulation/install/ur_description/share/ur_description/meshes/ur8long/visual/UR8Long_DIFF_8bit_2K.jpg
[2.212s] -- Up-to-date symlink: /home/zidane/Desktop/project_cnn_regulation/install/ur_description/share/ur_description/meshes/ur8long/visual/forearm.dae
[2.212s] -- Up-to-date symlink: /home/zidane/Desktop/project_cnn_regulation/install/ur_description/share/ur_description/meshes/ur8long/visual/upperarm.dae
[2.212s] -- Up-to-date symlink: /home/zidane/Desktop/project_cnn_regulation/install/ur_description/share/ur_description/rviz/view_robot.rviz
[2.212s] -- Up-to-date symlink: /home/zidane/Desktop/project_cnn_regulation/install/ur_description/share/ur_description/urdf/inc/ur_common.xacro
[2.212s] -- Up-to-date symlink: /home/zidane/Desktop/project_cnn_regulation/install/ur_description/share/ur_description/urdf/inc/ur_joint_control.xacro
[2.212s] -- Up-to-date symlink: /home/zidane/Desktop/project_cnn_regulation/install/ur_description/share/ur_description/urdf/inc/ur_sensors.xacro
[2.212s] -- Up-to-date symlink: /home/zidane/Desktop/project_cnn_regulation/install/ur_description/share/ur_description/urdf/inc/ur_transmissions.xacro
[2.212s] -- Up-to-date symlink: /home/zidane/Desktop/project_cnn_regulation/install/ur_description/share/ur_description/urdf/ros2_control_mock_hardware.xacro
[2.212s] -- Up-to-date symlink: /home/zidane/Desktop/project_cnn_regulation/install/ur_description/share/ur_description/urdf/ur.urdf.xacro
[2.212s] -- Up-to-date symlink: /home/zidane/Desktop/project_cnn_regulation/install/ur_description/share/ur_description/urdf/ur_macro.xacro
[2.212s] -- Up-to-date symlink: /home/zidane/Desktop/project_cnn_regulation/install/ur_description/share/ur_description/urdf/ur_mocked.urdf.xacro
[2.213s] -- Up-to-date symlink: /home/zidane/Desktop/project_cnn_regulation/install/ur_description/share/ur_description/test/test_ur_urdf_xacro.py
[2.213s] -- Up-to-date symlink: /home/zidane/Desktop/project_cnn_regulation/install/ur_description/share/ur_description/test/test_view_ur_launch.py
[2.213s] -- Up-to-date symlink: /home/zidane/Desktop/project_cnn_regulation/install/ur_description/share/ament_index/resource_index/package_run_dependencies/ur_description
[2.213s] -- Up-to-date symlink: /home/zidane/Desktop/project_cnn_regulation/install/ur_description/share/ament_index/resource_index/parent_prefix_path/ur_description
[2.213s] -- Up-to-date symlink: /home/zidane/Desktop/project_cnn_regulation/install/ur_description/share/ur_description/environment/ament_prefix_path.sh
[2.213s] -- Up-to-date symlink: /home/zidane/Desktop/project_cnn_regulation/install/ur_description/share/ur_description/environment/ament_prefix_path.dsv
[2.213s] -- Up-to-date symlink: /home/zidane/Desktop/project_cnn_regulation/install/ur_description/share/ur_description/environment/path.sh
[2.213s] -- Up-to-date symlink: /home/zidane/Desktop/project_cnn_regulation/install/ur_description/share/ur_description/environment/path.dsv
[2.213s] -- Up-to-date symlink: /home/zidane/Desktop/project_cnn_regulation/install/ur_description/share/ur_description/local_setup.bash
[2.213s] -- Up-to-date symlink: /home/zidane/Desktop/project_cnn_regulation/install/ur_description/share/ur_description/local_setup.sh
[2.213s] -- Up-to-date symlink: /home/zidane/Desktop/project_cnn_regulation/install/ur_description/share/ur_description/local_setup.zsh
[2.214s] -- Up-to-date symlink: /home/zidane/Desktop/project_cnn_regulation/install/ur_description/share/ur_description/local_setup.dsv
[2.214s] -- Symlinking: /home/zidane/Desktop/project_cnn_regulation/install/ur_description/share/ur_description/package.dsv
[2.223s] -- Up-to-date symlink: /home/zidane/Desktop/project_cnn_regulation/install/ur_description/share/ament_index/resource_index/packages/ur_description
[2.223s] -- Up-to-date symlink: /home/zidane/Desktop/project_cnn_regulation/install/ur_description/share/ur_description/cmake/ur_descriptionConfig.cmake
[2.224s] -- Up-to-date symlink: /home/zidane/Desktop/project_cnn_regulation/install/ur_description/share/ur_description/cmake/ur_descriptionConfig-version.cmake
[2.224s] -- Up-to-date symlink: /home/zidane/Desktop/project_cnn_regulation/install/ur_description/share/ur_description/package.xml
[2.228s] Invoked command in '/home/zidane/Desktop/project_cnn_regulation/build/ur_description' returned '0': CMAKE_PREFIX_PATH=${CMAKE_PREFIX_PATH}:/opt/ros/jazzy DEBUGINFOD_URLS=https://debuginfod.ubuntu.com /usr/bin/cmake --install /home/zidane/Desktop/project_cnn_regulation/build/ur_description
