/home/zidane/Desktop/project_cnn_regulation/install/cnn_regulator/lib/python3.12/site-packages/cnn_regulator/gui_target_ui.py
/home/zidane/Desktop/project_cnn_regulation/install/cnn_regulator/lib/python3.12/site-packages/cnn_regulator/train.py
/home/zidane/Desktop/project_cnn_regulation/install/cnn_regulator/lib/python3.12/site-packages/cnn_regulator/__init__.py
/home/zidane/Desktop/project_cnn_regulation/install/cnn_regulator/lib/python3.12/site-packages/cnn_regulator/evaluate.py
/home/zidane/Desktop/project_cnn_regulation/install/cnn_regulator/lib/python3.12/site-packages/cnn_regulator/target_ui.py
/home/zidane/Desktop/project_cnn_regulation/install/cnn_regulator/lib/python3.12/site-packages/cnn_regulator/ros_controller.py
/home/zidane/Desktop/project_cnn_regulation/install/cnn_regulator/lib/python3.12/site-packages/cnn_regulator/classic_controller.py
/home/zidane/Desktop/project_cnn_regulation/install/cnn_regulator/lib/python3.12/site-packages/cnn_regulator/data_collector.py
/home/zidane/Desktop/project_cnn_regulation/install/cnn_regulator/lib/python3.12/site-packages/cnn_regulator/cnn_model.py
/home/zidane/Desktop/project_cnn_regulation/install/cnn_regulator/lib/python3.12/site-packages/cnn_regulator/__pycache__/gui_target_ui.cpython-312.pyc
/home/zidane/Desktop/project_cnn_regulation/install/cnn_regulator/lib/python3.12/site-packages/cnn_regulator/__pycache__/train.cpython-312.pyc
/home/zidane/Desktop/project_cnn_regulation/install/cnn_regulator/lib/python3.12/site-packages/cnn_regulator/__pycache__/__init__.cpython-312.pyc
/home/zidane/Desktop/project_cnn_regulation/install/cnn_regulator/lib/python3.12/site-packages/cnn_regulator/__pycache__/evaluate.cpython-312.pyc
/home/zidane/Desktop/project_cnn_regulation/install/cnn_regulator/lib/python3.12/site-packages/cnn_regulator/__pycache__/target_ui.cpython-312.pyc
/home/zidane/Desktop/project_cnn_regulation/install/cnn_regulator/lib/python3.12/site-packages/cnn_regulator/__pycache__/ros_controller.cpython-312.pyc
/home/zidane/Desktop/project_cnn_regulation/install/cnn_regulator/lib/python3.12/site-packages/cnn_regulator/__pycache__/classic_controller.cpython-312.pyc
/home/zidane/Desktop/project_cnn_regulation/install/cnn_regulator/lib/python3.12/site-packages/cnn_regulator/__pycache__/data_collector.cpython-312.pyc
/home/zidane/Desktop/project_cnn_regulation/install/cnn_regulator/lib/python3.12/site-packages/cnn_regulator/__pycache__/cnn_model.cpython-312.pyc
/home/zidane/Desktop/project_cnn_regulation/install/cnn_regulator/share/ament_index/resource_index/packages/cnn_regulator
/home/zidane/Desktop/project_cnn_regulation/install/cnn_regulator/share/cnn_regulator/package.xml
/home/zidane/Desktop/project_cnn_regulation/install/cnn_regulator/lib/python3.12/site-packages/cnn_regulator-0.0.0-py3.12.egg-info/dependency_links.txt
/home/zidane/Desktop/project_cnn_regulation/install/cnn_regulator/lib/python3.12/site-packages/cnn_regulator-0.0.0-py3.12.egg-info/PKG-INFO
/home/zidane/Desktop/project_cnn_regulation/install/cnn_regulator/lib/python3.12/site-packages/cnn_regulator-0.0.0-py3.12.egg-info/SOURCES.txt
/home/zidane/Desktop/project_cnn_regulation/install/cnn_regulator/lib/python3.12/site-packages/cnn_regulator-0.0.0-py3.12.egg-info/zip-safe
/home/zidane/Desktop/project_cnn_regulation/install/cnn_regulator/lib/python3.12/site-packages/cnn_regulator-0.0.0-py3.12.egg-info/entry_points.txt
/home/zidane/Desktop/project_cnn_regulation/install/cnn_regulator/lib/python3.12/site-packages/cnn_regulator-0.0.0-py3.12.egg-info/top_level.txt
/home/zidane/Desktop/project_cnn_regulation/install/cnn_regulator/lib/python3.12/site-packages/cnn_regulator-0.0.0-py3.12.egg-info/requires.txt
/home/zidane/Desktop/project_cnn_regulation/install/cnn_regulator/lib/cnn_regulator/classic_controller
/home/zidane/Desktop/project_cnn_regulation/install/cnn_regulator/lib/cnn_regulator/data_collector
/home/zidane/Desktop/project_cnn_regulation/install/cnn_regulator/lib/cnn_regulator/ros_controller
/home/zidane/Desktop/project_cnn_regulation/install/cnn_regulator/lib/cnn_regulator/target_gui
/home/zidane/Desktop/project_cnn_regulation/install/cnn_regulator/lib/cnn_regulator/target_ui
