[0.434s] DEBUG:colcon:Command line arguments: ['/usr/bin/colcon', 'build']
[0.434s] DEBUG:colcon:Parsed command line arguments: Namespace(log_base=None, log_level=None, verb_name='build', build_base='build', install_base='install', merge_install=False, symlink_install=False, test_result_base=None, continue_on_error=False, executor='parallel', parallel_workers=16, event_handlers=None, ignore_user_meta=False, metas=['./colcon.meta'], base_paths=['.'], packages_ignore=None, packages_ignore_regex=None, paths=None, packages_up_to=None, packages_up_to_regex=None, packages_above=None, packages_above_and_dependencies=None, packages_above_depth=None, packages_select_by_dep=None, packages_skip_by_dep=None, packages_skip_up_to=None, packages_select_build_failed=False, packages_skip_build_finished=False, packages_select_test_failures=False, packages_skip_test_passed=False, packages_select=None, packages_skip=None, packages_select_regex=None, packages_skip_regex=None, packages_start=None, packages_end=None, allow_overriding=[], cmake_args=None, cmake_target=None, cmake_target_skip_unavailable=False, cmake_clean_cache=False, cmake_clean_first=False, cmake_force_configure=False, ament_cmake_args=None, catkin_cmake_args=None, catkin_skip_building_tests=False, verb_parser=<colcon_defaults.argument_parser.defaults.DefaultArgumentsDecorator object at 0x77269f083980>, verb_extension=<colcon_core.verb.build.BuildVerb object at 0x77269f0837a0>, main=<bound method BuildVerb.main of <colcon_core.verb.build.BuildVerb object at 0x77269f0837a0>>)
[0.506s] Level 1:colcon.colcon_core.package_discovery:discover_packages(colcon_meta) check parameters
[0.506s] Level 1:colcon.colcon_core.package_discovery:discover_packages(recursive) check parameters
[0.506s] Level 1:colcon.colcon_core.package_discovery:discover_packages(ignore) check parameters
[0.506s] Level 1:colcon.colcon_core.package_discovery:discover_packages(path) check parameters
[0.506s] Level 1:colcon.colcon_core.package_discovery:discover_packages(colcon_meta) discover
[0.506s] Level 1:colcon.colcon_core.package_discovery:discover_packages(recursive) discover
[0.506s] INFO:colcon.colcon_core.package_discovery:Crawling recursively for packages in '/home/zidane/Desktop/project_cnn_regulation'
[0.507s] Level 1:colcon.colcon_core.package_identification:_identify(.) by extensions ['ignore', 'ignore_ament_install']
[0.507s] Level 1:colcon.colcon_core.package_identification:_identify(.) by extension 'ignore'
[0.507s] Level 1:colcon.colcon_core.package_identification:_identify(.) by extension 'ignore_ament_install'
[0.507s] Level 1:colcon.colcon_core.package_identification:_identify(.) by extensions ['colcon_pkg']
[0.507s] Level 1:colcon.colcon_core.package_identification:_identify(.) by extension 'colcon_pkg'
[0.507s] Level 1:colcon.colcon_core.package_identification:_identify(.) by extensions ['colcon_meta']
[0.507s] Level 1:colcon.colcon_core.package_identification:_identify(.) by extension 'colcon_meta'
[0.507s] Level 1:colcon.colcon_core.package_identification:_identify(.) by extensions ['ros']
[0.507s] Level 1:colcon.colcon_core.package_identification:_identify(.) by extension 'ros'
[0.557s] Level 1:colcon.colcon_core.package_identification:_identify(.) by extensions ['cmake', 'python']
[0.557s] Level 1:colcon.colcon_core.package_identification:_identify(.) by extension 'cmake'
[0.557s] Level 1:colcon.colcon_core.package_identification:_identify(.) by extension 'python'
[0.557s] Level 1:colcon.colcon_core.package_identification:_identify(.) by extensions ['python_setup_py']
[0.557s] Level 1:colcon.colcon_core.package_identification:_identify(.) by extension 'python_setup_py'
[0.557s] Level 1:colcon.colcon_core.package_identification:_identify(build) by extensions ['ignore', 'ignore_ament_install']
[0.557s] Level 1:colcon.colcon_core.package_identification:_identify(build) by extension 'ignore'
[0.557s] Level 1:colcon.colcon_core.package_identification:_identify(build) ignored
[0.558s] Level 1:colcon.colcon_core.package_identification:_identify(install) by extensions ['ignore', 'ignore_ament_install']
[0.558s] Level 1:colcon.colcon_core.package_identification:_identify(install) by extension 'ignore'
[0.558s] Level 1:colcon.colcon_core.package_identification:_identify(install) ignored
[0.558s] Level 1:colcon.colcon_core.package_identification:_identify(log) by extensions ['ignore', 'ignore_ament_install']
[0.558s] Level 1:colcon.colcon_core.package_identification:_identify(log) by extension 'ignore'
[0.558s] Level 1:colcon.colcon_core.package_identification:_identify(log) ignored
[0.558s] Level 1:colcon.colcon_core.package_identification:_identify(src) by extensions ['ignore', 'ignore_ament_install']
[0.558s] Level 1:colcon.colcon_core.package_identification:_identify(src) by extension 'ignore'
[0.558s] Level 1:colcon.colcon_core.package_identification:_identify(src) by extension 'ignore_ament_install'
[0.558s] Level 1:colcon.colcon_core.package_identification:_identify(src) by extensions ['colcon_pkg']
[0.558s] Level 1:colcon.colcon_core.package_identification:_identify(src) by extension 'colcon_pkg'
[0.558s] Level 1:colcon.colcon_core.package_identification:_identify(src) by extensions ['colcon_meta']
[0.559s] Level 1:colcon.colcon_core.package_identification:_identify(src) by extension 'colcon_meta'
[0.559s] Level 1:colcon.colcon_core.package_identification:_identify(src) by extensions ['ros']
[0.559s] Level 1:colcon.colcon_core.package_identification:_identify(src) by extension 'ros'
[0.559s] Level 1:colcon.colcon_core.package_identification:_identify(src) by extensions ['cmake', 'python']
[0.559s] Level 1:colcon.colcon_core.package_identification:_identify(src) by extension 'cmake'
[0.559s] Level 1:colcon.colcon_core.package_identification:_identify(src) by extension 'python'
[0.559s] Level 1:colcon.colcon_core.package_identification:_identify(src) by extensions ['python_setup_py']
[0.559s] Level 1:colcon.colcon_core.package_identification:_identify(src) by extension 'python_setup_py'
[0.559s] Level 1:colcon.colcon_core.package_identification:_identify(src/Universal_Robots_ROS2_Description) by extensions ['ignore', 'ignore_ament_install']
[0.559s] Level 1:colcon.colcon_core.package_identification:_identify(src/Universal_Robots_ROS2_Description) by extension 'ignore'
[0.559s] Level 1:colcon.colcon_core.package_identification:_identify(src/Universal_Robots_ROS2_Description) by extension 'ignore_ament_install'
[0.559s] Level 1:colcon.colcon_core.package_identification:_identify(src/Universal_Robots_ROS2_Description) by extensions ['colcon_pkg']
[0.559s] Level 1:colcon.colcon_core.package_identification:_identify(src/Universal_Robots_ROS2_Description) by extension 'colcon_pkg'
[0.559s] Level 1:colcon.colcon_core.package_identification:_identify(src/Universal_Robots_ROS2_Description) by extensions ['colcon_meta']
[0.559s] Level 1:colcon.colcon_core.package_identification:_identify(src/Universal_Robots_ROS2_Description) by extension 'colcon_meta'
[0.559s] Level 1:colcon.colcon_core.package_identification:_identify(src/Universal_Robots_ROS2_Description) by extensions ['ros']
[0.559s] Level 1:colcon.colcon_core.package_identification:_identify(src/Universal_Robots_ROS2_Description) by extension 'ros'
[0.564s] DEBUG:colcon.colcon_core.package_identification:Package 'src/Universal_Robots_ROS2_Description' with type 'ros.ament_cmake' and name 'ur_description'
[0.564s] Level 1:colcon.colcon_core.package_identification:_identify(src/cnn_regulator) by extensions ['ignore', 'ignore_ament_install']
[0.564s] Level 1:colcon.colcon_core.package_identification:_identify(src/cnn_regulator) by extension 'ignore'
[0.565s] Level 1:colcon.colcon_core.package_identification:_identify(src/cnn_regulator) by extension 'ignore_ament_install'
[0.565s] Level 1:colcon.colcon_core.package_identification:_identify(src/cnn_regulator) by extensions ['colcon_pkg']
[0.565s] Level 1:colcon.colcon_core.package_identification:_identify(src/cnn_regulator) by extension 'colcon_pkg'
[0.565s] Level 1:colcon.colcon_core.package_identification:_identify(src/cnn_regulator) by extensions ['colcon_meta']
[0.565s] Level 1:colcon.colcon_core.package_identification:_identify(src/cnn_regulator) by extension 'colcon_meta'
[0.565s] Level 1:colcon.colcon_core.package_identification:_identify(src/cnn_regulator) by extensions ['ros']
[0.565s] Level 1:colcon.colcon_core.package_identification:_identify(src/cnn_regulator) by extension 'ros'
[0.566s] DEBUG:colcon.colcon_core.package_identification:Package 'src/cnn_regulator' with type 'ros.ament_python' and name 'cnn_regulator'
[0.566s] Level 1:colcon.colcon_core.package_identification:_identify(src/mimo_process_description) by extensions ['ignore', 'ignore_ament_install']
[0.566s] Level 1:colcon.colcon_core.package_identification:_identify(src/mimo_process_description) by extension 'ignore'
[0.566s] Level 1:colcon.colcon_core.package_identification:_identify(src/mimo_process_description) by extension 'ignore_ament_install'
[0.566s] Level 1:colcon.colcon_core.package_identification:_identify(src/mimo_process_description) by extensions ['colcon_pkg']
[0.566s] Level 1:colcon.colcon_core.package_identification:_identify(src/mimo_process_description) by extension 'colcon_pkg'
[0.566s] Level 1:colcon.colcon_core.package_identification:_identify(src/mimo_process_description) by extensions ['colcon_meta']
[0.566s] Level 1:colcon.colcon_core.package_identification:_identify(src/mimo_process_description) by extension 'colcon_meta'
[0.566s] Level 1:colcon.colcon_core.package_identification:_identify(src/mimo_process_description) by extensions ['ros']
[0.566s] Level 1:colcon.colcon_core.package_identification:_identify(src/mimo_process_description) by extension 'ros'
[0.567s] DEBUG:colcon.colcon_core.package_identification:Package 'src/mimo_process_description' with type 'ros.ament_cmake' and name 'mimo_process_description'
[0.567s] Level 1:colcon.colcon_core.package_identification:_identify(src/mimo_process_gazebo) by extensions ['ignore', 'ignore_ament_install']
[0.567s] Level 1:colcon.colcon_core.package_identification:_identify(src/mimo_process_gazebo) by extension 'ignore'
[0.567s] Level 1:colcon.colcon_core.package_identification:_identify(src/mimo_process_gazebo) by extension 'ignore_ament_install'
[0.567s] Level 1:colcon.colcon_core.package_identification:_identify(src/mimo_process_gazebo) by extensions ['colcon_pkg']
[0.567s] Level 1:colcon.colcon_core.package_identification:_identify(src/mimo_process_gazebo) by extension 'colcon_pkg'
[0.568s] Level 1:colcon.colcon_core.package_identification:_identify(src/mimo_process_gazebo) by extensions ['colcon_meta']
[0.568s] Level 1:colcon.colcon_core.package_identification:_identify(src/mimo_process_gazebo) by extension 'colcon_meta'
[0.568s] Level 1:colcon.colcon_core.package_identification:_identify(src/mimo_process_gazebo) by extensions ['ros']
[0.568s] Level 1:colcon.colcon_core.package_identification:_identify(src/mimo_process_gazebo) by extension 'ros'
[0.568s] DEBUG:colcon.colcon_core.package_identification:Package 'src/mimo_process_gazebo' with type 'ros.ament_cmake' and name 'mimo_process_gazebo'
[0.568s] Level 1:colcon.colcon_core.package_discovery:discover_packages(recursive) using defaults
[0.568s] Level 1:colcon.colcon_core.package_discovery:discover_packages(ignore) discover
[0.568s] Level 1:colcon.colcon_core.package_discovery:discover_packages(ignore) using defaults
[0.568s] Level 1:colcon.colcon_core.package_discovery:discover_packages(path) discover
[0.568s] Level 1:colcon.colcon_core.package_discovery:discover_packages(path) using defaults
[0.597s] Level 1:colcon.colcon_core.package_discovery:discover_packages(prefix_path) check parameters
[0.597s] Level 1:colcon.colcon_core.package_discovery:discover_packages(prefix_path) discover
[0.602s] DEBUG:colcon.colcon_installed_package_information.package_discovery:Found 416 installed packages in /opt/ros/jazzy
[0.603s] Level 1:colcon.colcon_core.package_discovery:discover_packages(prefix_path) using defaults
[0.658s] Level 5:colcon.colcon_core.verb:set package 'cnn_regulator' build argument 'cmake_args' from command line to 'None'
[0.658s] Level 5:colcon.colcon_core.verb:set package 'cnn_regulator' build argument 'cmake_target' from command line to 'None'
[0.658s] Level 5:colcon.colcon_core.verb:set package 'cnn_regulator' build argument 'cmake_target_skip_unavailable' from command line to 'False'
[0.658s] Level 5:colcon.colcon_core.verb:set package 'cnn_regulator' build argument 'cmake_clean_cache' from command line to 'False'
[0.658s] Level 5:colcon.colcon_core.verb:set package 'cnn_regulator' build argument 'cmake_clean_first' from command line to 'False'
[0.658s] Level 5:colcon.colcon_core.verb:set package 'cnn_regulator' build argument 'cmake_force_configure' from command line to 'False'
[0.658s] Level 5:colcon.colcon_core.verb:set package 'cnn_regulator' build argument 'ament_cmake_args' from command line to 'None'
[0.658s] Level 5:colcon.colcon_core.verb:set package 'cnn_regulator' build argument 'catkin_cmake_args' from command line to 'None'
[0.658s] Level 5:colcon.colcon_core.verb:set package 'cnn_regulator' build argument 'catkin_skip_building_tests' from command line to 'False'
[0.658s] DEBUG:colcon.colcon_core.verb:Building package 'cnn_regulator' with the following arguments: {'ament_cmake_args': None, 'build_base': '/home/zidane/Desktop/project_cnn_regulation/build/cnn_regulator', 'catkin_cmake_args': None, 'catkin_skip_building_tests': False, 'cmake_args': None, 'cmake_clean_cache': False, 'cmake_clean_first': False, 'cmake_force_configure': False, 'cmake_target': None, 'cmake_target_skip_unavailable': False, 'install_base': '/home/zidane/Desktop/project_cnn_regulation/install/cnn_regulator', 'merge_install': False, 'path': '/home/zidane/Desktop/project_cnn_regulation/src/cnn_regulator', 'symlink_install': False, 'test_result_base': None}
[0.659s] Level 5:colcon.colcon_core.verb:set package 'mimo_process_description' build argument 'cmake_args' from command line to 'None'
[0.659s] Level 5:colcon.colcon_core.verb:set package 'mimo_process_description' build argument 'cmake_target' from command line to 'None'
[0.659s] Level 5:colcon.colcon_core.verb:set package 'mimo_process_description' build argument 'cmake_target_skip_unavailable' from command line to 'False'
[0.659s] Level 5:colcon.colcon_core.verb:set package 'mimo_process_description' build argument 'cmake_clean_cache' from command line to 'False'
[0.659s] Level 5:colcon.colcon_core.verb:set package 'mimo_process_description' build argument 'cmake_clean_first' from command line to 'False'
[0.659s] Level 5:colcon.colcon_core.verb:set package 'mimo_process_description' build argument 'cmake_force_configure' from command line to 'False'
[0.659s] Level 5:colcon.colcon_core.verb:set package 'mimo_process_description' build argument 'ament_cmake_args' from command line to 'None'
[0.659s] Level 5:colcon.colcon_core.verb:set package 'mimo_process_description' build argument 'catkin_cmake_args' from command line to 'None'
[0.659s] Level 5:colcon.colcon_core.verb:set package 'mimo_process_description' build argument 'catkin_skip_building_tests' from command line to 'False'
[0.659s] DEBUG:colcon.colcon_core.verb:Building package 'mimo_process_description' with the following arguments: {'ament_cmake_args': None, 'build_base': '/home/zidane/Desktop/project_cnn_regulation/build/mimo_process_description', 'catkin_cmake_args': None, 'catkin_skip_building_tests': False, 'cmake_args': None, 'cmake_clean_cache': False, 'cmake_clean_first': False, 'cmake_force_configure': False, 'cmake_target': None, 'cmake_target_skip_unavailable': False, 'install_base': '/home/zidane/Desktop/project_cnn_regulation/install/mimo_process_description', 'merge_install': False, 'path': '/home/zidane/Desktop/project_cnn_regulation/src/mimo_process_description', 'symlink_install': False, 'test_result_base': None}
[0.659s] Level 5:colcon.colcon_core.verb:set package 'mimo_process_gazebo' build argument 'cmake_args' from command line to 'None'
[0.659s] Level 5:colcon.colcon_core.verb:set package 'mimo_process_gazebo' build argument 'cmake_target' from command line to 'None'
[0.659s] Level 5:colcon.colcon_core.verb:set package 'mimo_process_gazebo' build argument 'cmake_target_skip_unavailable' from command line to 'False'
[0.659s] Level 5:colcon.colcon_core.verb:set package 'mimo_process_gazebo' build argument 'cmake_clean_cache' from command line to 'False'
[0.659s] Level 5:colcon.colcon_core.verb:set package 'mimo_process_gazebo' build argument 'cmake_clean_first' from command line to 'False'
[0.659s] Level 5:colcon.colcon_core.verb:set package 'mimo_process_gazebo' build argument 'cmake_force_configure' from command line to 'False'
[0.659s] Level 5:colcon.colcon_core.verb:set package 'mimo_process_gazebo' build argument 'ament_cmake_args' from command line to 'None'
[0.659s] Level 5:colcon.colcon_core.verb:set package 'mimo_process_gazebo' build argument 'catkin_cmake_args' from command line to 'None'
[0.659s] Level 5:colcon.colcon_core.verb:set package 'mimo_process_gazebo' build argument 'catkin_skip_building_tests' from command line to 'False'
[0.659s] DEBUG:colcon.colcon_core.verb:Building package 'mimo_process_gazebo' with the following arguments: {'ament_cmake_args': None, 'build_base': '/home/zidane/Desktop/project_cnn_regulation/build/mimo_process_gazebo', 'catkin_cmake_args': None, 'catkin_skip_building_tests': False, 'cmake_args': None, 'cmake_clean_cache': False, 'cmake_clean_first': False, 'cmake_force_configure': False, 'cmake_target': None, 'cmake_target_skip_unavailable': False, 'install_base': '/home/zidane/Desktop/project_cnn_regulation/install/mimo_process_gazebo', 'merge_install': False, 'path': '/home/zidane/Desktop/project_cnn_regulation/src/mimo_process_gazebo', 'symlink_install': False, 'test_result_base': None}
[0.660s] Level 5:colcon.colcon_core.verb:set package 'ur_description' build argument 'cmake_args' from command line to 'None'
[0.660s] Level 5:colcon.colcon_core.verb:set package 'ur_description' build argument 'cmake_target' from command line to 'None'
[0.660s] Level 5:colcon.colcon_core.verb:set package 'ur_description' build argument 'cmake_target_skip_unavailable' from command line to 'False'
[0.660s] Level 5:colcon.colcon_core.verb:set package 'ur_description' build argument 'cmake_clean_cache' from command line to 'False'
[0.660s] Level 5:colcon.colcon_core.verb:set package 'ur_description' build argument 'cmake_clean_first' from command line to 'False'
[0.660s] Level 5:colcon.colcon_core.verb:set package 'ur_description' build argument 'cmake_force_configure' from command line to 'False'
[0.660s] Level 5:colcon.colcon_core.verb:set package 'ur_description' build argument 'ament_cmake_args' from command line to 'None'
[0.660s] Level 5:colcon.colcon_core.verb:set package 'ur_description' build argument 'catkin_cmake_args' from command line to 'None'
[0.660s] Level 5:colcon.colcon_core.verb:set package 'ur_description' build argument 'catkin_skip_building_tests' from command line to 'False'
[0.660s] DEBUG:colcon.colcon_core.verb:Building package 'ur_description' with the following arguments: {'ament_cmake_args': None, 'build_base': '/home/zidane/Desktop/project_cnn_regulation/build/ur_description', 'catkin_cmake_args': None, 'catkin_skip_building_tests': False, 'cmake_args': None, 'cmake_clean_cache': False, 'cmake_clean_first': False, 'cmake_force_configure': False, 'cmake_target': None, 'cmake_target_skip_unavailable': False, 'install_base': '/home/zidane/Desktop/project_cnn_regulation/install/ur_description', 'merge_install': False, 'path': '/home/zidane/Desktop/project_cnn_regulation/src/Universal_Robots_ROS2_Description', 'symlink_install': False, 'test_result_base': None}
[0.660s] INFO:colcon.colcon_core.executor:Executing jobs using 'parallel' executor
[0.661s] DEBUG:colcon.colcon_parallel_executor.executor.parallel:run_until_complete
[0.661s] INFO:colcon.colcon_ros.task.ament_python.build:Building ROS package in '/home/zidane/Desktop/project_cnn_regulation/src/cnn_regulator' with build type 'ament_python'
[0.662s] Level 1:colcon.colcon_core.shell:create_environment_hook('cnn_regulator', 'ament_prefix_path')
[0.668s] INFO:colcon.colcon_core.plugin_system:Skipping extension 'colcon_core.shell.bat': Not used on non-Windows systems
[0.669s] INFO:colcon.colcon_core.shell:Creating environment hook '/home/zidane/Desktop/project_cnn_regulation/install/cnn_regulator/share/cnn_regulator/hook/ament_prefix_path.ps1'
[0.670s] INFO:colcon.colcon_core.shell:Creating environment descriptor '/home/zidane/Desktop/project_cnn_regulation/install/cnn_regulator/share/cnn_regulator/hook/ament_prefix_path.dsv'
[0.671s] INFO:colcon.colcon_core.shell:Creating environment hook '/home/zidane/Desktop/project_cnn_regulation/install/cnn_regulator/share/cnn_regulator/hook/ament_prefix_path.sh'
[0.673s] INFO:colcon.colcon_core.shell:Skip shell extension 'powershell' for command environment: Not usable outside of PowerShell
[0.673s] DEBUG:colcon.colcon_core.shell:Skip shell extension 'dsv' for command environment
[0.677s] INFO:colcon.colcon_ros.task.ament_cmake.build:Building ROS package in '/home/zidane/Desktop/project_cnn_regulation/src/mimo_process_description' with build type 'ament_cmake'
[0.678s] INFO:colcon.colcon_cmake.task.cmake.build:Building CMake package in '/home/zidane/Desktop/project_cnn_regulation/src/mimo_process_description'
[0.678s] INFO:colcon.colcon_core.shell:Skip shell extension 'powershell' for command environment: Not usable outside of PowerShell
[0.678s] DEBUG:colcon.colcon_core.shell:Skip shell extension 'dsv' for command environment
[0.682s] INFO:colcon.colcon_ros.task.ament_cmake.build:Building ROS package in '/home/zidane/Desktop/project_cnn_regulation/src/mimo_process_gazebo' with build type 'ament_cmake'
[0.682s] INFO:colcon.colcon_cmake.task.cmake.build:Building CMake package in '/home/zidane/Desktop/project_cnn_regulation/src/mimo_process_gazebo'
[0.683s] INFO:colcon.colcon_core.shell:Skip shell extension 'powershell' for command environment: Not usable outside of PowerShell
[0.683s] DEBUG:colcon.colcon_core.shell:Skip shell extension 'dsv' for command environment
[0.687s] INFO:colcon.colcon_ros.task.ament_cmake.build:Building ROS package in '/home/zidane/Desktop/project_cnn_regulation/src/Universal_Robots_ROS2_Description' with build type 'ament_cmake'
[0.687s] INFO:colcon.colcon_cmake.task.cmake.build:Building CMake package in '/home/zidane/Desktop/project_cnn_regulation/src/Universal_Robots_ROS2_Description'
[0.688s] INFO:colcon.colcon_core.shell:Skip shell extension 'powershell' for command environment: Not usable outside of PowerShell
[0.688s] DEBUG:colcon.colcon_core.shell:Skip shell extension 'dsv' for command environment
[0.995s] INFO:colcon.colcon_core.task.python.build:Building Python package in '/home/zidane/Desktop/project_cnn_regulation/src/cnn_regulator'
[0.995s] INFO:colcon.colcon_core.shell:Skip shell extension 'powershell' for command environment: Not usable outside of PowerShell
[0.995s] DEBUG:colcon.colcon_core.shell:Skip shell extension 'dsv' for command environment
[1.002s] DEBUG:colcon.colcon_core.event_handler.log_command:Invoking command in '/home/zidane/Desktop/project_cnn_regulation/build/mimo_process_description': CMAKE_PREFIX_PATH=${CMAKE_PREFIX_PATH}:/opt/ros/jazzy DEBUGINFOD_URLS=https://debuginfod.ubuntu.com /usr/bin/cmake /home/zidane/Desktop/project_cnn_regulation/src/mimo_process_description -DCMAKE_INSTALL_PREFIX=/home/zidane/Desktop/project_cnn_regulation/install/mimo_process_description
[1.007s] DEBUG:colcon.colcon_core.event_handler.log_command:Invoking command in '/home/zidane/Desktop/project_cnn_regulation/build/mimo_process_gazebo': CMAKE_PREFIX_PATH=${CMAKE_PREFIX_PATH}:/opt/ros/jazzy DEBUGINFOD_URLS=https://debuginfod.ubuntu.com /usr/bin/cmake /home/zidane/Desktop/project_cnn_regulation/src/mimo_process_gazebo -DCMAKE_INSTALL_PREFIX=/home/zidane/Desktop/project_cnn_regulation/install/mimo_process_gazebo
[1.014s] DEBUG:colcon.colcon_core.event_handler.log_command:Invoking command in '/home/zidane/Desktop/project_cnn_regulation/build/ur_description': CMAKE_PREFIX_PATH=${CMAKE_PREFIX_PATH}:/opt/ros/jazzy DEBUGINFOD_URLS=https://debuginfod.ubuntu.com /usr/bin/cmake /home/zidane/Desktop/project_cnn_regulation/src/Universal_Robots_ROS2_Description -DCMAKE_INSTALL_PREFIX=/home/zidane/Desktop/project_cnn_regulation/install/ur_description
[1.654s] DEBUG:colcon.colcon_core.event_handler.log_command:Invoked command in '/home/zidane/Desktop/project_cnn_regulation/build/mimo_process_description' returned '0': CMAKE_PREFIX_PATH=${CMAKE_PREFIX_PATH}:/opt/ros/jazzy DEBUGINFOD_URLS=https://debuginfod.ubuntu.com /usr/bin/cmake /home/zidane/Desktop/project_cnn_regulation/src/mimo_process_description -DCMAKE_INSTALL_PREFIX=/home/zidane/Desktop/project_cnn_regulation/install/mimo_process_description
[1.657s] DEBUG:colcon.colcon_core.event_handler.log_command:Invoking command in '/home/zidane/Desktop/project_cnn_regulation/build/mimo_process_description': CMAKE_PREFIX_PATH=${CMAKE_PREFIX_PATH}:/opt/ros/jazzy DEBUGINFOD_URLS=https://debuginfod.ubuntu.com /usr/bin/cmake --build /home/zidane/Desktop/project_cnn_regulation/build/mimo_process_description -- -j16 -l16
[1.657s] DEBUG:colcon.colcon_core.event_handler.log_command:Invoked command in '/home/zidane/Desktop/project_cnn_regulation/build/mimo_process_gazebo' returned '0': CMAKE_PREFIX_PATH=${CMAKE_PREFIX_PATH}:/opt/ros/jazzy DEBUGINFOD_URLS=https://debuginfod.ubuntu.com /usr/bin/cmake /home/zidane/Desktop/project_cnn_regulation/src/mimo_process_gazebo -DCMAKE_INSTALL_PREFIX=/home/zidane/Desktop/project_cnn_regulation/install/mimo_process_gazebo
[1.659s] DEBUG:colcon.colcon_core.event_handler.log_command:Invoking command in '/home/zidane/Desktop/project_cnn_regulation/build/mimo_process_gazebo': CMAKE_PREFIX_PATH=${CMAKE_PREFIX_PATH}:/opt/ros/jazzy DEBUGINFOD_URLS=https://debuginfod.ubuntu.com /usr/bin/cmake --build /home/zidane/Desktop/project_cnn_regulation/build/mimo_process_gazebo -- -j16 -l16
[1.730s] DEBUG:colcon.colcon_core.event_handler.log_command:Invoked command in '/home/zidane/Desktop/project_cnn_regulation/build/mimo_process_description' returned '0': CMAKE_PREFIX_PATH=${CMAKE_PREFIX_PATH}:/opt/ros/jazzy DEBUGINFOD_URLS=https://debuginfod.ubuntu.com /usr/bin/cmake --build /home/zidane/Desktop/project_cnn_regulation/build/mimo_process_description -- -j16 -l16
[1.743s] DEBUG:colcon.colcon_core.event_handler.log_command:Invoking command in '/home/zidane/Desktop/project_cnn_regulation/build/mimo_process_description': CMAKE_PREFIX_PATH=${CMAKE_PREFIX_PATH}:/opt/ros/jazzy DEBUGINFOD_URLS=https://debuginfod.ubuntu.com /usr/bin/cmake --install /home/zidane/Desktop/project_cnn_regulation/build/mimo_process_description
[1.745s] DEBUG:colcon.colcon_core.event_handler.log_command:Invoked command in '/home/zidane/Desktop/project_cnn_regulation/build/mimo_process_gazebo' returned '0': CMAKE_PREFIX_PATH=${CMAKE_PREFIX_PATH}:/opt/ros/jazzy DEBUGINFOD_URLS=https://debuginfod.ubuntu.com /usr/bin/cmake --build /home/zidane/Desktop/project_cnn_regulation/build/mimo_process_gazebo -- -j16 -l16
[1.747s] DEBUG:colcon.colcon_core.event_handler.log_command:Invoking command in '/home/zidane/Desktop/project_cnn_regulation/build/mimo_process_gazebo': CMAKE_PREFIX_PATH=${CMAKE_PREFIX_PATH}:/opt/ros/jazzy DEBUGINFOD_URLS=https://debuginfod.ubuntu.com /usr/bin/cmake --install /home/zidane/Desktop/project_cnn_regulation/build/mimo_process_gazebo
[1.773s] Level 1:colcon.colcon_core.environment:create_environment_scripts_only(mimo_process_description)
[1.773s] DEBUG:colcon.colcon_core.event_handler.log_command:Invoked command in '/home/zidane/Desktop/project_cnn_regulation/build/mimo_process_description' returned '0': CMAKE_PREFIX_PATH=${CMAKE_PREFIX_PATH}:/opt/ros/jazzy DEBUGINFOD_URLS=https://debuginfod.ubuntu.com /usr/bin/cmake --install /home/zidane/Desktop/project_cnn_regulation/build/mimo_process_description
[1.781s] Level 1:colcon.colcon_core.environment:checking '/home/zidane/Desktop/project_cnn_regulation/install/mimo_process_description' for CMake module files
[1.782s] Level 1:colcon.colcon_core.environment:checking '/home/zidane/Desktop/project_cnn_regulation/install/mimo_process_description' for CMake config files
[1.782s] Level 1:colcon.colcon_core.shell:create_environment_hook('mimo_process_description', 'cmake_prefix_path')
[1.782s] INFO:colcon.colcon_core.shell:Creating environment hook '/home/zidane/Desktop/project_cnn_regulation/install/mimo_process_description/share/mimo_process_description/hook/cmake_prefix_path.ps1'
[1.783s] INFO:colcon.colcon_core.shell:Creating environment descriptor '/home/zidane/Desktop/project_cnn_regulation/install/mimo_process_description/share/mimo_process_description/hook/cmake_prefix_path.dsv'
[1.783s] INFO:colcon.colcon_core.shell:Creating environment hook '/home/zidane/Desktop/project_cnn_regulation/install/mimo_process_description/share/mimo_process_description/hook/cmake_prefix_path.sh'
[1.784s] Level 1:colcon.colcon_core.environment:checking '/home/zidane/Desktop/project_cnn_regulation/install/mimo_process_description/bin'
[1.784s] Level 1:colcon.colcon_core.environment:checking '/home/zidane/Desktop/project_cnn_regulation/install/mimo_process_description/lib/pkgconfig/mimo_process_description.pc'
[1.784s] Level 1:colcon.colcon_core.environment:checking '/home/zidane/Desktop/project_cnn_regulation/install/mimo_process_description/lib/python3.12/site-packages'
[1.785s] Level 1:colcon.colcon_core.environment:checking '/home/zidane/Desktop/project_cnn_regulation/install/mimo_process_description/bin'
[1.785s] INFO:colcon.colcon_core.shell:Creating package script '/home/zidane/Desktop/project_cnn_regulation/install/mimo_process_description/share/mimo_process_description/package.ps1'
[1.787s] INFO:colcon.colcon_core.shell:Creating package descriptor '/home/zidane/Desktop/project_cnn_regulation/install/mimo_process_description/share/mimo_process_description/package.dsv'
[1.788s] INFO:colcon.colcon_core.shell:Creating package script '/home/zidane/Desktop/project_cnn_regulation/install/mimo_process_description/share/mimo_process_description/package.sh'
[1.789s] INFO:colcon.colcon_core.shell:Creating package script '/home/zidane/Desktop/project_cnn_regulation/install/mimo_process_description/share/mimo_process_description/package.bash'
[1.790s] INFO:colcon.colcon_core.shell:Creating package script '/home/zidane/Desktop/project_cnn_regulation/install/mimo_process_description/share/mimo_process_description/package.zsh'
[1.791s] Level 1:colcon.colcon_core.environment:create_file_with_runtime_dependencies(/home/zidane/Desktop/project_cnn_regulation/install/mimo_process_description/share/colcon-core/packages/mimo_process_description)
[1.791s] Level 1:colcon.colcon_core.environment:create_environment_scripts_only(mimo_process_description)
[1.792s] Level 1:colcon.colcon_core.environment:checking '/home/zidane/Desktop/project_cnn_regulation/install/mimo_process_description' for CMake module files
[1.793s] Level 1:colcon.colcon_core.environment:checking '/home/zidane/Desktop/project_cnn_regulation/install/mimo_process_description' for CMake config files
[1.793s] Level 1:colcon.colcon_core.shell:create_environment_hook('mimo_process_description', 'cmake_prefix_path')
[1.793s] INFO:colcon.colcon_core.shell:Creating environment hook '/home/zidane/Desktop/project_cnn_regulation/install/mimo_process_description/share/mimo_process_description/hook/cmake_prefix_path.ps1'
[1.793s] INFO:colcon.colcon_core.shell:Creating environment descriptor '/home/zidane/Desktop/project_cnn_regulation/install/mimo_process_description/share/mimo_process_description/hook/cmake_prefix_path.dsv'
[1.794s] INFO:colcon.colcon_core.shell:Creating environment hook '/home/zidane/Desktop/project_cnn_regulation/install/mimo_process_description/share/mimo_process_description/hook/cmake_prefix_path.sh'
[1.794s] Level 1:colcon.colcon_core.environment:checking '/home/zidane/Desktop/project_cnn_regulation/install/mimo_process_description/bin'
[1.795s] Level 1:colcon.colcon_core.environment:checking '/home/zidane/Desktop/project_cnn_regulation/install/mimo_process_description/lib/pkgconfig/mimo_process_description.pc'
[1.795s] Level 1:colcon.colcon_core.environment:checking '/home/zidane/Desktop/project_cnn_regulation/install/mimo_process_description/lib/python3.12/site-packages'
[1.795s] Level 1:colcon.colcon_core.environment:checking '/home/zidane/Desktop/project_cnn_regulation/install/mimo_process_description/bin'
[1.796s] INFO:colcon.colcon_core.shell:Creating package script '/home/zidane/Desktop/project_cnn_regulation/install/mimo_process_description/share/mimo_process_description/package.ps1'
[1.797s] INFO:colcon.colcon_core.shell:Creating package descriptor '/home/zidane/Desktop/project_cnn_regulation/install/mimo_process_description/share/mimo_process_description/package.dsv'
[1.798s] INFO:colcon.colcon_core.shell:Creating package script '/home/zidane/Desktop/project_cnn_regulation/install/mimo_process_description/share/mimo_process_description/package.sh'
[1.798s] INFO:colcon.colcon_core.shell:Creating package script '/home/zidane/Desktop/project_cnn_regulation/install/mimo_process_description/share/mimo_process_description/package.bash'
[1.799s] INFO:colcon.colcon_core.shell:Creating package script '/home/zidane/Desktop/project_cnn_regulation/install/mimo_process_description/share/mimo_process_description/package.zsh'
[1.799s] Level 1:colcon.colcon_core.environment:create_file_with_runtime_dependencies(/home/zidane/Desktop/project_cnn_regulation/install/mimo_process_description/share/colcon-core/packages/mimo_process_description)
[1.800s] Level 1:colcon.colcon_core.environment:create_environment_scripts_only(mimo_process_gazebo)
[1.801s] Level 1:colcon.colcon_core.environment:checking '/home/zidane/Desktop/project_cnn_regulation/install/mimo_process_gazebo' for CMake module files
[1.802s] DEBUG:colcon.colcon_core.event_handler.log_command:Invoked command in '/home/zidane/Desktop/project_cnn_regulation/build/mimo_process_gazebo' returned '0': CMAKE_PREFIX_PATH=${CMAKE_PREFIX_PATH}:/opt/ros/jazzy DEBUGINFOD_URLS=https://debuginfod.ubuntu.com /usr/bin/cmake --install /home/zidane/Desktop/project_cnn_regulation/build/mimo_process_gazebo
[1.802s] Level 1:colcon.colcon_core.environment:checking '/home/zidane/Desktop/project_cnn_regulation/install/mimo_process_gazebo' for CMake config files
[1.803s] Level 1:colcon.colcon_core.shell:create_environment_hook('mimo_process_gazebo', 'cmake_prefix_path')
[1.803s] INFO:colcon.colcon_core.shell:Creating environment hook '/home/zidane/Desktop/project_cnn_regulation/install/mimo_process_gazebo/share/mimo_process_gazebo/hook/cmake_prefix_path.ps1'
[1.804s] INFO:colcon.colcon_core.shell:Creating environment descriptor '/home/zidane/Desktop/project_cnn_regulation/install/mimo_process_gazebo/share/mimo_process_gazebo/hook/cmake_prefix_path.dsv'
[1.805s] INFO:colcon.colcon_core.shell:Creating environment hook '/home/zidane/Desktop/project_cnn_regulation/install/mimo_process_gazebo/share/mimo_process_gazebo/hook/cmake_prefix_path.sh'
[1.806s] Level 1:colcon.colcon_core.environment:checking '/home/zidane/Desktop/project_cnn_regulation/install/mimo_process_gazebo/bin'
[1.806s] Level 1:colcon.colcon_core.environment:checking '/home/zidane/Desktop/project_cnn_regulation/install/mimo_process_gazebo/lib/pkgconfig/mimo_process_gazebo.pc'
[1.807s] Level 1:colcon.colcon_core.environment:checking '/home/zidane/Desktop/project_cnn_regulation/install/mimo_process_gazebo/lib/python3.12/site-packages'
[1.807s] Level 1:colcon.colcon_core.environment:checking '/home/zidane/Desktop/project_cnn_regulation/install/mimo_process_gazebo/bin'
[1.808s] INFO:colcon.colcon_core.shell:Creating package script '/home/zidane/Desktop/project_cnn_regulation/install/mimo_process_gazebo/share/mimo_process_gazebo/package.ps1'
[1.808s] INFO:colcon.colcon_core.shell:Creating package descriptor '/home/zidane/Desktop/project_cnn_regulation/install/mimo_process_gazebo/share/mimo_process_gazebo/package.dsv'
[1.809s] INFO:colcon.colcon_core.shell:Creating package script '/home/zidane/Desktop/project_cnn_regulation/install/mimo_process_gazebo/share/mimo_process_gazebo/package.sh'
[1.810s] INFO:colcon.colcon_core.shell:Creating package script '/home/zidane/Desktop/project_cnn_regulation/install/mimo_process_gazebo/share/mimo_process_gazebo/package.bash'
[1.810s] INFO:colcon.colcon_core.shell:Creating package script '/home/zidane/Desktop/project_cnn_regulation/install/mimo_process_gazebo/share/mimo_process_gazebo/package.zsh'
[1.810s] Level 1:colcon.colcon_core.environment:create_file_with_runtime_dependencies(/home/zidane/Desktop/project_cnn_regulation/install/mimo_process_gazebo/share/colcon-core/packages/mimo_process_gazebo)
[1.811s] Level 1:colcon.colcon_core.environment:create_environment_scripts_only(mimo_process_gazebo)
[1.811s] Level 1:colcon.colcon_core.environment:checking '/home/zidane/Desktop/project_cnn_regulation/install/mimo_process_gazebo' for CMake module files
[1.812s] Level 1:colcon.colcon_core.environment:checking '/home/zidane/Desktop/project_cnn_regulation/install/mimo_process_gazebo' for CMake config files
[1.812s] Level 1:colcon.colcon_core.shell:create_environment_hook('mimo_process_gazebo', 'cmake_prefix_path')
[1.812s] INFO:colcon.colcon_core.shell:Creating environment hook '/home/zidane/Desktop/project_cnn_regulation/install/mimo_process_gazebo/share/mimo_process_gazebo/hook/cmake_prefix_path.ps1'
[1.813s] INFO:colcon.colcon_core.shell:Creating environment descriptor '/home/zidane/Desktop/project_cnn_regulation/install/mimo_process_gazebo/share/mimo_process_gazebo/hook/cmake_prefix_path.dsv'
[1.814s] INFO:colcon.colcon_core.shell:Creating environment hook '/home/zidane/Desktop/project_cnn_regulation/install/mimo_process_gazebo/share/mimo_process_gazebo/hook/cmake_prefix_path.sh'
[1.814s] Level 1:colcon.colcon_core.environment:checking '/home/zidane/Desktop/project_cnn_regulation/install/mimo_process_gazebo/bin'
[1.814s] Level 1:colcon.colcon_core.environment:checking '/home/zidane/Desktop/project_cnn_regulation/install/mimo_process_gazebo/lib/pkgconfig/mimo_process_gazebo.pc'
[1.815s] Level 1:colcon.colcon_core.environment:checking '/home/zidane/Desktop/project_cnn_regulation/install/mimo_process_gazebo/lib/python3.12/site-packages'
[1.815s] Level 1:colcon.colcon_core.environment:checking '/home/zidane/Desktop/project_cnn_regulation/install/mimo_process_gazebo/bin'
[1.815s] INFO:colcon.colcon_core.shell:Creating package script '/home/zidane/Desktop/project_cnn_regulation/install/mimo_process_gazebo/share/mimo_process_gazebo/package.ps1'
[1.816s] INFO:colcon.colcon_core.shell:Creating package descriptor '/home/zidane/Desktop/project_cnn_regulation/install/mimo_process_gazebo/share/mimo_process_gazebo/package.dsv'
[1.817s] INFO:colcon.colcon_core.shell:Creating package script '/home/zidane/Desktop/project_cnn_regulation/install/mimo_process_gazebo/share/mimo_process_gazebo/package.sh'
[1.817s] INFO:colcon.colcon_core.shell:Creating package script '/home/zidane/Desktop/project_cnn_regulation/install/mimo_process_gazebo/share/mimo_process_gazebo/package.bash'
[1.817s] INFO:colcon.colcon_core.shell:Creating package script '/home/zidane/Desktop/project_cnn_regulation/install/mimo_process_gazebo/share/mimo_process_gazebo/package.zsh'
[1.818s] Level 1:colcon.colcon_core.environment:create_file_with_runtime_dependencies(/home/zidane/Desktop/project_cnn_regulation/install/mimo_process_gazebo/share/colcon-core/packages/mimo_process_gazebo)
[2.143s] DEBUG:colcon.colcon_core.event_handler.log_command:Invoking command in '/home/zidane/Desktop/project_cnn_regulation/build/cnn_regulator': DEBUGINFOD_URLS=https://debuginfod.ubuntu.com PYTHONPATH=/home/zidane/Desktop/project_cnn_regulation/build/cnn_regulator/prefix_override:/usr/lib/python3/dist-packages/colcon_core/task/python/colcon_distutils_commands:/home/zidane/Desktop/project_cnn_regulation/install/cnn_regulator/lib/python3.12/site-packages:${PYTHONPATH} /usr/bin/python3 -W ignore:setup.py install is deprecated -W ignore:easy_install command is deprecated setup.py develop --uninstall --editable --build-directory /home/zidane/Desktop/project_cnn_regulation/build/cnn_regulator/build
[2.773s] DEBUG:colcon.colcon_core.event_handler.log_command:Invoked command in '/home/zidane/Desktop/project_cnn_regulation/build/ur_description' returned '0': CMAKE_PREFIX_PATH=${CMAKE_PREFIX_PATH}:/opt/ros/jazzy DEBUGINFOD_URLS=https://debuginfod.ubuntu.com /usr/bin/cmake /home/zidane/Desktop/project_cnn_regulation/src/Universal_Robots_ROS2_Description -DCMAKE_INSTALL_PREFIX=/home/zidane/Desktop/project_cnn_regulation/install/ur_description
[2.774s] DEBUG:colcon.colcon_core.event_handler.log_command:Invoking command in '/home/zidane/Desktop/project_cnn_regulation/build/ur_description': CMAKE_PREFIX_PATH=${CMAKE_PREFIX_PATH}:/opt/ros/jazzy DEBUGINFOD_URLS=https://debuginfod.ubuntu.com /usr/bin/cmake --build /home/zidane/Desktop/project_cnn_regulation/build/ur_description -- -j16 -l16
[2.794s] DEBUG:colcon.colcon_core.event_handler.log_command:Invoked command in '/home/zidane/Desktop/project_cnn_regulation/build/cnn_regulator' returned '0': DEBUGINFOD_URLS=https://debuginfod.ubuntu.com PYTHONPATH=/home/zidane/Desktop/project_cnn_regulation/build/cnn_regulator/prefix_override:/usr/lib/python3/dist-packages/colcon_core/task/python/colcon_distutils_commands:/home/zidane/Desktop/project_cnn_regulation/install/cnn_regulator/lib/python3.12/site-packages:${PYTHONPATH} /usr/bin/python3 -W ignore:setup.py install is deprecated -W ignore:easy_install command is deprecated setup.py develop --uninstall --editable --build-directory /home/zidane/Desktop/project_cnn_regulation/build/cnn_regulator/build
[2.796s] DEBUG:colcon.colcon_core.event_handler.log_command:Invoking command in '/home/zidane/Desktop/project_cnn_regulation/src/cnn_regulator': DEBUGINFOD_URLS=https://debuginfod.ubuntu.com PYTHONPATH=/home/zidane/Desktop/project_cnn_regulation/build/cnn_regulator/prefix_override:/usr/lib/python3/dist-packages/colcon_core/task/python/colcon_distutils_commands:/home/zidane/Desktop/project_cnn_regulation/install/cnn_regulator/lib/python3.12/site-packages:${PYTHONPATH} /usr/bin/python3 -W ignore:setup.py install is deprecated -W ignore:easy_install command is deprecated setup.py egg_info --egg-base ../../build/cnn_regulator build --build-base /home/zidane/Desktop/project_cnn_regulation/build/cnn_regulator/build install --record /home/zidane/Desktop/project_cnn_regulation/build/cnn_regulator/install.log --single-version-externally-managed install_data --force
[2.837s] DEBUG:colcon.colcon_core.event_handler.log_command:Invoked command in '/home/zidane/Desktop/project_cnn_regulation/build/ur_description' returned '0': CMAKE_PREFIX_PATH=${CMAKE_PREFIX_PATH}:/opt/ros/jazzy DEBUGINFOD_URLS=https://debuginfod.ubuntu.com /usr/bin/cmake --build /home/zidane/Desktop/project_cnn_regulation/build/ur_description -- -j16 -l16
[2.841s] DEBUG:colcon.colcon_core.event_handler.log_command:Invoking command in '/home/zidane/Desktop/project_cnn_regulation/build/ur_description': CMAKE_PREFIX_PATH=${CMAKE_PREFIX_PATH}:/opt/ros/jazzy DEBUGINFOD_URLS=https://debuginfod.ubuntu.com /usr/bin/cmake --install /home/zidane/Desktop/project_cnn_regulation/build/ur_description
[2.915s] Level 1:colcon.colcon_core.environment:create_environment_scripts_only(ur_description)
[2.916s] Level 1:colcon.colcon_core.environment:checking '/home/zidane/Desktop/project_cnn_regulation/install/ur_description' for CMake module files
[2.917s] DEBUG:colcon.colcon_core.event_handler.log_command:Invoked command in '/home/zidane/Desktop/project_cnn_regulation/build/ur_description' returned '0': CMAKE_PREFIX_PATH=${CMAKE_PREFIX_PATH}:/opt/ros/jazzy DEBUGINFOD_URLS=https://debuginfod.ubuntu.com /usr/bin/cmake --install /home/zidane/Desktop/project_cnn_regulation/build/ur_description
[2.918s] Level 1:colcon.colcon_core.environment:checking '/home/zidane/Desktop/project_cnn_regulation/install/ur_description' for CMake config files
[2.923s] Level 1:colcon.colcon_core.shell:create_environment_hook('ur_description', 'cmake_prefix_path')
[2.924s] INFO:colcon.colcon_core.shell:Creating environment hook '/home/zidane/Desktop/project_cnn_regulation/install/ur_description/share/ur_description/hook/cmake_prefix_path.ps1'
[2.925s] INFO:colcon.colcon_core.shell:Creating environment descriptor '/home/zidane/Desktop/project_cnn_regulation/install/ur_description/share/ur_description/hook/cmake_prefix_path.dsv'
[2.926s] INFO:colcon.colcon_core.shell:Creating environment hook '/home/zidane/Desktop/project_cnn_regulation/install/ur_description/share/ur_description/hook/cmake_prefix_path.sh'
[2.927s] Level 1:colcon.colcon_core.environment:checking '/home/zidane/Desktop/project_cnn_regulation/install/ur_description/bin'
[2.927s] Level 1:colcon.colcon_core.environment:checking '/home/zidane/Desktop/project_cnn_regulation/install/ur_description/lib/pkgconfig/ur_description.pc'
[2.928s] Level 1:colcon.colcon_core.environment:checking '/home/zidane/Desktop/project_cnn_regulation/install/ur_description/lib/python3.12/site-packages'
[2.929s] Level 1:colcon.colcon_core.environment:checking '/home/zidane/Desktop/project_cnn_regulation/install/ur_description/bin'
[2.929s] INFO:colcon.colcon_core.shell:Creating package script '/home/zidane/Desktop/project_cnn_regulation/install/ur_description/share/ur_description/package.ps1'
[2.931s] INFO:colcon.colcon_core.shell:Creating package descriptor '/home/zidane/Desktop/project_cnn_regulation/install/ur_description/share/ur_description/package.dsv'
[2.932s] INFO:colcon.colcon_core.shell:Creating package script '/home/zidane/Desktop/project_cnn_regulation/install/ur_description/share/ur_description/package.sh'
[2.933s] INFO:colcon.colcon_core.shell:Creating package script '/home/zidane/Desktop/project_cnn_regulation/install/ur_description/share/ur_description/package.bash'
[2.934s] INFO:colcon.colcon_core.shell:Creating package script '/home/zidane/Desktop/project_cnn_regulation/install/ur_description/share/ur_description/package.zsh'
[2.935s] Level 1:colcon.colcon_core.environment:create_file_with_runtime_dependencies(/home/zidane/Desktop/project_cnn_regulation/install/ur_description/share/colcon-core/packages/ur_description)
[2.936s] Level 1:colcon.colcon_core.environment:create_environment_scripts_only(ur_description)
[2.936s] Level 1:colcon.colcon_core.environment:checking '/home/zidane/Desktop/project_cnn_regulation/install/ur_description' for CMake module files
[2.938s] Level 1:colcon.colcon_core.environment:checking '/home/zidane/Desktop/project_cnn_regulation/install/ur_description' for CMake config files
[2.943s] Level 1:colcon.colcon_core.shell:create_environment_hook('ur_description', 'cmake_prefix_path')
[2.943s] INFO:colcon.colcon_core.shell:Creating environment hook '/home/zidane/Desktop/project_cnn_regulation/install/ur_description/share/ur_description/hook/cmake_prefix_path.ps1'
[2.944s] INFO:colcon.colcon_core.shell:Creating environment descriptor '/home/zidane/Desktop/project_cnn_regulation/install/ur_description/share/ur_description/hook/cmake_prefix_path.dsv'
[2.944s] INFO:colcon.colcon_core.shell:Creating environment hook '/home/zidane/Desktop/project_cnn_regulation/install/ur_description/share/ur_description/hook/cmake_prefix_path.sh'
[2.945s] Level 1:colcon.colcon_core.environment:checking '/home/zidane/Desktop/project_cnn_regulation/install/ur_description/bin'
[2.945s] Level 1:colcon.colcon_core.environment:checking '/home/zidane/Desktop/project_cnn_regulation/install/ur_description/lib/pkgconfig/ur_description.pc'
[2.946s] Level 1:colcon.colcon_core.environment:checking '/home/zidane/Desktop/project_cnn_regulation/install/ur_description/lib/python3.12/site-packages'
[2.946s] Level 1:colcon.colcon_core.environment:checking '/home/zidane/Desktop/project_cnn_regulation/install/ur_description/bin'
[2.946s] INFO:colcon.colcon_core.shell:Creating package script '/home/zidane/Desktop/project_cnn_regulation/install/ur_description/share/ur_description/package.ps1'
[2.947s] INFO:colcon.colcon_core.shell:Creating package descriptor '/home/zidane/Desktop/project_cnn_regulation/install/ur_description/share/ur_description/package.dsv'
[2.948s] INFO:colcon.colcon_core.shell:Creating package script '/home/zidane/Desktop/project_cnn_regulation/install/ur_description/share/ur_description/package.sh'
[2.948s] INFO:colcon.colcon_core.shell:Creating package script '/home/zidane/Desktop/project_cnn_regulation/install/ur_description/share/ur_description/package.bash'
[2.949s] INFO:colcon.colcon_core.shell:Creating package script '/home/zidane/Desktop/project_cnn_regulation/install/ur_description/share/ur_description/package.zsh'
[2.949s] Level 1:colcon.colcon_core.environment:create_file_with_runtime_dependencies(/home/zidane/Desktop/project_cnn_regulation/install/ur_description/share/colcon-core/packages/ur_description)
[3.466s] Level 1:colcon.colcon_core.environment:checking '/home/zidane/Desktop/project_cnn_regulation/install/cnn_regulator' for CMake module files
[3.467s] DEBUG:colcon.colcon_core.event_handler.log_command:Invoked command in '/home/zidane/Desktop/project_cnn_regulation/src/cnn_regulator' returned '0': DEBUGINFOD_URLS=https://debuginfod.ubuntu.com PYTHONPATH=/home/zidane/Desktop/project_cnn_regulation/build/cnn_regulator/prefix_override:/usr/lib/python3/dist-packages/colcon_core/task/python/colcon_distutils_commands:/home/zidane/Desktop/project_cnn_regulation/install/cnn_regulator/lib/python3.12/site-packages:${PYTHONPATH} /usr/bin/python3 -W ignore:setup.py install is deprecated -W ignore:easy_install command is deprecated setup.py egg_info --egg-base ../../build/cnn_regulator build --build-base /home/zidane/Desktop/project_cnn_regulation/build/cnn_regulator/build install --record /home/zidane/Desktop/project_cnn_regulation/build/cnn_regulator/install.log --single-version-externally-managed install_data --force
[3.468s] Level 1:colcon.colcon_core.environment:checking '/home/zidane/Desktop/project_cnn_regulation/install/cnn_regulator' for CMake config files
[3.469s] Level 1:colcon.colcon_core.environment:checking '/home/zidane/Desktop/project_cnn_regulation/install/cnn_regulator/lib'
[3.469s] Level 1:colcon.colcon_core.environment:checking '/home/zidane/Desktop/project_cnn_regulation/install/cnn_regulator/bin'
[3.469s] Level 1:colcon.colcon_core.environment:checking '/home/zidane/Desktop/project_cnn_regulation/install/cnn_regulator/lib/pkgconfig/cnn_regulator.pc'
[3.469s] Level 1:colcon.colcon_core.environment:checking '/home/zidane/Desktop/project_cnn_regulation/install/cnn_regulator/lib/python3.12/site-packages'
[3.470s] Level 1:colcon.colcon_core.shell:create_environment_hook('cnn_regulator', 'pythonpath')
[3.470s] INFO:colcon.colcon_core.shell:Creating environment hook '/home/zidane/Desktop/project_cnn_regulation/install/cnn_regulator/share/cnn_regulator/hook/pythonpath.ps1'
[3.470s] INFO:colcon.colcon_core.shell:Creating environment descriptor '/home/zidane/Desktop/project_cnn_regulation/install/cnn_regulator/share/cnn_regulator/hook/pythonpath.dsv'
[3.471s] INFO:colcon.colcon_core.shell:Creating environment hook '/home/zidane/Desktop/project_cnn_regulation/install/cnn_regulator/share/cnn_regulator/hook/pythonpath.sh'
[3.472s] Level 1:colcon.colcon_core.environment:checking '/home/zidane/Desktop/project_cnn_regulation/install/cnn_regulator/bin'
[3.472s] Level 1:colcon.colcon_core.environment:create_environment_scripts_only(cnn_regulator)
[3.472s] INFO:colcon.colcon_core.shell:Creating package script '/home/zidane/Desktop/project_cnn_regulation/install/cnn_regulator/share/cnn_regulator/package.ps1'
[3.473s] INFO:colcon.colcon_core.shell:Creating package descriptor '/home/zidane/Desktop/project_cnn_regulation/install/cnn_regulator/share/cnn_regulator/package.dsv'
[3.474s] INFO:colcon.colcon_core.shell:Creating package script '/home/zidane/Desktop/project_cnn_regulation/install/cnn_regulator/share/cnn_regulator/package.sh'
[3.474s] INFO:colcon.colcon_core.shell:Creating package script '/home/zidane/Desktop/project_cnn_regulation/install/cnn_regulator/share/cnn_regulator/package.bash'
[3.475s] INFO:colcon.colcon_core.shell:Creating package script '/home/zidane/Desktop/project_cnn_regulation/install/cnn_regulator/share/cnn_regulator/package.zsh'
[3.475s] Level 1:colcon.colcon_core.environment:create_file_with_runtime_dependencies(/home/zidane/Desktop/project_cnn_regulation/install/cnn_regulator/share/colcon-core/packages/cnn_regulator)
[3.475s] DEBUG:colcon.colcon_parallel_executor.executor.parallel:closing loop
[3.476s] DEBUG:colcon.colcon_parallel_executor.executor.parallel:loop closed
[3.476s] DEBUG:colcon.colcon_parallel_executor.executor.parallel:run_until_complete finished with '0'
[3.476s] DEBUG:colcon.colcon_core.event_reactor:joining thread
[3.484s] INFO:colcon.colcon_core.plugin_system:Skipping extension 'colcon_notification.desktop_notification.terminal_notifier': Not used on non-Darwin systems
[3.484s] INFO:colcon.colcon_core.plugin_system:Skipping extension 'colcon_notification.desktop_notification.win32': Not used on non-Windows systems
[3.484s] INFO:colcon.colcon_notification.desktop_notification:Sending desktop notification using 'notify2'
[3.519s] DEBUG:colcon.colcon_core.event_reactor:joined thread
[3.520s] INFO:colcon.colcon_core.shell:Creating prefix script '/home/zidane/Desktop/project_cnn_regulation/install/local_setup.ps1'
[3.525s] INFO:colcon.colcon_core.shell:Creating prefix util module '/home/zidane/Desktop/project_cnn_regulation/install/_local_setup_util_ps1.py'
[3.530s] INFO:colcon.colcon_core.shell:Creating prefix chain script '/home/zidane/Desktop/project_cnn_regulation/install/setup.ps1'
[3.535s] INFO:colcon.colcon_core.shell:Creating prefix script '/home/zidane/Desktop/project_cnn_regulation/install/local_setup.sh'
[3.538s] INFO:colcon.colcon_core.shell:Creating prefix util module '/home/zidane/Desktop/project_cnn_regulation/install/_local_setup_util_sh.py'
[3.540s] INFO:colcon.colcon_core.shell:Creating prefix chain script '/home/zidane/Desktop/project_cnn_regulation/install/setup.sh'
[3.544s] INFO:colcon.colcon_core.shell:Creating prefix script '/home/zidane/Desktop/project_cnn_regulation/install/local_setup.bash'
[3.546s] INFO:colcon.colcon_core.shell:Creating prefix chain script '/home/zidane/Desktop/project_cnn_regulation/install/setup.bash'
[3.550s] INFO:colcon.colcon_core.shell:Creating prefix script '/home/zidane/Desktop/project_cnn_regulation/install/local_setup.zsh'
[3.552s] INFO:colcon.colcon_core.shell:Creating prefix chain script '/home/zidane/Desktop/project_cnn_regulation/install/setup.zsh'
