[0.667s] Invoking command in '/home/zidane/Desktop/project_cnn_regulation/build/cnn_regulator': DEBUGINFOD_URLS=https://debuginfod.ubuntu.com PYTHONPATH=/home/zidane/Desktop/project_cnn_regulation/build/cnn_regulator/prefix_override:/usr/lib/python3/dist-packages/colcon_core/task/python/colcon_distutils_commands:/home/zidane/Desktop/project_cnn_regulation/install/cnn_regulator/lib/python3.12/site-packages:${PYTHONPATH} /usr/bin/python3 -W ignore:setup.py install is deprecated -W ignore:easy_install command is deprecated setup.py develop --editable --build-directory /home/zidane/Desktop/project_cnn_regulation/build/cnn_regulator/build --no-deps symlink_data --force
[0.904s] running develop
[1.028s] running egg_info
[1.040s] writing cnn_regulator.egg-info/PKG-INFO
[1.040s] writing dependency_links to cnn_regulator.egg-info/dependency_links.txt
[1.041s] writing entry points to cnn_regulator.egg-info/entry_points.txt
[1.041s] writing requirements to cnn_regulator.egg-info/requires.txt
[1.041s] writing top-level names to cnn_regulator.egg-info/top_level.txt
[1.065s] reading manifest file 'cnn_regulator.egg-info/SOURCES.txt'
[1.066s] writing manifest file 'cnn_regulator.egg-info/SOURCES.txt'
[1.079s] running build_ext
[1.079s] Creating /home/zidane/Desktop/project_cnn_regulation/install/cnn_regulator/lib/python3.12/site-packages/cnn-regulator.egg-link (link to .)
[1.080s] Installing data_collector script to /home/zidane/Desktop/project_cnn_regulation/install/cnn_regulator/lib/cnn_regulator
[1.080s] Installing ros_controller script to /home/zidane/Desktop/project_cnn_regulation/install/cnn_regulator/lib/cnn_regulator
[1.080s] Installing target_gui script to /home/zidane/Desktop/project_cnn_regulation/install/cnn_regulator/lib/cnn_regulator
[1.080s] Installing target_ui script to /home/zidane/Desktop/project_cnn_regulation/install/cnn_regulator/lib/cnn_regulator
[1.080s] 
[1.080s] Installed /home/zidane/Desktop/project_cnn_regulation/build/cnn_regulator
[1.080s] running symlink_data
[1.080s] symbolically linking /home/zidane/Desktop/project_cnn_regulation/build/cnn_regulator/resource/cnn_regulator -> /home/zidane/Desktop/project_cnn_regulation/install/cnn_regulator/share/ament_index/resource_index/packages
[1.080s] symbolically linking /home/zidane/Desktop/project_cnn_regulation/build/cnn_regulator/package.xml -> /home/zidane/Desktop/project_cnn_regulation/install/cnn_regulator/share/cnn_regulator
[1.102s] Invoked command in '/home/zidane/Desktop/project_cnn_regulation/build/cnn_regulator' returned '0': DEBUGINFOD_URLS=https://debuginfod.ubuntu.com PYTHONPATH=/home/zidane/Desktop/project_cnn_regulation/build/cnn_regulator/prefix_override:/usr/lib/python3/dist-packages/colcon_core/task/python/colcon_distutils_commands:/home/zidane/Desktop/project_cnn_regulation/install/cnn_regulator/lib/python3.12/site-packages:${PYTHONPATH} /usr/bin/python3 -W ignore:setup.py install is deprecated -W ignore:easy_install command is deprecated setup.py develop --editable --build-directory /home/zidane/Desktop/project_cnn_regulation/build/cnn_regulator/build --no-deps symlink_data --force
