-- Found ament_cmake: 2.5.6 (/opt/ros/jazzy/share/ament_cmake/cmake)
-- Override CMake install command with custom implementation using symlinks instead of copying resources
-- Found ament_lint_auto: 0.17.5 (/opt/ros/jazzy/share/ament_lint_auto/cmake)
-- Added test 'flake8' to check Python code syntax and style conventions
-- Configured 'flake8' exclude dirs and/or files: 
-- Added test 'lint_cmake' to check CMake code style
-- Added test 'pep257' to check Python code against some of the docstring style conventions in PEP 257
-- Added test 'xmllint' to check XML markup files
-- Configuring done (0.3s)
-- Generating done (0.0s)
-- Build files have been written to: /home/zidane/Desktop/project_cnn_regulation/build/mimo_process_gazebo
-- Install configuration: ""
-- Execute custom install script
-- Up-to-date symlink: /home/zidane/Desktop/project_cnn_regulation/install/mimo_process_gazebo/share/mimo_process_gazebo//launch/sim.launch.py
-- Up-to-date symlink: /home/zidane/Desktop/project_cnn_regulation/install/mimo_process_gazebo/share/mimo_process_gazebo//config/controllers.yaml
-- Up-to-date symlink: /home/zidane/Desktop/project_cnn_regulation/install/mimo_process_gazebo/share/ament_index/resource_index/package_run_dependencies/mimo_process_gazebo
-- Up-to-date symlink: /home/zidane/Desktop/project_cnn_regulation/install/mimo_process_gazebo/share/ament_index/resource_index/parent_prefix_path/mimo_process_gazebo
-- Up-to-date symlink: /home/zidane/Desktop/project_cnn_regulation/install/mimo_process_gazebo/share/mimo_process_gazebo/environment/ament_prefix_path.sh
-- Up-to-date symlink: /home/zidane/Desktop/project_cnn_regulation/install/mimo_process_gazebo/share/mimo_process_gazebo/environment/ament_prefix_path.dsv
-- Up-to-date symlink: /home/zidane/Desktop/project_cnn_regulation/install/mimo_process_gazebo/share/mimo_process_gazebo/environment/path.sh
-- Up-to-date symlink: /home/zidane/Desktop/project_cnn_regulation/install/mimo_process_gazebo/share/mimo_process_gazebo/environment/path.dsv
-- Up-to-date symlink: /home/zidane/Desktop/project_cnn_regulation/install/mimo_process_gazebo/share/mimo_process_gazebo/local_setup.bash
-- Up-to-date symlink: /home/zidane/Desktop/project_cnn_regulation/install/mimo_process_gazebo/share/mimo_process_gazebo/local_setup.sh
-- Up-to-date symlink: /home/zidane/Desktop/project_cnn_regulation/install/mimo_process_gazebo/share/mimo_process_gazebo/local_setup.zsh
-- Up-to-date symlink: /home/zidane/Desktop/project_cnn_regulation/install/mimo_process_gazebo/share/mimo_process_gazebo/local_setup.dsv
-- Symlinking: /home/zidane/Desktop/project_cnn_regulation/install/mimo_process_gazebo/share/mimo_process_gazebo/package.dsv
-- Up-to-date symlink: /home/zidane/Desktop/project_cnn_regulation/install/mimo_process_gazebo/share/ament_index/resource_index/packages/mimo_process_gazebo
-- Up-to-date symlink: /home/zidane/Desktop/project_cnn_regulation/install/mimo_process_gazebo/share/mimo_process_gazebo/cmake/mimo_process_gazeboConfig.cmake
-- Up-to-date symlink: /home/zidane/Desktop/project_cnn_regulation/install/mimo_process_gazebo/share/mimo_process_gazebo/cmake/mimo_process_gazeboConfig-version.cmake
-- Up-to-date symlink: /home/zidane/Desktop/project_cnn_regulation/install/mimo_process_gazebo/share/mimo_process_gazebo/package.xml
