[0.146s] Invoking command in '/home/zidane/Desktop/project_cnn_regulation/build/mimo_process_gazebo': CMAKE_PREFIX_PATH=${CMAKE_PREFIX_PATH}:/home/zidane/Desktop/project_cnn_regulation/install/cnn_regulator:/opt/ros/jazzy DEBUGINFOD_URLS=https://debuginfod.ubuntu.com /usr/bin/cmake /home/zidane/Desktop/project_cnn_regulation/src/mimo_process_gazebo -DCMAKE_INSTALL_PREFIX=/home/zidane/Desktop/project_cnn_regulation/install/mimo_process_gazebo
[0.155s] -- Found ament_cmake: 2.5.6 (/opt/ros/jazzy/share/ament_cmake/cmake)
[0.381s] -- Override CMake install command with custom implementation using symlinks instead of copying resources
[0.389s] -- Found ament_lint_auto: 0.17.5 (/opt/ros/jazzy/share/ament_lint_auto/cmake)
[0.496s] -- Added test 'flake8' to check Python code syntax and style conventions
[0.496s] -- Configured 'flake8' exclude dirs and/or files: 
[0.496s] -- Added test 'lint_cmake' to check CMake code style
[0.496s] -- Added test 'pep257' to check Python code against some of the docstring style conventions in PEP 257
[0.497s] -- Added test 'xmllint' to check XML markup files
[0.498s] -- Configuring done (0.3s)
[0.503s] -- Generating done (0.0s)
[0.506s] -- Build files have been written to: /home/zidane/Desktop/project_cnn_regulation/build/mimo_process_gazebo
[0.509s] Invoked command in '/home/zidane/Desktop/project_cnn_regulation/build/mimo_process_gazebo' returned '0': CMAKE_PREFIX_PATH=${CMAKE_PREFIX_PATH}:/home/zidane/Desktop/project_cnn_regulation/install/cnn_regulator:/opt/ros/jazzy DEBUGINFOD_URLS=https://debuginfod.ubuntu.com /usr/bin/cmake /home/zidane/Desktop/project_cnn_regulation/src/mimo_process_gazebo -DCMAKE_INSTALL_PREFIX=/home/zidane/Desktop/project_cnn_regulation/install/mimo_process_gazebo
[0.511s] Invoking command in '/home/zidane/Desktop/project_cnn_regulation/build/mimo_process_gazebo': CMAKE_PREFIX_PATH=${CMAKE_PREFIX_PATH}:/home/zidane/Desktop/project_cnn_regulation/install/cnn_regulator:/opt/ros/jazzy DEBUGINFOD_URLS=https://debuginfod.ubuntu.com /usr/bin/cmake --build /home/zidane/Desktop/project_cnn_regulation/build/mimo_process_gazebo -- -j16 -l16
[0.559s] Invoked command in '/home/zidane/Desktop/project_cnn_regulation/build/mimo_process_gazebo' returned '0': CMAKE_PREFIX_PATH=${CMAKE_PREFIX_PATH}:/home/zidane/Desktop/project_cnn_regulation/install/cnn_regulator:/opt/ros/jazzy DEBUGINFOD_URLS=https://debuginfod.ubuntu.com /usr/bin/cmake --build /home/zidane/Desktop/project_cnn_regulation/build/mimo_process_gazebo -- -j16 -l16
[0.569s] Invoking command in '/home/zidane/Desktop/project_cnn_regulation/build/mimo_process_gazebo': CMAKE_PREFIX_PATH=${CMAKE_PREFIX_PATH}:/home/zidane/Desktop/project_cnn_regulation/install/cnn_regulator:/opt/ros/jazzy DEBUGINFOD_URLS=https://debuginfod.ubuntu.com /usr/bin/cmake --install /home/zidane/Desktop/project_cnn_regulation/build/mimo_process_gazebo
[0.577s] -- Install configuration: ""
[0.577s] -- Execute custom install script
[0.578s] -- Up-to-date symlink: /home/zidane/Desktop/project_cnn_regulation/install/mimo_process_gazebo/share/mimo_process_gazebo//launch/sim.launch.py
[0.578s] -- Up-to-date symlink: /home/zidane/Desktop/project_cnn_regulation/install/mimo_process_gazebo/share/mimo_process_gazebo//config/controllers.yaml
[0.578s] -- Up-to-date symlink: /home/zidane/Desktop/project_cnn_regulation/install/mimo_process_gazebo/share/ament_index/resource_index/package_run_dependencies/mimo_process_gazebo
[0.578s] -- Up-to-date symlink: /home/zidane/Desktop/project_cnn_regulation/install/mimo_process_gazebo/share/ament_index/resource_index/parent_prefix_path/mimo_process_gazebo
[0.578s] -- Up-to-date symlink: /home/zidane/Desktop/project_cnn_regulation/install/mimo_process_gazebo/share/mimo_process_gazebo/environment/ament_prefix_path.sh
[0.578s] -- Up-to-date symlink: /home/zidane/Desktop/project_cnn_regulation/install/mimo_process_gazebo/share/mimo_process_gazebo/environment/ament_prefix_path.dsv
[0.579s] -- Up-to-date symlink: /home/zidane/Desktop/project_cnn_regulation/install/mimo_process_gazebo/share/mimo_process_gazebo/environment/path.sh
[0.579s] -- Up-to-date symlink: /home/zidane/Desktop/project_cnn_regulation/install/mimo_process_gazebo/share/mimo_process_gazebo/environment/path.dsv
[0.579s] -- Up-to-date symlink: /home/zidane/Desktop/project_cnn_regulation/install/mimo_process_gazebo/share/mimo_process_gazebo/local_setup.bash
[0.579s] -- Up-to-date symlink: /home/zidane/Desktop/project_cnn_regulation/install/mimo_process_gazebo/share/mimo_process_gazebo/local_setup.sh
[0.579s] -- Up-to-date symlink: /home/zidane/Desktop/project_cnn_regulation/install/mimo_process_gazebo/share/mimo_process_gazebo/local_setup.zsh
[0.579s] -- Up-to-date symlink: /home/zidane/Desktop/project_cnn_regulation/install/mimo_process_gazebo/share/mimo_process_gazebo/local_setup.dsv
[0.579s] -- Symlinking: /home/zidane/Desktop/project_cnn_regulation/install/mimo_process_gazebo/share/mimo_process_gazebo/package.dsv
[0.591s] -- Up-to-date symlink: /home/zidane/Desktop/project_cnn_regulation/install/mimo_process_gazebo/share/ament_index/resource_index/packages/mimo_process_gazebo
[0.591s] -- Up-to-date symlink: /home/zidane/Desktop/project_cnn_regulation/install/mimo_process_gazebo/share/mimo_process_gazebo/cmake/mimo_process_gazeboConfig.cmake
[0.591s] -- Up-to-date symlink: /home/zidane/Desktop/project_cnn_regulation/install/mimo_process_gazebo/share/mimo_process_gazebo/cmake/mimo_process_gazeboConfig-version.cmake
[0.591s] -- Up-to-date symlink: /home/zidane/Desktop/project_cnn_regulation/install/mimo_process_gazebo/share/mimo_process_gazebo/package.xml
[0.593s] Invoked command in '/home/zidane/Desktop/project_cnn_regulation/build/mimo_process_gazebo' returned '0': CMAKE_PREFIX_PATH=${CMAKE_PREFIX_PATH}:/home/zidane/Desktop/project_cnn_regulation/install/cnn_regulator:/opt/ros/jazzy DEBUGINFOD_URLS=https://debuginfod.ubuntu.com /usr/bin/cmake --install /home/zidane/Desktop/project_cnn_regulation/build/mimo_process_gazebo
