[0.606s] Invoking command in '/home/zidane/Desktop/project_cnn_regulation/src/cnn_regulator': DEBUGINFOD_URLS=https://debuginfod.ubuntu.com PYTHONPATH=/home/zidane/Desktop/project_cnn_regulation/build/cnn_regulator/prefix_override:/usr/lib/python3/dist-packages/colcon_core/task/python/colcon_distutils_commands:/home/zidane/Desktop/project_cnn_regulation/install/cnn_regulator/lib/python3.12/site-packages:${PYTHONPATH} VIRTUAL_ENV_PROMPT=(.venv) /usr/bin/python3 -W ignore:setup.py install is deprecated -W ignore:easy_install command is deprecated setup.py egg_info --egg-base ../../build/cnn_regulator build --build-base /home/zidane/Desktop/project_cnn_regulation/build/cnn_regulator/build install --record /home/zidane/Desktop/project_cnn_regulation/build/cnn_regulator/install.log --single-version-externally-managed install_data
[0.783s] running egg_info
[0.798s] writing ../../build/cnn_regulator/cnn_regulator.egg-info/PKG-INFO
[0.798s] writing dependency_links to ../../build/cnn_regulator/cnn_regulator.egg-info/dependency_links.txt
[0.799s] writing entry points to ../../build/cnn_regulator/cnn_regulator.egg-info/entry_points.txt
[0.799s] writing requirements to ../../build/cnn_regulator/cnn_regulator.egg-info/requires.txt
[0.799s] writing top-level names to ../../build/cnn_regulator/cnn_regulator.egg-info/top_level.txt
[0.835s] reading manifest file '../../build/cnn_regulator/cnn_regulator.egg-info/SOURCES.txt'
[0.836s] writing manifest file '../../build/cnn_regulator/cnn_regulator.egg-info/SOURCES.txt'
[0.836s] running build
[0.836s] running build_py
[0.836s] copying cnn_regulator/train.py -> /home/zidane/Desktop/project_cnn_regulation/build/cnn_regulator/build/lib/cnn_regulator
[0.836s] copying cnn_regulator/cnn_model.py -> /home/zidane/Desktop/project_cnn_regulation/build/cnn_regulator/build/lib/cnn_regulator
[0.837s] running install
[0.843s] running install_lib
[0.859s] copying /home/zidane/Desktop/project_cnn_regulation/build/cnn_regulator/build/lib/cnn_regulator/train.py -> /home/zidane/Desktop/project_cnn_regulation/install/cnn_regulator/lib/python3.12/site-packages/cnn_regulator
[0.860s] copying /home/zidane/Desktop/project_cnn_regulation/build/cnn_regulator/build/lib/cnn_regulator/cnn_model.py -> /home/zidane/Desktop/project_cnn_regulation/install/cnn_regulator/lib/python3.12/site-packages/cnn_regulator
[0.860s] byte-compiling /home/zidane/Desktop/project_cnn_regulation/install/cnn_regulator/lib/python3.12/site-packages/cnn_regulator/train.py to train.cpython-312.pyc
[0.862s] byte-compiling /home/zidane/Desktop/project_cnn_regulation/install/cnn_regulator/lib/python3.12/site-packages/cnn_regulator/cnn_model.py to cnn_model.cpython-312.pyc
[0.862s] running install_data
[0.862s] running install_egg_info
[0.878s] removing '/home/zidane/Desktop/project_cnn_regulation/install/cnn_regulator/lib/python3.12/site-packages/cnn_regulator-0.0.0-py3.12.egg-info' (and everything under it)
[0.878s] Copying ../../build/cnn_regulator/cnn_regulator.egg-info to /home/zidane/Desktop/project_cnn_regulation/install/cnn_regulator/lib/python3.12/site-packages/cnn_regulator-0.0.0-py3.12.egg-info
[0.879s] running install_scripts
[0.972s] Installing classic_controller script to /home/zidane/Desktop/project_cnn_regulation/install/cnn_regulator/lib/cnn_regulator
[0.973s] Installing data_collector script to /home/zidane/Desktop/project_cnn_regulation/install/cnn_regulator/lib/cnn_regulator
[0.973s] Installing ros_controller script to /home/zidane/Desktop/project_cnn_regulation/install/cnn_regulator/lib/cnn_regulator
[0.973s] Installing target_gui script to /home/zidane/Desktop/project_cnn_regulation/install/cnn_regulator/lib/cnn_regulator
[0.973s] Installing target_ui script to /home/zidane/Desktop/project_cnn_regulation/install/cnn_regulator/lib/cnn_regulator
[0.973s] writing list of installed files to '/home/zidane/Desktop/project_cnn_regulation/build/cnn_regulator/install.log'
[0.990s] Invoked command in '/home/zidane/Desktop/project_cnn_regulation/src/cnn_regulator' returned '0': DEBUGINFOD_URLS=https://debuginfod.ubuntu.com PYTHONPATH=/home/zidane/Desktop/project_cnn_regulation/build/cnn_regulator/prefix_override:/usr/lib/python3/dist-packages/colcon_core/task/python/colcon_distutils_commands:/home/zidane/Desktop/project_cnn_regulation/install/cnn_regulator/lib/python3.12/site-packages:${PYTHONPATH} VIRTUAL_ENV_PROMPT=(.venv) /usr/bin/python3 -W ignore:setup.py install is deprecated -W ignore:easy_install command is deprecated setup.py egg_info --egg-base ../../build/cnn_regulator build --build-base /home/zidane/Desktop/project_cnn_regulation/build/cnn_regulator/build install --record /home/zidane/Desktop/project_cnn_regulation/build/cnn_regulator/install.log --single-version-externally-managed install_data
