[0.521s] Invoking command in '/home/zidane/Desktop/project_cnn_regulation/build/mimo_process_gazebo': CMAKE_PREFIX_PATH=${CMAKE_PREFIX_PATH}:/opt/ros/jazzy DEBUGINFOD_URLS=https://debuginfod.ubuntu.com /usr/bin/cmake /home/zidane/Desktop/project_cnn_regulation/src/mimo_process_gazebo -DAMENT_CMAKE_SYMLINK_INSTALL=1 -DCMAKE_INSTALL_PREFIX=/home/zidane/Desktop/project_cnn_regulation/install/mimo_process_gazebo
[0.549s] -- Found ament_cmake: 2.5.6 (/opt/ros/jazzy/share/ament_cmake/cmake)
[1.005s] -- Override CMake install command with custom implementation using symlinks instead of copying resources
[1.022s] -- Found ament_lint_auto: 0.17.5 (/opt/ros/jazzy/share/ament_lint_auto/cmake)
[1.235s] -- Added test 'flake8' to check Python code syntax and style conventions
[1.235s] -- Configured 'flake8' exclude dirs and/or files: 
[1.235s] -- Added test 'lint_cmake' to check CMake code style
[1.235s] -- Added test 'pep257' to check Python code against some of the docstring style conventions in PEP 257
[1.237s] -- Added test 'xmllint' to check XML markup files
[1.240s] -- Configuring done (0.7s)
[1.249s] -- Generating done (0.0s)
[1.255s] -- Build files have been written to: /home/zidane/Desktop/project_cnn_regulation/build/mimo_process_gazebo
[1.261s] Invoked command in '/home/zidane/Desktop/project_cnn_regulation/build/mimo_process_gazebo' returned '0': CMAKE_PREFIX_PATH=${CMAKE_PREFIX_PATH}:/opt/ros/jazzy DEBUGINFOD_URLS=https://debuginfod.ubuntu.com /usr/bin/cmake /home/zidane/Desktop/project_cnn_regulation/src/mimo_process_gazebo -DAMENT_CMAKE_SYMLINK_INSTALL=1 -DCMAKE_INSTALL_PREFIX=/home/zidane/Desktop/project_cnn_regulation/install/mimo_process_gazebo
[1.264s] Invoking command in '/home/zidane/Desktop/project_cnn_regulation/build/mimo_process_gazebo': CMAKE_PREFIX_PATH=${CMAKE_PREFIX_PATH}:/opt/ros/jazzy DEBUGINFOD_URLS=https://debuginfod.ubuntu.com /usr/bin/cmake --build /home/zidane/Desktop/project_cnn_regulation/build/mimo_process_gazebo -- -j16 -l16
[1.382s] Invoked command in '/home/zidane/Desktop/project_cnn_regulation/build/mimo_process_gazebo' returned '0': CMAKE_PREFIX_PATH=${CMAKE_PREFIX_PATH}:/opt/ros/jazzy DEBUGINFOD_URLS=https://debuginfod.ubuntu.com /usr/bin/cmake --build /home/zidane/Desktop/project_cnn_regulation/build/mimo_process_gazebo -- -j16 -l16
[1.419s] Invoking command in '/home/zidane/Desktop/project_cnn_regulation/build/mimo_process_gazebo': CMAKE_PREFIX_PATH=${CMAKE_PREFIX_PATH}:/opt/ros/jazzy DEBUGINFOD_URLS=https://debuginfod.ubuntu.com /usr/bin/cmake --install /home/zidane/Desktop/project_cnn_regulation/build/mimo_process_gazebo
[1.449s] -- Install configuration: ""
[1.452s] -- Execute custom install script
[1.452s] -- Up-to-date symlink: /home/zidane/Desktop/project_cnn_regulation/install/mimo_process_gazebo/share/mimo_process_gazebo//launch/sim.launch.py
[1.452s] -- Up-to-date symlink: /home/zidane/Desktop/project_cnn_regulation/install/mimo_process_gazebo/share/mimo_process_gazebo//config/controllers.yaml
[1.452s] -- Up-to-date symlink: /home/zidane/Desktop/project_cnn_regulation/install/mimo_process_gazebo/share/ament_index/resource_index/package_run_dependencies/mimo_process_gazebo
[1.452s] -- Up-to-date symlink: /home/zidane/Desktop/project_cnn_regulation/install/mimo_process_gazebo/share/ament_index/resource_index/parent_prefix_path/mimo_process_gazebo
[1.452s] -- Up-to-date symlink: /home/zidane/Desktop/project_cnn_regulation/install/mimo_process_gazebo/share/mimo_process_gazebo/environment/ament_prefix_path.sh
[1.453s] -- Up-to-date symlink: /home/zidane/Desktop/project_cnn_regulation/install/mimo_process_gazebo/share/mimo_process_gazebo/environment/ament_prefix_path.dsv
[1.457s] -- Up-to-date symlink: /home/zidane/Desktop/project_cnn_regulation/install/mimo_process_gazebo/share/mimo_process_gazebo/environment/path.sh
[1.457s] -- Up-to-date symlink: /home/zidane/Desktop/project_cnn_regulation/install/mimo_process_gazebo/share/mimo_process_gazebo/environment/path.dsv
[1.459s] -- Up-to-date symlink: /home/zidane/Desktop/project_cnn_regulation/install/mimo_process_gazebo/share/mimo_process_gazebo/local_setup.bash
[1.459s] -- Up-to-date symlink: /home/zidane/Desktop/project_cnn_regulation/install/mimo_process_gazebo/share/mimo_process_gazebo/local_setup.sh
[1.459s] -- Up-to-date symlink: /home/zidane/Desktop/project_cnn_regulation/install/mimo_process_gazebo/share/mimo_process_gazebo/local_setup.zsh
[1.459s] -- Up-to-date symlink: /home/zidane/Desktop/project_cnn_regulation/install/mimo_process_gazebo/share/mimo_process_gazebo/local_setup.dsv
[1.459s] -- Symlinking: /home/zidane/Desktop/project_cnn_regulation/install/mimo_process_gazebo/share/mimo_process_gazebo/package.dsv
[1.480s] -- Up-to-date symlink: /home/zidane/Desktop/project_cnn_regulation/install/mimo_process_gazebo/share/ament_index/resource_index/packages/mimo_process_gazebo
[1.480s] -- Up-to-date symlink: /home/zidane/Desktop/project_cnn_regulation/install/mimo_process_gazebo/share/mimo_process_gazebo/cmake/mimo_process_gazeboConfig.cmake
[1.481s] -- Up-to-date symlink: /home/zidane/Desktop/project_cnn_regulation/install/mimo_process_gazebo/share/mimo_process_gazebo/cmake/mimo_process_gazeboConfig-version.cmake
[1.481s] -- Up-to-date symlink: /home/zidane/Desktop/project_cnn_regulation/install/mimo_process_gazebo/share/mimo_process_gazebo/package.xml
[1.487s] Invoked command in '/home/zidane/Desktop/project_cnn_regulation/build/mimo_process_gazebo' returned '0': CMAKE_PREFIX_PATH=${CMAKE_PREFIX_PATH}:/opt/ros/jazzy DEBUGINFOD_URLS=https://debuginfod.ubuntu.com /usr/bin/cmake --install /home/zidane/Desktop/project_cnn_regulation/build/mimo_process_gazebo
