running egg_info
writing ../../build/cnn_regulator/cnn_regulator.egg-info/PKG-INFO
writing dependency_links to ../../build/cnn_regulator/cnn_regulator.egg-info/dependency_links.txt
writing entry points to ../../build/cnn_regulator/cnn_regulator.egg-info/entry_points.txt
writing requirements to ../../build/cnn_regulator/cnn_regulator.egg-info/requires.txt
writing top-level names to ../../build/cnn_regulator/cnn_regulator.egg-info/top_level.txt
reading manifest file '../../build/cnn_regulator/cnn_regulator.egg-info/SOURCES.txt'
writing manifest file '../../build/cnn_regulator/cnn_regulator.egg-info/SOURCES.txt'
running build
running build_py
copying cnn_regulator/classic_controller.py -> /home/zidane/Desktop/project_cnn_regulation/build/cnn_regulator/build/lib/cnn_regulator
running install
running install_lib
copying /home/zidane/Desktop/project_cnn_regulation/build/cnn_regulator/build/lib/cnn_regulator/classic_controller.py -> /home/zidane/Desktop/project_cnn_regulation/install/cnn_regulator/lib/python3.12/site-packages/cnn_regulator
byte-compiling /home/zidane/Desktop/project_cnn_regulation/install/cnn_regulator/lib/python3.12/site-packages/cnn_regulator/classic_controller.py to classic_controller.cpython-312.pyc
running install_data
running install_egg_info
removing '/home/zidane/Desktop/project_cnn_regulation/install/cnn_regulator/lib/python3.12/site-packages/cnn_regulator-0.0.0-py3.12.egg-info' (and everything under it)
Copying ../../build/cnn_regulator/cnn_regulator.egg-info to /home/zidane/Desktop/project_cnn_regulation/install/cnn_regulator/lib/python3.12/site-packages/cnn_regulator-0.0.0-py3.12.egg-info
running install_scripts
Installing classic_controller script to /home/zidane/Desktop/project_cnn_regulation/install/cnn_regulator/lib/cnn_regulator
Installing data_collector script to /home/zidane/Desktop/project_cnn_regulation/install/cnn_regulator/lib/cnn_regulator
Installing ros_controller script to /home/zidane/Desktop/project_cnn_regulation/install/cnn_regulator/lib/cnn_regulator
Installing target_gui script to /home/zidane/Desktop/project_cnn_regulation/install/cnn_regulator/lib/cnn_regulator
Installing target_ui script to /home/zidane/Desktop/project_cnn_regulation/install/cnn_regulator/lib/cnn_regulator
writing list of installed files to '/home/zidane/Desktop/project_cnn_regulation/build/cnn_regulator/install.log'
