[1.034s] Invoking command in '/home/zidane/Desktop/project_cnn_regulation/build/ur_description': CMAKE_PREFIX_PATH=${CMAKE_PREFIX_PATH}:/home/zidane/Desktop/project_cnn_regulation/install/cnn_regulator:/opt/ros/jazzy DEBUGINFOD_URLS=https://debuginfod.ubuntu.com /usr/bin/cmake --build /home/zidane/Desktop/project_cnn_regulation/build/ur_description -- -j16 -l16
[1.211s] Invoked command in '/home/zidane/Desktop/project_cnn_regulation/build/ur_description' returned '0': CMAKE_PREFIX_PATH=${CMAKE_PREFIX_PATH}:/home/zidane/Desktop/project_cnn_regulation/install/cnn_regulator:/opt/ros/jazzy DEBUGINFOD_URLS=https://debuginfod.ubuntu.com /usr/bin/cmake --build /home/zidane/Desktop/project_cnn_regulation/build/ur_description -- -j16 -l16
[1.219s] Invoking command in '/home/zidane/Desktop/project_cnn_regulation/build/ur_description': CMAKE_PREFIX_PATH=${CMAKE_PREFIX_PATH}:/home/zidane/Desktop/project_cnn_regulation/install/cnn_regulator:/opt/ros/jazzy DEBUGINFOD_URLS=https://debuginfod.ubuntu.com /usr/bin/cmake --install /home/zidane/Desktop/project_cnn_regulation/build/ur_description
[1.263s] -- Install configuration: ""
[1.263s] -- Execute custom install script
[1.273s] -- Up-to-date symlink: /home/zidane/Desktop/project_cnn_regulation/install/ur_description/share/ur_description/config/initial_positions.yaml
[1.273s] -- Up-to-date symlink: /home/zidane/Desktop/project_cnn_regulation/install/ur_description/share/ur_description/config/ur10/default_kinematics.yaml
[1.273s] -- Up-to-date symlink: /home/zidane/Desktop/project_cnn_regulation/install/ur_description/share/ur_description/config/ur10/joint_limits.yaml
[1.273s] -- Up-to-date symlink: /home/zidane/Desktop/project_cnn_regulation/install/ur_description/share/ur_description/config/ur10/physical_parameters.yaml
[1.273s] -- Up-to-date symlink: /home/zidane/Desktop/project_cnn_regulation/install/ur_description/share/ur_description/config/ur10/visual_parameters.yaml
[1.273s] -- Up-to-date symlink: /home/zidane/Desktop/project_cnn_regulation/install/ur_description/share/ur_description/config/ur10e/default_kinematics.yaml
[1.274s] -- Up-to-date symlink: /home/zidane/Desktop/project_cnn_regulation/install/ur_description/share/ur_description/config/ur10e/joint_limits.yaml
[1.274s] -- Up-to-date symlink: /home/zidane/Desktop/project_cnn_regulation/install/ur_description/share/ur_description/config/ur10e/physical_parameters.yaml
[1.277s] -- Up-to-date symlink: /home/zidane/Desktop/project_cnn_regulation/install/ur_description/share/ur_description/config/ur10e/visual_parameters.yaml
[1.281s] -- Up-to-date symlink: /home/zidane/Desktop/project_cnn_regulation/install/ur_description/share/ur_description/config/ur12e/default_kinematics.yaml
[1.287s] -- Up-to-date symlink: /home/zidane/Desktop/project_cnn_regulation/install/ur_description/share/ur_description/config/ur12e/joint_limits.yaml
[1.291s] -- Up-to-date symlink: /home/zidane/Desktop/project_cnn_regulation/install/ur_description/share/ur_description/config/ur12e/physical_parameters.yaml
[1.294s] -- Up-to-date symlink: /home/zidane/Desktop/project_cnn_regulation/install/ur_description/share/ur_description/config/ur12e/visual_parameters.yaml
[1.296s] -- Up-to-date symlink: /home/zidane/Desktop/project_cnn_regulation/install/ur_description/share/ur_description/config/ur15/default_kinematics.yaml
[1.298s] -- Up-to-date symlink: /home/zidane/Desktop/project_cnn_regulation/install/ur_description/share/ur_description/config/ur15/joint_limits.yaml
[1.299s] -- Up-to-date symlink: /home/zidane/Desktop/project_cnn_regulation/install/ur_description/share/ur_description/config/ur15/physical_parameters.yaml
[1.299s] -- Up-to-date symlink: /home/zidane/Desktop/project_cnn_regulation/install/ur_description/share/ur_description/config/ur15/visual_parameters.yaml
[1.299s] -- Up-to-date symlink: /home/zidane/Desktop/project_cnn_regulation/install/ur_description/share/ur_description/config/ur16e/default_kinematics.yaml
[1.299s] -- Up-to-date symlink: /home/zidane/Desktop/project_cnn_regulation/install/ur_description/share/ur_description/config/ur16e/joint_limits.yaml
[1.299s] -- Up-to-date symlink: /home/zidane/Desktop/project_cnn_regulation/install/ur_description/share/ur_description/config/ur16e/physical_parameters.yaml
[1.300s] -- Up-to-date symlink: /home/zidane/Desktop/project_cnn_regulation/install/ur_description/share/ur_description/config/ur16e/visual_parameters.yaml
[1.300s] -- Up-to-date symlink: /home/zidane/Desktop/project_cnn_regulation/install/ur_description/share/ur_description/config/ur18/default_kinematics.yaml
[1.300s] -- Up-to-date symlink: /home/zidane/Desktop/project_cnn_regulation/install/ur_description/share/ur_description/config/ur18/joint_limits.yaml
[1.300s] -- Up-to-date symlink: /home/zidane/Desktop/project_cnn_regulation/install/ur_description/share/ur_description/config/ur18/physical_parameters.yaml
[1.301s] -- Up-to-date symlink: /home/zidane/Desktop/project_cnn_regulation/install/ur_description/share/ur_description/config/ur18/visual_parameters.yaml
[1.301s] -- Up-to-date symlink: /home/zidane/Desktop/project_cnn_regulation/install/ur_description/share/ur_description/config/ur20/default_kinematics.yaml
[1.310s] -- Up-to-date symlink: /home/zidane/Desktop/project_cnn_regulation/install/ur_description/share/ur_description/config/ur20/joint_limits.yaml
[1.314s] -- Up-to-date symlink: /home/zidane/Desktop/project_cnn_regulation/install/ur_description/share/ur_description/config/ur20/physical_parameters.yaml
[1.316s] -- Up-to-date symlink: /home/zidane/Desktop/project_cnn_regulation/install/ur_description/share/ur_description/config/ur20/visual_parameters.yaml
[1.316s] -- Up-to-date symlink: /home/zidane/Desktop/project_cnn_regulation/install/ur_description/share/ur_description/config/ur3/default_kinematics.yaml
[1.317s] -- Up-to-date symlink: /home/zidane/Desktop/project_cnn_regulation/install/ur_description/share/ur_description/config/ur3/joint_limits.yaml
[1.317s] -- Up-to-date symlink: /home/zidane/Desktop/project_cnn_regulation/install/ur_description/share/ur_description/config/ur3/physical_parameters.yaml
[1.317s] -- Up-to-date symlink: /home/zidane/Desktop/project_cnn_regulation/install/ur_description/share/ur_description/config/ur3/visual_parameters.yaml
[1.317s] -- Up-to-date symlink: /home/zidane/Desktop/project_cnn_regulation/install/ur_description/share/ur_description/config/ur30/default_kinematics.yaml
[1.318s] -- Up-to-date symlink: /home/zidane/Desktop/project_cnn_regulation/install/ur_description/share/ur_description/config/ur30/joint_limits.yaml
[1.318s] -- Up-to-date symlink: /home/zidane/Desktop/project_cnn_regulation/install/ur_description/share/ur_description/config/ur30/physical_parameters.yaml
[1.322s] -- Up-to-date symlink: /home/zidane/Desktop/project_cnn_regulation/install/ur_description/share/ur_description/config/ur30/visual_parameters.yaml
[1.323s] -- Up-to-date symlink: /home/zidane/Desktop/project_cnn_regulation/install/ur_description/share/ur_description/config/ur3e/default_kinematics.yaml
[1.332s] -- Up-to-date symlink: /home/zidane/Desktop/project_cnn_regulation/install/ur_description/share/ur_description/config/ur3e/joint_limits.yaml
[1.332s] -- Up-to-date symlink: /home/zidane/Desktop/project_cnn_regulation/install/ur_description/share/ur_description/config/ur3e/physical_parameters.yaml
[1.333s] -- Up-to-date symlink: /home/zidane/Desktop/project_cnn_regulation/install/ur_description/share/ur_description/config/ur3e/visual_parameters.yaml
[1.333s] -- Up-to-date symlink: /home/zidane/Desktop/project_cnn_regulation/install/ur_description/share/ur_description/config/ur5/default_kinematics.yaml
[1.333s] -- Up-to-date symlink: /home/zidane/Desktop/project_cnn_regulation/install/ur_description/share/ur_description/config/ur5/joint_limits.yaml
[1.333s] -- Up-to-date symlink: /home/zidane/Desktop/project_cnn_regulation/install/ur_description/share/ur_description/config/ur5/physical_parameters.yaml
[1.333s] -- Up-to-date symlink: /home/zidane/Desktop/project_cnn_regulation/install/ur_description/share/ur_description/config/ur5/visual_parameters.yaml
[1.333s] -- Up-to-date symlink: /home/zidane/Desktop/project_cnn_regulation/install/ur_description/share/ur_description/config/ur5e/default_kinematics.yaml
[1.334s] -- Up-to-date symlink: /home/zidane/Desktop/project_cnn_regulation/install/ur_description/share/ur_description/config/ur5e/joint_limits.yaml
[1.335s] -- Up-to-date symlink: /home/zidane/Desktop/project_cnn_regulation/install/ur_description/share/ur_description/config/ur5e/physical_parameters.yaml
[1.345s] -- Up-to-date symlink: /home/zidane/Desktop/project_cnn_regulation/install/ur_description/share/ur_description/config/ur5e/visual_parameters.yaml
[1.346s] -- Up-to-date symlink: /home/zidane/Desktop/project_cnn_regulation/install/ur_description/share/ur_description/config/ur7e/default_kinematics.yaml
[1.346s] -- Up-to-date symlink: /home/zidane/Desktop/project_cnn_regulation/install/ur_description/share/ur_description/config/ur7e/joint_limits.yaml
[1.348s] -- Up-to-date symlink: /home/zidane/Desktop/project_cnn_regulation/install/ur_description/share/ur_description/config/ur7e/physical_parameters.yaml
[1.351s] -- Up-to-date symlink: /home/zidane/Desktop/project_cnn_regulation/install/ur_description/share/ur_description/config/ur7e/visual_parameters.yaml
[1.351s] -- Up-to-date symlink: /home/zidane/Desktop/project_cnn_regulation/install/ur_description/share/ur_description/config/ur8long/default_kinematics.yaml
[1.352s] -- Up-to-date symlink: /home/zidane/Desktop/project_cnn_regulation/install/ur_description/share/ur_description/config/ur8long/joint_limits.yaml
[1.352s] -- Up-to-date symlink: /home/zidane/Desktop/project_cnn_regulation/install/ur_description/share/ur_description/config/ur8long/physical_parameters.yaml
[1.352s] -- Up-to-date symlink: /home/zidane/Desktop/project_cnn_regulation/install/ur_description/share/ur_description/config/ur8long/visual_parameters.yaml
[1.353s] -- Up-to-date symlink: /home/zidane/Desktop/project_cnn_regulation/install/ur_description/share/ur_description/launch/view_ur.launch.py
[1.353s] -- Up-to-date symlink: /home/zidane/Desktop/project_cnn_regulation/install/ur_description/share/ur_description/launch/view_ur.launch.xml
[1.354s] -- Up-to-date symlink: /home/zidane/Desktop/project_cnn_regulation/install/ur_description/share/ur_description/meshes/ur10/collision/base.stl
[1.355s] -- Up-to-date symlink: /home/zidane/Desktop/project_cnn_regulation/install/ur_description/share/ur_description/meshes/ur10/collision/forearm.stl
[1.355s] -- Up-to-date symlink: /home/zidane/Desktop/project_cnn_regulation/install/ur_description/share/ur_description/meshes/ur10/collision/shoulder.stl
[1.356s] -- Up-to-date symlink: /home/zidane/Desktop/project_cnn_regulation/install/ur_description/share/ur_description/meshes/ur10/collision/upperarm.stl
[1.358s] -- Up-to-date symlink: /home/zidane/Desktop/project_cnn_regulation/install/ur_description/share/ur_description/meshes/ur10/collision/wrist1.stl
[1.358s] -- Up-to-date symlink: /home/zidane/Desktop/project_cnn_regulation/install/ur_description/share/ur_description/meshes/ur10/collision/wrist2.stl
[1.359s] -- Up-to-date symlink: /home/zidane/Desktop/project_cnn_regulation/install/ur_description/share/ur_description/meshes/ur10/collision/wrist3.stl
[1.359s] -- Up-to-date symlink: /home/zidane/Desktop/project_cnn_regulation/install/ur_description/share/ur_description/meshes/ur10/visual/base.dae
[1.359s] -- Up-to-date symlink: /home/zidane/Desktop/project_cnn_regulation/install/ur_description/share/ur_description/meshes/ur10/visual/forearm.dae
[1.359s] -- Up-to-date symlink: /home/zidane/Desktop/project_cnn_regulation/install/ur_description/share/ur_description/meshes/ur10/visual/shoulder.dae
[1.359s] -- Up-to-date symlink: /home/zidane/Desktop/project_cnn_regulation/install/ur_description/share/ur_description/meshes/ur10/visual/upperarm.dae
[1.360s] -- Up-to-date symlink: /home/zidane/Desktop/project_cnn_regulation/install/ur_description/share/ur_description/meshes/ur10/visual/wrist1.dae
[1.360s] -- Up-to-date symlink: /home/zidane/Desktop/project_cnn_regulation/install/ur_description/share/ur_description/meshes/ur10/visual/wrist2.dae
[1.360s] -- Up-to-date symlink: /home/zidane/Desktop/project_cnn_regulation/install/ur_description/share/ur_description/meshes/ur10/visual/wrist3.dae
[1.360s] -- Up-to-date symlink: /home/zidane/Desktop/project_cnn_regulation/install/ur_description/share/ur_description/meshes/ur10e/collision/base.stl
[1.360s] -- Up-to-date symlink: /home/zidane/Desktop/project_cnn_regulation/install/ur_description/share/ur_description/meshes/ur10e/collision/forearm.stl
[1.360s] -- Up-to-date symlink: /home/zidane/Desktop/project_cnn_regulation/install/ur_description/share/ur_description/meshes/ur10e/collision/shoulder.stl
[1.361s] -- Up-to-date symlink: /home/zidane/Desktop/project_cnn_regulation/install/ur_description/share/ur_description/meshes/ur10e/collision/upperarm.stl
[1.361s] -- Up-to-date symlink: /home/zidane/Desktop/project_cnn_regulation/install/ur_description/share/ur_description/meshes/ur10e/collision/wrist1.stl
[1.361s] -- Up-to-date symlink: /home/zidane/Desktop/project_cnn_regulation/install/ur_description/share/ur_description/meshes/ur10e/collision/wrist2.stl
[1.368s] -- Up-to-date symlink: /home/zidane/Desktop/project_cnn_regulation/install/ur_description/share/ur_description/meshes/ur10e/collision/wrist3.stl
[1.368s] -- Up-to-date symlink: /home/zidane/Desktop/project_cnn_regulation/install/ur_description/share/ur_description/meshes/ur10e/visual/base.dae
[1.368s] -- Up-to-date symlink: /home/zidane/Desktop/project_cnn_regulation/install/ur_description/share/ur_description/meshes/ur10e/visual/forearm.dae
[1.368s] -- Up-to-date symlink: /home/zidane/Desktop/project_cnn_regulation/install/ur_description/share/ur_description/meshes/ur10e/visual/shoulder.dae
[1.369s] -- Up-to-date symlink: /home/zidane/Desktop/project_cnn_regulation/install/ur_description/share/ur_description/meshes/ur10e/visual/upperarm.dae
[1.369s] -- Up-to-date symlink: /home/zidane/Desktop/project_cnn_regulation/install/ur_description/share/ur_description/meshes/ur10e/visual/wrist1.dae
[1.369s] -- Up-to-date symlink: /home/zidane/Desktop/project_cnn_regulation/install/ur_description/share/ur_description/meshes/ur10e/visual/wrist2.dae
[1.369s] -- Up-to-date symlink: /home/zidane/Desktop/project_cnn_regulation/install/ur_description/share/ur_description/meshes/ur10e/visual/wrist3.dae
[1.369s] -- Up-to-date symlink: /home/zidane/Desktop/project_cnn_regulation/install/ur_description/share/ur_description/meshes/ur15/LICENSE.txt
[1.369s] -- Up-to-date symlink: /home/zidane/Desktop/project_cnn_regulation/install/ur_description/share/ur_description/meshes/ur15/collision/base.stl
[1.370s] -- Up-to-date symlink: /home/zidane/Desktop/project_cnn_regulation/install/ur_description/share/ur_description/meshes/ur15/collision/forearm.stl
[1.370s] -- Up-to-date symlink: /home/zidane/Desktop/project_cnn_regulation/install/ur_description/share/ur_description/meshes/ur15/collision/shoulder.stl
[1.370s] -- Up-to-date symlink: /home/zidane/Desktop/project_cnn_regulation/install/ur_description/share/ur_description/meshes/ur15/collision/upperarm.stl
[1.374s] -- Up-to-date symlink: /home/zidane/Desktop/project_cnn_regulation/install/ur_description/share/ur_description/meshes/ur15/collision/wrist1.stl
[1.374s] -- Up-to-date symlink: /home/zidane/Desktop/project_cnn_regulation/install/ur_description/share/ur_description/meshes/ur15/collision/wrist2.stl
[1.375s] -- Up-to-date symlink: /home/zidane/Desktop/project_cnn_regulation/install/ur_description/share/ur_description/meshes/ur15/collision/wrist3.stl
[1.375s] -- Up-to-date symlink: /home/zidane/Desktop/project_cnn_regulation/install/ur_description/share/ur_description/meshes/ur15/visual/UR15_DIFF_8bit_2K.jpg
[1.375s] -- Up-to-date symlink: /home/zidane/Desktop/project_cnn_regulation/install/ur_description/share/ur_description/meshes/ur15/visual/base.dae
[1.375s] -- Up-to-date symlink: /home/zidane/Desktop/project_cnn_regulation/install/ur_description/share/ur_description/meshes/ur15/visual/forearm.dae
[1.375s] -- Up-to-date symlink: /home/zidane/Desktop/project_cnn_regulation/install/ur_description/share/ur_description/meshes/ur15/visual/shoulder.dae
[1.376s] -- Up-to-date symlink: /home/zidane/Desktop/project_cnn_regulation/install/ur_description/share/ur_description/meshes/ur15/visual/upperarm.dae
[1.385s] -- Up-to-date symlink: /home/zidane/Desktop/project_cnn_regulation/install/ur_description/share/ur_description/meshes/ur15/visual/wrist1.dae
[1.386s] -- Up-to-date symlink: /home/zidane/Desktop/project_cnn_regulation/install/ur_description/share/ur_description/meshes/ur15/visual/wrist2.dae
[1.386s] -- Up-to-date symlink: /home/zidane/Desktop/project_cnn_regulation/install/ur_description/share/ur_description/meshes/ur15/visual/wrist3.dae
[1.389s] -- Up-to-date symlink: /home/zidane/Desktop/project_cnn_regulation/install/ur_description/share/ur_description/meshes/ur16e/collision/forearm.stl
[1.390s] -- Up-to-date symlink: /home/zidane/Desktop/project_cnn_regulation/install/ur_description/share/ur_description/meshes/ur16e/collision/upperarm.stl
[1.390s] -- Up-to-date symlink: /home/zidane/Desktop/project_cnn_regulation/install/ur_description/share/ur_description/meshes/ur16e/visual/forearm.dae
[1.390s] -- Up-to-date symlink: /home/zidane/Desktop/project_cnn_regulation/install/ur_description/share/ur_description/meshes/ur16e/visual/upperarm.dae
[1.390s] -- Up-to-date symlink: /home/zidane/Desktop/project_cnn_regulation/install/ur_description/share/ur_description/meshes/ur18/LICENSE.txt
[1.390s] -- Up-to-date symlink: /home/zidane/Desktop/project_cnn_regulation/install/ur_description/share/ur_description/meshes/ur18/collision/forearm.stl
[1.391s] -- Up-to-date symlink: /home/zidane/Desktop/project_cnn_regulation/install/ur_description/share/ur_description/meshes/ur18/collision/upperarm.stl
[1.391s] -- Up-to-date symlink: /home/zidane/Desktop/project_cnn_regulation/install/ur_description/share/ur_description/meshes/ur18/visual/UR18_DIFF_8bit_2K.jpg
[1.394s] -- Up-to-date symlink: /home/zidane/Desktop/project_cnn_regulation/install/ur_description/share/ur_description/meshes/ur18/visual/forearm.dae
[1.397s] -- Up-to-date symlink: /home/zidane/Desktop/project_cnn_regulation/install/ur_description/share/ur_description/meshes/ur18/visual/upperarm.dae
[1.397s] -- Up-to-date symlink: /home/zidane/Desktop/project_cnn_regulation/install/ur_description/share/ur_description/meshes/ur20/LICENSE.txt
[1.398s] -- Up-to-date symlink: /home/zidane/Desktop/project_cnn_regulation/install/ur_description/share/ur_description/meshes/ur20/collision/base.stl
[1.398s] -- Up-to-date symlink: /home/zidane/Desktop/project_cnn_regulation/install/ur_description/share/ur_description/meshes/ur20/collision/forearm.stl
[1.398s] -- Up-to-date symlink: /home/zidane/Desktop/project_cnn_regulation/install/ur_description/share/ur_description/meshes/ur20/collision/shoulder.stl
[1.398s] -- Up-to-date symlink: /home/zidane/Desktop/project_cnn_regulation/install/ur_description/share/ur_description/meshes/ur20/collision/upperarm.stl
[1.399s] -- Up-to-date symlink: /home/zidane/Desktop/project_cnn_regulation/install/ur_description/share/ur_description/meshes/ur20/collision/wrist1.stl
[1.399s] -- Up-to-date symlink: /home/zidane/Desktop/project_cnn_regulation/install/ur_description/share/ur_description/meshes/ur20/collision/wrist2.stl
[1.399s] -- Up-to-date symlink: /home/zidane/Desktop/project_cnn_regulation/install/ur_description/share/ur_description/meshes/ur20/collision/wrist3.stl
[1.399s] -- Up-to-date symlink: /home/zidane/Desktop/project_cnn_regulation/install/ur_description/share/ur_description/meshes/ur20/visual/UR20_DIFF_8bit_2K.png
[1.399s] -- Up-to-date symlink: /home/zidane/Desktop/project_cnn_regulation/install/ur_description/share/ur_description/meshes/ur20/visual/base.dae
[1.399s] -- Up-to-date symlink: /home/zidane/Desktop/project_cnn_regulation/install/ur_description/share/ur_description/meshes/ur20/visual/forearm.dae
[1.400s] -- Up-to-date symlink: /home/zidane/Desktop/project_cnn_regulation/install/ur_description/share/ur_description/meshes/ur20/visual/shoulder.dae
[1.400s] -- Up-to-date symlink: /home/zidane/Desktop/project_cnn_regulation/install/ur_description/share/ur_description/meshes/ur20/visual/upperarm.dae
[1.400s] -- Up-to-date symlink: /home/zidane/Desktop/project_cnn_regulation/install/ur_description/share/ur_description/meshes/ur20/visual/wrist1.dae
[1.400s] -- Up-to-date symlink: /home/zidane/Desktop/project_cnn_regulation/install/ur_description/share/ur_description/meshes/ur20/visual/wrist2.dae
[1.405s] -- Up-to-date symlink: /home/zidane/Desktop/project_cnn_regulation/install/ur_description/share/ur_description/meshes/ur20/visual/wrist3.dae
[1.407s] -- Up-to-date symlink: /home/zidane/Desktop/project_cnn_regulation/install/ur_description/share/ur_description/meshes/ur3/collision/base.stl
[1.409s] -- Up-to-date symlink: /home/zidane/Desktop/project_cnn_regulation/install/ur_description/share/ur_description/meshes/ur3/collision/forearm.stl
[1.413s] -- Up-to-date symlink: /home/zidane/Desktop/project_cnn_regulation/install/ur_description/share/ur_description/meshes/ur3/collision/shoulder.stl
[1.414s] -- Up-to-date symlink: /home/zidane/Desktop/project_cnn_regulation/install/ur_description/share/ur_description/meshes/ur3/collision/upperarm.stl
[1.414s] -- Up-to-date symlink: /home/zidane/Desktop/project_cnn_regulation/install/ur_description/share/ur_description/meshes/ur3/collision/wrist1.stl
[1.414s] -- Up-to-date symlink: /home/zidane/Desktop/project_cnn_regulation/install/ur_description/share/ur_description/meshes/ur3/collision/wrist2.stl
[1.415s] -- Up-to-date symlink: /home/zidane/Desktop/project_cnn_regulation/install/ur_description/share/ur_description/meshes/ur3/collision/wrist3.stl
[1.415s] -- Up-to-date symlink: /home/zidane/Desktop/project_cnn_regulation/install/ur_description/share/ur_description/meshes/ur3/visual/base.dae
[1.415s] -- Up-to-date symlink: /home/zidane/Desktop/project_cnn_regulation/install/ur_description/share/ur_description/meshes/ur3/visual/forearm.dae
[1.415s] -- Up-to-date symlink: /home/zidane/Desktop/project_cnn_regulation/install/ur_description/share/ur_description/meshes/ur3/visual/shoulder.dae
[1.416s] -- Up-to-date symlink: /home/zidane/Desktop/project_cnn_regulation/install/ur_description/share/ur_description/meshes/ur3/visual/upperarm.dae
[1.416s] -- Up-to-date symlink: /home/zidane/Desktop/project_cnn_regulation/install/ur_description/share/ur_description/meshes/ur3/visual/wrist1.dae
[1.418s] -- Up-to-date symlink: /home/zidane/Desktop/project_cnn_regulation/install/ur_description/share/ur_description/meshes/ur3/visual/wrist2.dae
[1.418s] -- Up-to-date symlink: /home/zidane/Desktop/project_cnn_regulation/install/ur_description/share/ur_description/meshes/ur3/visual/wrist3.dae
[1.418s] -- Up-to-date symlink: /home/zidane/Desktop/project_cnn_regulation/install/ur_description/share/ur_description/meshes/ur30/LICENSE.txt
[1.419s] -- Up-to-date symlink: /home/zidane/Desktop/project_cnn_regulation/install/ur_description/share/ur_description/meshes/ur30/collision/forearm.stl
[1.419s] -- Up-to-date symlink: /home/zidane/Desktop/project_cnn_regulation/install/ur_description/share/ur_description/meshes/ur30/collision/upperarm.stl
[1.419s] -- Up-to-date symlink: /home/zidane/Desktop/project_cnn_regulation/install/ur_description/share/ur_description/meshes/ur30/visual/UR30_DIFF_8bit_2K.png
[1.419s] -- Up-to-date symlink: /home/zidane/Desktop/project_cnn_regulation/install/ur_description/share/ur_description/meshes/ur30/visual/forearm.dae
[1.419s] -- Up-to-date symlink: /home/zidane/Desktop/project_cnn_regulation/install/ur_description/share/ur_description/meshes/ur30/visual/upperarm.dae
[1.419s] -- Up-to-date symlink: /home/zidane/Desktop/project_cnn_regulation/install/ur_description/share/ur_description/meshes/ur3e/collision/base.stl
[1.420s] -- Up-to-date symlink: /home/zidane/Desktop/project_cnn_regulation/install/ur_description/share/ur_description/meshes/ur3e/collision/forearm.stl
[1.420s] -- Up-to-date symlink: /home/zidane/Desktop/project_cnn_regulation/install/ur_description/share/ur_description/meshes/ur3e/collision/shoulder.stl
[1.420s] -- Up-to-date symlink: /home/zidane/Desktop/project_cnn_regulation/install/ur_description/share/ur_description/meshes/ur3e/collision/upperarm.stl
[1.420s] -- Up-to-date symlink: /home/zidane/Desktop/project_cnn_regulation/install/ur_description/share/ur_description/meshes/ur3e/collision/wrist1.stl
[1.420s] -- Up-to-date symlink: /home/zidane/Desktop/project_cnn_regulation/install/ur_description/share/ur_description/meshes/ur3e/collision/wrist2.stl
[1.421s] -- Up-to-date symlink: /home/zidane/Desktop/project_cnn_regulation/install/ur_description/share/ur_description/meshes/ur3e/collision/wrist3.stl
[1.421s] -- Up-to-date symlink: /home/zidane/Desktop/project_cnn_regulation/install/ur_description/share/ur_description/meshes/ur3e/visual/base.dae
[1.422s] -- Up-to-date symlink: /home/zidane/Desktop/project_cnn_regulation/install/ur_description/share/ur_description/meshes/ur3e/visual/forearm.dae
[1.423s] -- Up-to-date symlink: /home/zidane/Desktop/project_cnn_regulation/install/ur_description/share/ur_description/meshes/ur3e/visual/shoulder.dae
[1.423s] -- Up-to-date symlink: /home/zidane/Desktop/project_cnn_regulation/install/ur_description/share/ur_description/meshes/ur3e/visual/upperarm.dae
[1.427s] -- Up-to-date symlink: /home/zidane/Desktop/project_cnn_regulation/install/ur_description/share/ur_description/meshes/ur3e/visual/wrist1.dae
[1.427s] -- Up-to-date symlink: /home/zidane/Desktop/project_cnn_regulation/install/ur_description/share/ur_description/meshes/ur3e/visual/wrist2.dae
[1.428s] -- Up-to-date symlink: /home/zidane/Desktop/project_cnn_regulation/install/ur_description/share/ur_description/meshes/ur3e/visual/wrist3.dae
[1.428s] -- Up-to-date symlink: /home/zidane/Desktop/project_cnn_regulation/install/ur_description/share/ur_description/meshes/ur5/collision/base.stl
[1.428s] -- Up-to-date symlink: /home/zidane/Desktop/project_cnn_regulation/install/ur_description/share/ur_description/meshes/ur5/collision/forearm.stl
[1.432s] -- Up-to-date symlink: /home/zidane/Desktop/project_cnn_regulation/install/ur_description/share/ur_description/meshes/ur5/collision/shoulder.stl
[1.437s] -- Up-to-date symlink: /home/zidane/Desktop/project_cnn_regulation/install/ur_description/share/ur_description/meshes/ur5/collision/upperarm.stl
[1.438s] -- Up-to-date symlink: /home/zidane/Desktop/project_cnn_regulation/install/ur_description/share/ur_description/meshes/ur5/collision/wrist1.stl
[1.438s] -- Up-to-date symlink: /home/zidane/Desktop/project_cnn_regulation/install/ur_description/share/ur_description/meshes/ur5/collision/wrist2.stl
[1.442s] -- Up-to-date symlink: /home/zidane/Desktop/project_cnn_regulation/install/ur_description/share/ur_description/meshes/ur5/collision/wrist3.stl
[1.444s] -- Up-to-date symlink: /home/zidane/Desktop/project_cnn_regulation/install/ur_description/share/ur_description/meshes/ur5/visual/base.dae
[1.445s] -- Up-to-date symlink: /home/zidane/Desktop/project_cnn_regulation/install/ur_description/share/ur_description/meshes/ur5/visual/forearm.dae
[1.446s] -- Up-to-date symlink: /home/zidane/Desktop/project_cnn_regulation/install/ur_description/share/ur_description/meshes/ur5/visual/shoulder.dae
[1.446s] -- Up-to-date symlink: /home/zidane/Desktop/project_cnn_regulation/install/ur_description/share/ur_description/meshes/ur5/visual/upperarm.dae
[1.446s] -- Up-to-date symlink: /home/zidane/Desktop/project_cnn_regulation/install/ur_description/share/ur_description/meshes/ur5/visual/wrist1.dae
[1.446s] -- Up-to-date symlink: /home/zidane/Desktop/project_cnn_regulation/install/ur_description/share/ur_description/meshes/ur5/visual/wrist2.dae
[1.446s] -- Up-to-date symlink: /home/zidane/Desktop/project_cnn_regulation/install/ur_description/share/ur_description/meshes/ur5/visual/wrist3.dae
[1.447s] -- Up-to-date symlink: /home/zidane/Desktop/project_cnn_regulation/install/ur_description/share/ur_description/meshes/ur5e/collision/base.stl
[1.447s] -- Up-to-date symlink: /home/zidane/Desktop/project_cnn_regulation/install/ur_description/share/ur_description/meshes/ur5e/collision/forearm.stl
[1.447s] -- Up-to-date symlink: /home/zidane/Desktop/project_cnn_regulation/install/ur_description/share/ur_description/meshes/ur5e/collision/shoulder.stl
[1.450s] -- Up-to-date symlink: /home/zidane/Desktop/project_cnn_regulation/install/ur_description/share/ur_description/meshes/ur5e/collision/upperarm.stl
[1.457s] -- Up-to-date symlink: /home/zidane/Desktop/project_cnn_regulation/install/ur_description/share/ur_description/meshes/ur5e/collision/wrist1.stl
[1.458s] -- Up-to-date symlink: /home/zidane/Desktop/project_cnn_regulation/install/ur_description/share/ur_description/meshes/ur5e/collision/wrist2.stl
[1.458s] -- Up-to-date symlink: /home/zidane/Desktop/project_cnn_regulation/install/ur_description/share/ur_description/meshes/ur5e/collision/wrist3.stl
[1.459s] -- Up-to-date symlink: /home/zidane/Desktop/project_cnn_regulation/install/ur_description/share/ur_description/meshes/ur5e/visual/base.dae
[1.459s] -- Up-to-date symlink: /home/zidane/Desktop/project_cnn_regulation/install/ur_description/share/ur_description/meshes/ur5e/visual/forearm.dae
[1.465s] -- Up-to-date symlink: /home/zidane/Desktop/project_cnn_regulation/install/ur_description/share/ur_description/meshes/ur5e/visual/shoulder.dae
[1.468s] -- Up-to-date symlink: /home/zidane/Desktop/project_cnn_regulation/install/ur_description/share/ur_description/meshes/ur5e/visual/upperarm.dae
[1.468s] -- Up-to-date symlink: /home/zidane/Desktop/project_cnn_regulation/install/ur_description/share/ur_description/meshes/ur5e/visual/wrist1.dae
[1.469s] -- Up-to-date symlink: /home/zidane/Desktop/project_cnn_regulation/install/ur_description/share/ur_description/meshes/ur5e/visual/wrist2.dae
[1.469s] -- Up-to-date symlink: /home/zidane/Desktop/project_cnn_regulation/install/ur_description/share/ur_description/meshes/ur5e/visual/wrist3.dae
[1.471s] -- Up-to-date symlink: /home/zidane/Desktop/project_cnn_regulation/install/ur_description/share/ur_description/meshes/ur8long/LICENSE.txt
[1.471s] -- Up-to-date symlink: /home/zidane/Desktop/project_cnn_regulation/install/ur_description/share/ur_description/meshes/ur8long/collision/forearm.stl
[1.472s] -- Up-to-date symlink: /home/zidane/Desktop/project_cnn_regulation/install/ur_description/share/ur_description/meshes/ur8long/collision/upperarm.stl
[1.472s] -- Up-to-date symlink: /home/zidane/Desktop/project_cnn_regulation/install/ur_description/share/ur_description/meshes/ur8long/visual/UR8Long_DIFF_8bit_2K.jpg
[1.472s] -- Up-to-date symlink: /home/zidane/Desktop/project_cnn_regulation/install/ur_description/share/ur_description/meshes/ur8long/visual/forearm.dae
[1.472s] -- Up-to-date symlink: /home/zidane/Desktop/project_cnn_regulation/install/ur_description/share/ur_description/meshes/ur8long/visual/upperarm.dae
[1.472s] -- Up-to-date symlink: /home/zidane/Desktop/project_cnn_regulation/install/ur_description/share/ur_description/rviz/view_robot.rviz
[1.472s] -- Up-to-date symlink: /home/zidane/Desktop/project_cnn_regulation/install/ur_description/share/ur_description/urdf/inc/ur_common.xacro
[1.473s] -- Up-to-date symlink: /home/zidane/Desktop/project_cnn_regulation/install/ur_description/share/ur_description/urdf/inc/ur_joint_control.xacro
[1.473s] -- Up-to-date symlink: /home/zidane/Desktop/project_cnn_regulation/install/ur_description/share/ur_description/urdf/inc/ur_sensors.xacro
[1.473s] -- Up-to-date symlink: /home/zidane/Desktop/project_cnn_regulation/install/ur_description/share/ur_description/urdf/inc/ur_transmissions.xacro
[1.473s] -- Up-to-date symlink: /home/zidane/Desktop/project_cnn_regulation/install/ur_description/share/ur_description/urdf/ros2_control_mock_hardware.xacro
[1.473s] -- Up-to-date symlink: /home/zidane/Desktop/project_cnn_regulation/install/ur_description/share/ur_description/urdf/ur.urdf.xacro
[1.474s] -- Up-to-date symlink: /home/zidane/Desktop/project_cnn_regulation/install/ur_description/share/ur_description/urdf/ur_macro.xacro
[1.477s] -- Up-to-date symlink: /home/zidane/Desktop/project_cnn_regulation/install/ur_description/share/ur_description/urdf/ur_mocked.urdf.xacro
[1.479s] -- Up-to-date symlink: /home/zidane/Desktop/project_cnn_regulation/install/ur_description/share/ur_description/test/test_ur_urdf_xacro.py
[1.479s] -- Up-to-date symlink: /home/zidane/Desktop/project_cnn_regulation/install/ur_description/share/ur_description/test/test_view_ur_launch.py
[1.480s] -- Up-to-date symlink: /home/zidane/Desktop/project_cnn_regulation/install/ur_description/share/ament_index/resource_index/package_run_dependencies/ur_description
[1.480s] -- Up-to-date symlink: /home/zidane/Desktop/project_cnn_regulation/install/ur_description/share/ament_index/resource_index/parent_prefix_path/ur_description
[1.480s] -- Up-to-date symlink: /home/zidane/Desktop/project_cnn_regulation/install/ur_description/share/ur_description/environment/ament_prefix_path.sh
[1.482s] -- Up-to-date symlink: /home/zidane/Desktop/project_cnn_regulation/install/ur_description/share/ur_description/environment/ament_prefix_path.dsv
[1.482s] -- Up-to-date symlink: /home/zidane/Desktop/project_cnn_regulation/install/ur_description/share/ur_description/environment/path.sh
[1.482s] -- Up-to-date symlink: /home/zidane/Desktop/project_cnn_regulation/install/ur_description/share/ur_description/environment/path.dsv
[1.485s] -- Up-to-date symlink: /home/zidane/Desktop/project_cnn_regulation/install/ur_description/share/ur_description/local_setup.bash
[1.486s] -- Up-to-date symlink: /home/zidane/Desktop/project_cnn_regulation/install/ur_description/share/ur_description/local_setup.sh
[1.486s] -- Up-to-date symlink: /home/zidane/Desktop/project_cnn_regulation/install/ur_description/share/ur_description/local_setup.zsh
[1.486s] -- Up-to-date symlink: /home/zidane/Desktop/project_cnn_regulation/install/ur_description/share/ur_description/local_setup.dsv
[1.487s] -- Symlinking: /home/zidane/Desktop/project_cnn_regulation/install/ur_description/share/ur_description/package.dsv
[1.487s] -- Up-to-date symlink: /home/zidane/Desktop/project_cnn_regulation/install/ur_description/share/ament_index/resource_index/packages/ur_description
[1.487s] -- Up-to-date symlink: /home/zidane/Desktop/project_cnn_regulation/install/ur_description/share/ur_description/cmake/ur_descriptionConfig.cmake
[1.487s] -- Up-to-date symlink: /home/zidane/Desktop/project_cnn_regulation/install/ur_description/share/ur_description/cmake/ur_descriptionConfig-version.cmake
[1.488s] -- Up-to-date symlink: /home/zidane/Desktop/project_cnn_regulation/install/ur_description/share/ur_description/package.xml
[1.491s] Invoked command in '/home/zidane/Desktop/project_cnn_regulation/build/ur_description' returned '0': CMAKE_PREFIX_PATH=${CMAKE_PREFIX_PATH}:/home/zidane/Desktop/project_cnn_regulation/install/cnn_regulator:/opt/ros/jazzy DEBUGINFOD_URLS=https://debuginfod.ubuntu.com /usr/bin/cmake --install /home/zidane/Desktop/project_cnn_regulation/build/ur_description
