[0.718s] Invoking command in '/home/zidane/Desktop/project_cnn_regulation/build/cnn_regulator': DEBUGINFOD_URLS=https://debuginfod.ubuntu.com PYTHONPATH=/home/zidane/Desktop/project_cnn_regulation/build/cnn_regulator/prefix_override:/usr/lib/python3/dist-packages/colcon_core/task/python/colcon_distutils_commands:/home/zidane/Desktop/project_cnn_regulation/install/cnn_regulator/lib/python3.12/site-packages:${PYTHONPATH} /usr/bin/python3 -W ignore:setup.py install is deprecated -W ignore:easy_install command is deprecated setup.py develop --uninstall --editable --build-directory /home/zidane/Desktop/project_cnn_regulation/build/cnn_regulator/build
[0.945s] running develop
[1.087s] Removing /home/zidane/Desktop/project_cnn_regulation/install/cnn_regulator/lib/python3.12/site-packages/cnn-regulator.egg-link (link to .)
[1.110s] Invoked command in '/home/zidane/Desktop/project_cnn_regulation/build/cnn_regulator' returned '0': DEBUGINFOD_URLS=https://debuginfod.ubuntu.com PYTHONPATH=/home/zidane/Desktop/project_cnn_regulation/build/cnn_regulator/prefix_override:/usr/lib/python3/dist-packages/colcon_core/task/python/colcon_distutils_commands:/home/zidane/Desktop/project_cnn_regulation/install/cnn_regulator/lib/python3.12/site-packages:${PYTHONPATH} /usr/bin/python3 -W ignore:setup.py install is deprecated -W ignore:easy_install command is deprecated setup.py develop --uninstall --editable --build-directory /home/zidane/Desktop/project_cnn_regulation/build/cnn_regulator/build
[1.110s] Invoking command in '/home/zidane/Desktop/project_cnn_regulation/src/cnn_regulator': DEBUGINFOD_URLS=https://debuginfod.ubuntu.com PYTHONPATH=/home/zidane/Desktop/project_cnn_regulation/build/cnn_regulator/prefix_override:/usr/lib/python3/dist-packages/colcon_core/task/python/colcon_distutils_commands:/home/zidane/Desktop/project_cnn_regulation/install/cnn_regulator/lib/python3.12/site-packages:${PYTHONPATH} /usr/bin/python3 -W ignore:setup.py install is deprecated -W ignore:easy_install command is deprecated setup.py egg_info --egg-base ../../build/cnn_regulator build --build-base /home/zidane/Desktop/project_cnn_regulation/build/cnn_regulator/build install --record /home/zidane/Desktop/project_cnn_regulation/build/cnn_regulator/install.log --single-version-externally-managed install_data --force
[1.306s] running egg_info
[1.318s] writing ../../build/cnn_regulator/cnn_regulator.egg-info/PKG-INFO
[1.318s] writing dependency_links to ../../build/cnn_regulator/cnn_regulator.egg-info/dependency_links.txt
[1.318s] writing entry points to ../../build/cnn_regulator/cnn_regulator.egg-info/entry_points.txt
[1.319s] writing requirements to ../../build/cnn_regulator/cnn_regulator.egg-info/requires.txt
[1.319s] writing top-level names to ../../build/cnn_regulator/cnn_regulator.egg-info/top_level.txt
[1.345s] reading manifest file '../../build/cnn_regulator/cnn_regulator.egg-info/SOURCES.txt'
[1.345s] writing manifest file '../../build/cnn_regulator/cnn_regulator.egg-info/SOURCES.txt'
[1.345s] running build
[1.345s] running build_py
[1.345s] copying cnn_regulator/gui_target_ui.py -> /home/zidane/Desktop/project_cnn_regulation/build/cnn_regulator/build/lib/cnn_regulator
[1.346s] copying cnn_regulator/target_ui.py -> /home/zidane/Desktop/project_cnn_regulation/build/cnn_regulator/build/lib/cnn_regulator
[1.346s] copying cnn_regulator/ros_controller.py -> /home/zidane/Desktop/project_cnn_regulation/build/cnn_regulator/build/lib/cnn_regulator
[1.346s] running install
[1.351s] running install_lib
[1.366s] creating /home/zidane/Desktop/project_cnn_regulation/install/cnn_regulator/lib/python3.12/site-packages/cnn_regulator
[1.366s] copying /home/zidane/Desktop/project_cnn_regulation/build/cnn_regulator/build/lib/cnn_regulator/gui_target_ui.py -> /home/zidane/Desktop/project_cnn_regulation/install/cnn_regulator/lib/python3.12/site-packages/cnn_regulator
[1.366s] copying /home/zidane/Desktop/project_cnn_regulation/build/cnn_regulator/build/lib/cnn_regulator/train.py -> /home/zidane/Desktop/project_cnn_regulation/install/cnn_regulator/lib/python3.12/site-packages/cnn_regulator
[1.366s] copying /home/zidane/Desktop/project_cnn_regulation/build/cnn_regulator/build/lib/cnn_regulator/__init__.py -> /home/zidane/Desktop/project_cnn_regulation/install/cnn_regulator/lib/python3.12/site-packages/cnn_regulator
[1.366s] copying /home/zidane/Desktop/project_cnn_regulation/build/cnn_regulator/build/lib/cnn_regulator/visualizations.py -> /home/zidane/Desktop/project_cnn_regulation/install/cnn_regulator/lib/python3.12/site-packages/cnn_regulator
[1.366s] copying /home/zidane/Desktop/project_cnn_regulation/build/cnn_regulator/build/lib/cnn_regulator/evaluate.py -> /home/zidane/Desktop/project_cnn_regulation/install/cnn_regulator/lib/python3.12/site-packages/cnn_regulator
[1.366s] copying /home/zidane/Desktop/project_cnn_regulation/build/cnn_regulator/build/lib/cnn_regulator/target_ui.py -> /home/zidane/Desktop/project_cnn_regulation/install/cnn_regulator/lib/python3.12/site-packages/cnn_regulator
[1.366s] copying /home/zidane/Desktop/project_cnn_regulation/build/cnn_regulator/build/lib/cnn_regulator/ros_controller.py -> /home/zidane/Desktop/project_cnn_regulation/install/cnn_regulator/lib/python3.12/site-packages/cnn_regulator
[1.366s] copying /home/zidane/Desktop/project_cnn_regulation/build/cnn_regulator/build/lib/cnn_regulator/data_collector.py -> /home/zidane/Desktop/project_cnn_regulation/install/cnn_regulator/lib/python3.12/site-packages/cnn_regulator
[1.366s] copying /home/zidane/Desktop/project_cnn_regulation/build/cnn_regulator/build/lib/cnn_regulator/cnn_model.py -> /home/zidane/Desktop/project_cnn_regulation/install/cnn_regulator/lib/python3.12/site-packages/cnn_regulator
[1.367s] byte-compiling /home/zidane/Desktop/project_cnn_regulation/install/cnn_regulator/lib/python3.12/site-packages/cnn_regulator/gui_target_ui.py to gui_target_ui.cpython-312.pyc
[1.371s] byte-compiling /home/zidane/Desktop/project_cnn_regulation/install/cnn_regulator/lib/python3.12/site-packages/cnn_regulator/train.py to train.cpython-312.pyc
[1.372s] byte-compiling /home/zidane/Desktop/project_cnn_regulation/install/cnn_regulator/lib/python3.12/site-packages/cnn_regulator/__init__.py to __init__.cpython-312.pyc
[1.372s] byte-compiling /home/zidane/Desktop/project_cnn_regulation/install/cnn_regulator/lib/python3.12/site-packages/cnn_regulator/visualizations.py to visualizations.cpython-312.pyc
[1.374s] byte-compiling /home/zidane/Desktop/project_cnn_regulation/install/cnn_regulator/lib/python3.12/site-packages/cnn_regulator/evaluate.py to evaluate.cpython-312.pyc
[1.375s] byte-compiling /home/zidane/Desktop/project_cnn_regulation/install/cnn_regulator/lib/python3.12/site-packages/cnn_regulator/target_ui.py to target_ui.cpython-312.pyc
[1.376s] byte-compiling /home/zidane/Desktop/project_cnn_regulation/install/cnn_regulator/lib/python3.12/site-packages/cnn_regulator/ros_controller.py to ros_controller.cpython-312.pyc
[1.378s] byte-compiling /home/zidane/Desktop/project_cnn_regulation/install/cnn_regulator/lib/python3.12/site-packages/cnn_regulator/data_collector.py to data_collector.cpython-312.pyc
[1.378s] byte-compiling /home/zidane/Desktop/project_cnn_regulation/install/cnn_regulator/lib/python3.12/site-packages/cnn_regulator/cnn_model.py to cnn_model.cpython-312.pyc
[1.378s] running install_data
[1.379s] copying resource/cnn_regulator -> /home/zidane/Desktop/project_cnn_regulation/install/cnn_regulator/share/ament_index/resource_index/packages
[1.379s] copying package.xml -> /home/zidane/Desktop/project_cnn_regulation/install/cnn_regulator/share/cnn_regulator
[1.379s] running install_egg_info
[1.392s] Copying ../../build/cnn_regulator/cnn_regulator.egg-info to /home/zidane/Desktop/project_cnn_regulation/install/cnn_regulator/lib/python3.12/site-packages/cnn_regulator-0.0.0-py3.12.egg-info
[1.392s] running install_scripts
[1.472s] Installing data_collector script to /home/zidane/Desktop/project_cnn_regulation/install/cnn_regulator/lib/cnn_regulator
[1.472s] Installing ros_controller script to /home/zidane/Desktop/project_cnn_regulation/install/cnn_regulator/lib/cnn_regulator
[1.472s] Installing target_gui script to /home/zidane/Desktop/project_cnn_regulation/install/cnn_regulator/lib/cnn_regulator
[1.472s] Installing target_ui script to /home/zidane/Desktop/project_cnn_regulation/install/cnn_regulator/lib/cnn_regulator
[1.472s] writing list of installed files to '/home/zidane/Desktop/project_cnn_regulation/build/cnn_regulator/install.log'
[1.490s] Invoked command in '/home/zidane/Desktop/project_cnn_regulation/src/cnn_regulator' returned '0': DEBUGINFOD_URLS=https://debuginfod.ubuntu.com PYTHONPATH=/home/zidane/Desktop/project_cnn_regulation/build/cnn_regulator/prefix_override:/usr/lib/python3/dist-packages/colcon_core/task/python/colcon_distutils_commands:/home/zidane/Desktop/project_cnn_regulation/install/cnn_regulator/lib/python3.12/site-packages:${PYTHONPATH} /usr/bin/python3 -W ignore:setup.py install is deprecated -W ignore:easy_install command is deprecated setup.py egg_info --egg-base ../../build/cnn_regulator build --build-base /home/zidane/Desktop/project_cnn_regulation/build/cnn_regulator/build install --record /home/zidane/Desktop/project_cnn_regulation/build/cnn_regulator/install.log --single-version-externally-managed install_data --force
