[2.431s] Invoking command in '/home/zidane/Desktop/project_cnn_regulation/src/cnn_regulator': DEBUGINFOD_URLS=https://debuginfod.ubuntu.com PYTHONPATH=/home/zidane/Desktop/project_cnn_regulation/build/cnn_regulator/prefix_override:/usr/lib/python3/dist-packages/colcon_core/task/python/colcon_distutils_commands:/home/zidane/Desktop/project_cnn_regulation/install/cnn_regulator/lib/python3.12/site-packages:${PYTHONPATH} /usr/bin/python3 -W ignore:setup.py install is deprecated -W ignore:easy_install command is deprecated setup.py egg_info --egg-base ../../build/cnn_regulator build --build-base /home/zidane/Desktop/project_cnn_regulation/build/cnn_regulator/build install --record /home/zidane/Desktop/project_cnn_regulation/build/cnn_regulator/install.log --single-version-externally-managed install_data
[3.236s] running egg_info
[3.292s] writing ../../build/cnn_regulator/cnn_regulator.egg-info/PKG-INFO
[3.293s] writing dependency_links to ../../build/cnn_regulator/cnn_regulator.egg-info/dependency_links.txt
[3.294s] writing entry points to ../../build/cnn_regulator/cnn_regulator.egg-info/entry_points.txt
[3.294s] writing requirements to ../../build/cnn_regulator/cnn_regulator.egg-info/requires.txt
[3.294s] writing top-level names to ../../build/cnn_regulator/cnn_regulator.egg-info/top_level.txt
[3.414s] reading manifest file '../../build/cnn_regulator/cnn_regulator.egg-info/SOURCES.txt'
[3.416s] writing manifest file '../../build/cnn_regulator/cnn_regulator.egg-info/SOURCES.txt'
[3.416s] running build
[3.417s] running build_py
[3.418s] running install
[3.439s] running install_lib
[3.499s] running install_data
[3.499s] running install_egg_info
[3.555s] removing '/home/zidane/Desktop/project_cnn_regulation/install/cnn_regulator/lib/python3.12/site-packages/cnn_regulator-0.0.0-py3.12.egg-info' (and everything under it)
[3.556s] Copying ../../build/cnn_regulator/cnn_regulator.egg-info to /home/zidane/Desktop/project_cnn_regulation/install/cnn_regulator/lib/python3.12/site-packages/cnn_regulator-0.0.0-py3.12.egg-info
[3.559s] running install_scripts
[3.962s] Installing data_collector script to /home/zidane/Desktop/project_cnn_regulation/install/cnn_regulator/lib/cnn_regulator
[3.962s] Installing ros_controller script to /home/zidane/Desktop/project_cnn_regulation/install/cnn_regulator/lib/cnn_regulator
[3.963s] Installing target_gui script to /home/zidane/Desktop/project_cnn_regulation/install/cnn_regulator/lib/cnn_regulator
[3.963s] Installing target_ui script to /home/zidane/Desktop/project_cnn_regulation/install/cnn_regulator/lib/cnn_regulator
[3.963s] writing list of installed files to '/home/zidane/Desktop/project_cnn_regulation/build/cnn_regulator/install.log'
[4.073s] Invoked command in '/home/zidane/Desktop/project_cnn_regulation/src/cnn_regulator' returned '0': DEBUGINFOD_URLS=https://debuginfod.ubuntu.com PYTHONPATH=/home/zidane/Desktop/project_cnn_regulation/build/cnn_regulator/prefix_override:/usr/lib/python3/dist-packages/colcon_core/task/python/colcon_distutils_commands:/home/zidane/Desktop/project_cnn_regulation/install/cnn_regulator/lib/python3.12/site-packages:${PYTHONPATH} /usr/bin/python3 -W ignore:setup.py install is deprecated -W ignore:easy_install command is deprecated setup.py egg_info --egg-base ../../build/cnn_regulator build --build-base /home/zidane/Desktop/project_cnn_regulation/build/cnn_regulator/build install --record /home/zidane/Desktop/project_cnn_regulation/build/cnn_regulator/install.log --single-version-externally-managed install_data
