[0.324s] Invoking command in '/home/zidane/Desktop/project_cnn_regulation/build/mimo_process_description': CMAKE_PREFIX_PATH=${CMAKE_PREFIX_PATH}:/opt/ros/jazzy DEBUGINFOD_URLS=https://debuginfod.ubuntu.com /usr/bin/cmake /home/zidane/Desktop/project_cnn_regulation/src/mimo_process_description -DCMAKE_INSTALL_PREFIX=/home/zidane/Desktop/project_cnn_regulation/install/mimo_process_description
[0.366s] -- Found ament_cmake: 2.5.6 (/opt/ros/jazzy/share/ament_cmake/cmake)
[0.771s] -- Override CMake install command with custom implementation using symlinks instead of copying resources
[0.791s] -- Found ament_lint_auto: 0.17.5 (/opt/ros/jazzy/share/ament_lint_auto/cmake)
[0.948s] -- Added test 'lint_cmake' to check CMake code style
[0.951s] -- Added test 'xmllint' to check XML markup files
[0.953s] -- Configuring done (0.6s)
[0.964s] -- Generating done (0.0s)
[0.969s] -- Build files have been written to: /home/zidane/Desktop/project_cnn_regulation/build/mimo_process_description
[0.976s] Invoked command in '/home/zidane/Desktop/project_cnn_regulation/build/mimo_process_description' returned '0': CMAKE_PREFIX_PATH=${CMAKE_PREFIX_PATH}:/opt/ros/jazzy DEBUGINFOD_URLS=https://debuginfod.ubuntu.com /usr/bin/cmake /home/zidane/Desktop/project_cnn_regulation/src/mimo_process_description -DCMAKE_INSTALL_PREFIX=/home/zidane/Desktop/project_cnn_regulation/install/mimo_process_description
[0.978s] Invoking command in '/home/zidane/Desktop/project_cnn_regulation/build/mimo_process_description': CMAKE_PREFIX_PATH=${CMAKE_PREFIX_PATH}:/opt/ros/jazzy DEBUGINFOD_URLS=https://debuginfod.ubuntu.com /usr/bin/cmake --build /home/zidane/Desktop/project_cnn_regulation/build/mimo_process_description -- -j16 -l16
[1.052s] Invoked command in '/home/zidane/Desktop/project_cnn_regulation/build/mimo_process_description' returned '0': CMAKE_PREFIX_PATH=${CMAKE_PREFIX_PATH}:/opt/ros/jazzy DEBUGINFOD_URLS=https://debuginfod.ubuntu.com /usr/bin/cmake --build /home/zidane/Desktop/project_cnn_regulation/build/mimo_process_description -- -j16 -l16
[1.065s] Invoking command in '/home/zidane/Desktop/project_cnn_regulation/build/mimo_process_description': CMAKE_PREFIX_PATH=${CMAKE_PREFIX_PATH}:/opt/ros/jazzy DEBUGINFOD_URLS=https://debuginfod.ubuntu.com /usr/bin/cmake --install /home/zidane/Desktop/project_cnn_regulation/build/mimo_process_description
[1.077s] -- Install configuration: ""
[1.077s] -- Execute custom install script
[1.078s] -- Up-to-date symlink: /home/zidane/Desktop/project_cnn_regulation/install/mimo_process_description/share/mimo_process_description/urdf/ur5e_sim.urdf.xacro
[1.078s] -- Up-to-date symlink: /home/zidane/Desktop/project_cnn_regulation/install/mimo_process_description/share/ament_index/resource_index/package_run_dependencies/mimo_process_description
[1.078s] -- Up-to-date symlink: /home/zidane/Desktop/project_cnn_regulation/install/mimo_process_description/share/ament_index/resource_index/parent_prefix_path/mimo_process_description
[1.079s] -- Up-to-date symlink: /home/zidane/Desktop/project_cnn_regulation/install/mimo_process_description/share/mimo_process_description/environment/ament_prefix_path.sh
[1.079s] -- Up-to-date symlink: /home/zidane/Desktop/project_cnn_regulation/install/mimo_process_description/share/mimo_process_description/environment/ament_prefix_path.dsv
[1.079s] -- Up-to-date symlink: /home/zidane/Desktop/project_cnn_regulation/install/mimo_process_description/share/mimo_process_description/environment/path.sh
[1.079s] -- Up-to-date symlink: /home/zidane/Desktop/project_cnn_regulation/install/mimo_process_description/share/mimo_process_description/environment/path.dsv
[1.079s] -- Up-to-date symlink: /home/zidane/Desktop/project_cnn_regulation/install/mimo_process_description/share/mimo_process_description/local_setup.bash
[1.080s] -- Up-to-date symlink: /home/zidane/Desktop/project_cnn_regulation/install/mimo_process_description/share/mimo_process_description/local_setup.sh
[1.080s] -- Up-to-date symlink: /home/zidane/Desktop/project_cnn_regulation/install/mimo_process_description/share/mimo_process_description/local_setup.zsh
[1.080s] -- Up-to-date symlink: /home/zidane/Desktop/project_cnn_regulation/install/mimo_process_description/share/mimo_process_description/local_setup.dsv
[1.080s] -- Symlinking: /home/zidane/Desktop/project_cnn_regulation/install/mimo_process_description/share/mimo_process_description/package.dsv
[1.092s] -- Up-to-date symlink: /home/zidane/Desktop/project_cnn_regulation/install/mimo_process_description/share/ament_index/resource_index/packages/mimo_process_description
[1.092s] -- Up-to-date symlink: /home/zidane/Desktop/project_cnn_regulation/install/mimo_process_description/share/mimo_process_description/cmake/mimo_process_descriptionConfig.cmake
[1.093s] -- Up-to-date symlink: /home/zidane/Desktop/project_cnn_regulation/install/mimo_process_description/share/mimo_process_description/cmake/mimo_process_descriptionConfig-version.cmake
[1.093s] -- Up-to-date symlink: /home/zidane/Desktop/project_cnn_regulation/install/mimo_process_description/share/mimo_process_description/package.xml
[1.095s] Invoked command in '/home/zidane/Desktop/project_cnn_regulation/build/mimo_process_description' returned '0': CMAKE_PREFIX_PATH=${CMAKE_PREFIX_PATH}:/opt/ros/jazzy DEBUGINFOD_URLS=https://debuginfod.ubuntu.com /usr/bin/cmake --install /home/zidane/Desktop/project_cnn_regulation/build/mimo_process_description
