[3.461s] Invoking command in '/home/zidane/Desktop/project_cnn_regulation/build/cnn_regulator': DEBUGINFOD_URLS=https://debuginfod.ubuntu.com PYTHONPATH=/home/zidane/Desktop/project_cnn_regulation/build/cnn_regulator/prefix_override:/usr/lib/python3/dist-packages/colcon_core/task/python/colcon_distutils_commands:/home/zidane/Desktop/project_cnn_regulation/install/cnn_regulator/lib/python3.12/site-packages:${PYTHONPATH} /usr/bin/python3 -W ignore:setup.py install is deprecated -W ignore:easy_install command is deprecated setup.py develop --editable --build-directory /home/zidane/Desktop/project_cnn_regulation/build/cnn_regulator/build --no-deps symlink_data
[4.463s] running develop
[4.949s] running egg_info
[4.996s] writing cnn_regulator.egg-info/PKG-INFO
[4.996s] writing dependency_links to cnn_regulator.egg-info/dependency_links.txt
[4.997s] writing entry points to cnn_regulator.egg-info/entry_points.txt
[4.997s] writing requirements to cnn_regulator.egg-info/requires.txt
[4.997s] writing top-level names to cnn_regulator.egg-info/top_level.txt
[5.107s] reading manifest file 'cnn_regulator.egg-info/SOURCES.txt'
[5.111s] writing manifest file 'cnn_regulator.egg-info/SOURCES.txt'
[5.166s] running build_ext
[5.166s] Creating /home/zidane/Desktop/project_cnn_regulation/install/cnn_regulator/lib/python3.12/site-packages/cnn-regulator.egg-link (link to .)
[5.171s] Installing data_collector script to /home/zidane/Desktop/project_cnn_regulation/install/cnn_regulator/lib/cnn_regulator
[5.172s] Installing ros_controller script to /home/zidane/Desktop/project_cnn_regulation/install/cnn_regulator/lib/cnn_regulator
[5.172s] Installing target_gui script to /home/zidane/Desktop/project_cnn_regulation/install/cnn_regulator/lib/cnn_regulator
[5.173s] Installing target_ui script to /home/zidane/Desktop/project_cnn_regulation/install/cnn_regulator/lib/cnn_regulator
[5.173s] 
[5.174s] Installed /home/zidane/Desktop/project_cnn_regulation/build/cnn_regulator
[5.174s] running symlink_data
[5.498s] Invoked command in '/home/zidane/Desktop/project_cnn_regulation/build/cnn_regulator' returned '0': DEBUGINFOD_URLS=https://debuginfod.ubuntu.com PYTHONPATH=/home/zidane/Desktop/project_cnn_regulation/build/cnn_regulator/prefix_override:/usr/lib/python3/dist-packages/colcon_core/task/python/colcon_distutils_commands:/home/zidane/Desktop/project_cnn_regulation/install/cnn_regulator/lib/python3.12/site-packages:${PYTHONPATH} /usr/bin/python3 -W ignore:setup.py install is deprecated -W ignore:easy_install command is deprecated setup.py develop --editable --build-directory /home/zidane/Desktop/project_cnn_regulation/build/cnn_regulator/build --no-deps symlink_data
