-- Install configuration: ""
-- Execute custom install script
-- Up-to-date symlink: /home/zidane/Desktop/project_cnn_regulation/install/mimo_process_gazebo/share/mimo_process_gazebo//launch/sim.launch.py
-- Up-to-date symlink: /home/zidane/Desktop/project_cnn_regulation/install/mimo_process_gazebo/share/mimo_process_gazebo//config/controllers.yaml
-- Up-to-date symlink: /home/zidane/Desktop/project_cnn_regulation/install/mimo_process_gazebo/share/mimo_process_gazebo//worlds/zero_gravity.sdf
-- Up-to-date symlink: /home/zidane/Desktop/project_cnn_regulation/install/mimo_process_gazebo/share/ament_index/resource_index/package_run_dependencies/mimo_process_gazebo
-- Up-to-date symlink: /home/zidane/Desktop/project_cnn_regulation/install/mimo_process_gazebo/share/ament_index/resource_index/parent_prefix_path/mimo_process_gazebo
-- Up-to-date symlink: /home/zidane/Desktop/project_cnn_regulation/install/mimo_process_gazebo/share/mimo_process_gazebo/environment/ament_prefix_path.sh
-- Up-to-date symlink: /home/zidane/Desktop/project_cnn_regulation/install/mimo_process_gazebo/share/mimo_process_gazebo/environment/ament_prefix_path.dsv
-- Up-to-date symlink: /home/zidane/Desktop/project_cnn_regulation/install/mimo_process_gazebo/share/mimo_process_gazebo/environment/path.sh
-- Up-to-date symlink: /home/zidane/Desktop/project_cnn_regulation/install/mimo_process_gazebo/share/mimo_process_gazebo/environment/path.dsv
-- Up-to-date symlink: /home/zidane/Desktop/project_cnn_regulation/install/mimo_process_gazebo/share/mimo_process_gazebo/local_setup.bash
-- Up-to-date symlink: /home/zidane/Desktop/project_cnn_regulation/install/mimo_process_gazebo/share/mimo_process_gazebo/local_setup.sh
-- Up-to-date symlink: /home/zidane/Desktop/project_cnn_regulation/install/mimo_process_gazebo/share/mimo_process_gazebo/local_setup.zsh
-- Up-to-date symlink: /home/zidane/Desktop/project_cnn_regulation/install/mimo_process_gazebo/share/mimo_process_gazebo/local_setup.dsv
-- Symlinking: /home/zidane/Desktop/project_cnn_regulation/install/mimo_process_gazebo/share/mimo_process_gazebo/package.dsv
-- Up-to-date symlink: /home/zidane/Desktop/project_cnn_regulation/install/mimo_process_gazebo/share/ament_index/resource_index/packages/mimo_process_gazebo
-- Up-to-date symlink: /home/zidane/Desktop/project_cnn_regulation/install/mimo_process_gazebo/share/mimo_process_gazebo/cmake/mimo_process_gazeboConfig.cmake
-- Up-to-date symlink: /home/zidane/Desktop/project_cnn_regulation/install/mimo_process_gazebo/share/mimo_process_gazebo/cmake/mimo_process_gazeboConfig-version.cmake
-- Up-to-date symlink: /home/zidane/Desktop/project_cnn_regulation/install/mimo_process_gazebo/share/mimo_process_gazebo/package.xml
