running egg_info
creating ../../build/cnn_regulator/cnn_regulator.egg-info
writing ../../build/cnn_regulator/cnn_regulator.egg-info/PKG-INFO
writing dependency_links to ../../build/cnn_regulator/cnn_regulator.egg-info/dependency_links.txt
writing entry points to ../../build/cnn_regulator/cnn_regulator.egg-info/entry_points.txt
writing requirements to ../../build/cnn_regulator/cnn_regulator.egg-info/requires.txt
writing top-level names to ../../build/cnn_regulator/cnn_regulator.egg-info/top_level.txt
writing manifest file '../../build/cnn_regulator/cnn_regulator.egg-info/SOURCES.txt'
reading manifest file '../../build/cnn_regulator/cnn_regulator.egg-info/SOURCES.txt'
writing manifest file '../../build/cnn_regulator/cnn_regulator.egg-info/SOURCES.txt'
running build
running build_py
creating /home/zidane/Desktop/project_cnn_regulation/build/cnn_regulator/build
creating /home/zidane/Desktop/project_cnn_regulation/build/cnn_regulator/build/lib
creating /home/zidane/Desktop/project_cnn_regulation/build/cnn_regulator/build/lib/cnn_regulator
copying cnn_regulator/train.py -> /home/zidane/Desktop/project_cnn_regulation/build/cnn_regulator/build/lib/cnn_regulator
copying cnn_regulator/__init__.py -> /home/zidane/Desktop/project_cnn_regulation/build/cnn_regulator/build/lib/cnn_regulator
copying cnn_regulator/visualizations.py -> /home/zidane/Desktop/project_cnn_regulation/build/cnn_regulator/build/lib/cnn_regulator
copying cnn_regulator/evaluate.py -> /home/zidane/Desktop/project_cnn_regulation/build/cnn_regulator/build/lib/cnn_regulator
copying cnn_regulator/target_ui.py -> /home/zidane/Desktop/project_cnn_regulation/build/cnn_regulator/build/lib/cnn_regulator
copying cnn_regulator/ros_controller.py -> /home/zidane/Desktop/project_cnn_regulation/build/cnn_regulator/build/lib/cnn_regulator
copying cnn_regulator/data_collector.py -> /home/zidane/Desktop/project_cnn_regulation/build/cnn_regulator/build/lib/cnn_regulator
copying cnn_regulator/cnn_model.py -> /home/zidane/Desktop/project_cnn_regulation/build/cnn_regulator/build/lib/cnn_regulator
running install
running install_lib
creating /home/zidane/Desktop/project_cnn_regulation/install/cnn_regulator/lib/python3.12/site-packages/cnn_regulator
copying /home/zidane/Desktop/project_cnn_regulation/build/cnn_regulator/build/lib/cnn_regulator/train.py -> /home/zidane/Desktop/project_cnn_regulation/install/cnn_regulator/lib/python3.12/site-packages/cnn_regulator
copying /home/zidane/Desktop/project_cnn_regulation/build/cnn_regulator/build/lib/cnn_regulator/__init__.py -> /home/zidane/Desktop/project_cnn_regulation/install/cnn_regulator/lib/python3.12/site-packages/cnn_regulator
copying /home/zidane/Desktop/project_cnn_regulation/build/cnn_regulator/build/lib/cnn_regulator/visualizations.py -> /home/zidane/Desktop/project_cnn_regulation/install/cnn_regulator/lib/python3.12/site-packages/cnn_regulator
copying /home/zidane/Desktop/project_cnn_regulation/build/cnn_regulator/build/lib/cnn_regulator/evaluate.py -> /home/zidane/Desktop/project_cnn_regulation/install/cnn_regulator/lib/python3.12/site-packages/cnn_regulator
copying /home/zidane/Desktop/project_cnn_regulation/build/cnn_regulator/build/lib/cnn_regulator/target_ui.py -> /home/zidane/Desktop/project_cnn_regulation/install/cnn_regulator/lib/python3.12/site-packages/cnn_regulator
copying /home/zidane/Desktop/project_cnn_regulation/build/cnn_regulator/build/lib/cnn_regulator/ros_controller.py -> /home/zidane/Desktop/project_cnn_regulation/install/cnn_regulator/lib/python3.12/site-packages/cnn_regulator
copying /home/zidane/Desktop/project_cnn_regulation/build/cnn_regulator/build/lib/cnn_regulator/data_collector.py -> /home/zidane/Desktop/project_cnn_regulation/install/cnn_regulator/lib/python3.12/site-packages/cnn_regulator
copying /home/zidane/Desktop/project_cnn_regulation/build/cnn_regulator/build/lib/cnn_regulator/cnn_model.py -> /home/zidane/Desktop/project_cnn_regulation/install/cnn_regulator/lib/python3.12/site-packages/cnn_regulator
byte-compiling /home/zidane/Desktop/project_cnn_regulation/install/cnn_regulator/lib/python3.12/site-packages/cnn_regulator/train.py to train.cpython-312.pyc
byte-compiling /home/zidane/Desktop/project_cnn_regulation/install/cnn_regulator/lib/python3.12/site-packages/cnn_regulator/__init__.py to __init__.cpython-312.pyc
byte-compiling /home/zidane/Desktop/project_cnn_regulation/install/cnn_regulator/lib/python3.12/site-packages/cnn_regulator/visualizations.py to visualizations.cpython-312.pyc
byte-compiling /home/zidane/Desktop/project_cnn_regulation/install/cnn_regulator/lib/python3.12/site-packages/cnn_regulator/evaluate.py to evaluate.cpython-312.pyc
byte-compiling /home/zidane/Desktop/project_cnn_regulation/install/cnn_regulator/lib/python3.12/site-packages/cnn_regulator/target_ui.py to target_ui.cpython-312.pyc
byte-compiling /home/zidane/Desktop/project_cnn_regulation/install/cnn_regulator/lib/python3.12/site-packages/cnn_regulator/ros_controller.py to ros_controller.cpython-312.pyc
byte-compiling /home/zidane/Desktop/project_cnn_regulation/install/cnn_regulator/lib/python3.12/site-packages/cnn_regulator/data_collector.py to data_collector.cpython-312.pyc
byte-compiling /home/zidane/Desktop/project_cnn_regulation/install/cnn_regulator/lib/python3.12/site-packages/cnn_regulator/cnn_model.py to cnn_model.cpython-312.pyc
running install_data
creating /home/zidane/Desktop/project_cnn_regulation/install/cnn_regulator/share/ament_index
creating /home/zidane/Desktop/project_cnn_regulation/install/cnn_regulator/share/ament_index/resource_index
creating /home/zidane/Desktop/project_cnn_regulation/install/cnn_regulator/share/ament_index/resource_index/packages
copying resource/cnn_regulator -> /home/zidane/Desktop/project_cnn_regulation/install/cnn_regulator/share/ament_index/resource_index/packages
copying package.xml -> /home/zidane/Desktop/project_cnn_regulation/install/cnn_regulator/share/cnn_regulator
running install_egg_info
Copying ../../build/cnn_regulator/cnn_regulator.egg-info to /home/zidane/Desktop/project_cnn_regulation/install/cnn_regulator/lib/python3.12/site-packages/cnn_regulator-0.0.0-py3.12.egg-info
running install_scripts
Installing data_collector script to /home/zidane/Desktop/project_cnn_regulation/install/cnn_regulator/lib/cnn_regulator
Installing ros_controller script to /home/zidane/Desktop/project_cnn_regulation/install/cnn_regulator/lib/cnn_regulator
Installing target_ui script to /home/zidane/Desktop/project_cnn_regulation/install/cnn_regulator/lib/cnn_regulator
writing list of installed files to '/home/zidane/Desktop/project_cnn_regulation/build/cnn_regulator/install.log'
