-- Found ament_cmake: 2.5.6 (/opt/ros/jazzy/share/ament_cmake/cmake)
-- Override CMake install command with custom implementation using symlinks instead of copying resources
-- Found ament_lint_auto: 0.17.5 (/opt/ros/jazzy/share/ament_lint_auto/cmake)
-- Added test 'lint_cmake' to check CMake code style
-- Added test 'xmllint' to check XML markup files
-- Configuring done (0.3s)
-- Generating done (0.0s)
-- Build files have been written to: /home/zidane/Desktop/project_cnn_regulation/build/mimo_process_description
-- Install configuration: ""
-- Execute custom install script
-- Symlinking: /home/zidane/Desktop/project_cnn_regulation/install/mimo_process_description/share/mimo_process_description/urdf/ur5e_sim.urdf.xacro
-- Symlinking: /home/zidane/Desktop/project_cnn_regulation/install/mimo_process_description/share/ament_index/resource_index/package_run_dependencies/mimo_process_description
-- Symlinking: /home/zidane/Desktop/project_cnn_regulation/install/mimo_process_description/share/ament_index/resource_index/parent_prefix_path/mimo_process_description
-- Symlinking: /home/zidane/Desktop/project_cnn_regulation/install/mimo_process_description/share/mimo_process_description/environment/ament_prefix_path.sh
-- Symlinking: /home/zidane/Desktop/project_cnn_regulation/install/mimo_process_description/share/mimo_process_description/environment/ament_prefix_path.dsv
-- Symlinking: /home/zidane/Desktop/project_cnn_regulation/install/mimo_process_description/share/mimo_process_description/environment/path.sh
-- Symlinking: /home/zidane/Desktop/project_cnn_regulation/install/mimo_process_description/share/mimo_process_description/environment/path.dsv
-- Symlinking: /home/zidane/Desktop/project_cnn_regulation/install/mimo_process_description/share/mimo_process_description/local_setup.bash
-- Symlinking: /home/zidane/Desktop/project_cnn_regulation/install/mimo_process_description/share/mimo_process_description/local_setup.sh
-- Symlinking: /home/zidane/Desktop/project_cnn_regulation/install/mimo_process_description/share/mimo_process_description/local_setup.zsh
-- Symlinking: /home/zidane/Desktop/project_cnn_regulation/install/mimo_process_description/share/mimo_process_description/local_setup.dsv
-- Symlinking: /home/zidane/Desktop/project_cnn_regulation/install/mimo_process_description/share/mimo_process_description/package.dsv
-- Symlinking: /home/zidane/Desktop/project_cnn_regulation/install/mimo_process_description/share/ament_index/resource_index/packages/mimo_process_description
-- Symlinking: /home/zidane/Desktop/project_cnn_regulation/install/mimo_process_description/share/mimo_process_description/cmake/mimo_process_descriptionConfig.cmake
-- Symlinking: /home/zidane/Desktop/project_cnn_regulation/install/mimo_process_description/share/mimo_process_description/cmake/mimo_process_descriptionConfig-version.cmake
-- Symlinking: /home/zidane/Desktop/project_cnn_regulation/install/mimo_process_description/share/mimo_process_description/package.xml
