[1.977s] Invoking command in '/home/zidane/Desktop/project_cnn_regulation/build/cnn_regulator': DEBUGINFOD_URLS=https://debuginfod.ubuntu.com PYTHONPATH=/home/zidane/Desktop/project_cnn_regulation/build/cnn_regulator/prefix_override:/usr/lib/python3/dist-packages/colcon_core/task/python/colcon_distutils_commands:/home/zidane/Desktop/project_cnn_regulation/install/cnn_regulator/lib/python3.12/site-packages:${PYTHONPATH} /usr/bin/python3 -W ignore:setup.py install is deprecated -W ignore:easy_install command is deprecated setup.py develop --editable --build-directory /home/zidane/Desktop/project_cnn_regulation/build/cnn_regulator/build --no-deps symlink_data --force
[2.608s] running develop
[2.928s] running egg_info
[2.962s] writing cnn_regulator.egg-info/PKG-INFO
[2.963s] writing dependency_links to cnn_regulator.egg-info/dependency_links.txt
[2.967s] writing entry points to cnn_regulator.egg-info/entry_points.txt
[2.967s] writing requirements to cnn_regulator.egg-info/requires.txt
[2.967s] writing top-level names to cnn_regulator.egg-info/top_level.txt
[3.042s] reading manifest file 'cnn_regulator.egg-info/SOURCES.txt'
[3.047s] writing manifest file 'cnn_regulator.egg-info/SOURCES.txt'
[3.101s] running build_ext
[3.101s] Creating /home/zidane/Desktop/project_cnn_regulation/install/cnn_regulator/lib/python3.12/site-packages/cnn-regulator.egg-link (link to .)
[3.104s] Installing data_collector script to /home/zidane/Desktop/project_cnn_regulation/install/cnn_regulator/lib/cnn_regulator
[3.104s] Installing ros_controller script to /home/zidane/Desktop/project_cnn_regulation/install/cnn_regulator/lib/cnn_regulator
[3.105s] Installing target_gui script to /home/zidane/Desktop/project_cnn_regulation/install/cnn_regulator/lib/cnn_regulator
[3.105s] Installing target_ui script to /home/zidane/Desktop/project_cnn_regulation/install/cnn_regulator/lib/cnn_regulator
[3.105s] 
[3.105s] Installed /home/zidane/Desktop/project_cnn_regulation/build/cnn_regulator
[3.106s] running symlink_data
[3.107s] symbolically linking /home/zidane/Desktop/project_cnn_regulation/build/cnn_regulator/resource/cnn_regulator -> /home/zidane/Desktop/project_cnn_regulation/install/cnn_regulator/share/ament_index/resource_index/packages
[3.107s] symbolically linking /home/zidane/Desktop/project_cnn_regulation/build/cnn_regulator/package.xml -> /home/zidane/Desktop/project_cnn_regulation/install/cnn_regulator/share/cnn_regulator
[3.205s] Invoked command in '/home/zidane/Desktop/project_cnn_regulation/build/cnn_regulator' returned '0': DEBUGINFOD_URLS=https://debuginfod.ubuntu.com PYTHONPATH=/home/zidane/Desktop/project_cnn_regulation/build/cnn_regulator/prefix_override:/usr/lib/python3/dist-packages/colcon_core/task/python/colcon_distutils_commands:/home/zidane/Desktop/project_cnn_regulation/install/cnn_regulator/lib/python3.12/site-packages:${PYTHONPATH} /usr/bin/python3 -W ignore:setup.py install is deprecated -W ignore:easy_install command is deprecated setup.py develop --editable --build-directory /home/zidane/Desktop/project_cnn_regulation/build/cnn_regulator/build --no-deps symlink_data --force
