[0.309s] DEBUG:colcon:Command line arguments: ['/usr/bin/colcon', 'build', '--symlink-install']
[0.309s] DEBUG:colcon:Parsed command line arguments: Namespace(log_base=None, log_level=None, verb_name='build', build_base='build', install_base='install', merge_install=False, symlink_install=True, test_result_base=None, continue_on_error=False, executor='parallel', parallel_workers=16, event_handlers=None, ignore_user_meta=False, metas=['./colcon.meta'], base_paths=['.'], packages_ignore=None, packages_ignore_regex=None, paths=None, packages_up_to=None, packages_up_to_regex=None, packages_above=None, packages_above_and_dependencies=None, packages_above_depth=None, packages_select_by_dep=None, packages_skip_by_dep=None, packages_skip_up_to=None, packages_select_build_failed=False, packages_skip_build_finished=False, packages_select_test_failures=False, packages_skip_test_passed=False, packages_select=None, packages_skip=None, packages_select_regex=None, packages_skip_regex=None, packages_start=None, packages_end=None, allow_overriding=[], cmake_args=None, cmake_target=None, cmake_target_skip_unavailable=False, cmake_clean_cache=False, cmake_clean_first=False, cmake_force_configure=False, ament_cmake_args=None, catkin_cmake_args=None, catkin_skip_building_tests=False, verb_parser=<colcon_defaults.argument_parser.defaults.DefaultArgumentsDecorator object at 0x7d056a2a80b0>, verb_extension=<colcon_core.verb.build.BuildVerb object at 0x7d056a283d70>, main=<bound method BuildVerb.main of <colcon_core.verb.build.BuildVerb object at 0x7d056a283d70>>)
[0.417s] Level 1:colcon.colcon_core.package_discovery:discover_packages(colcon_meta) check parameters
[0.418s] Level 1:colcon.colcon_core.package_discovery:discover_packages(recursive) check parameters
[0.418s] Level 1:colcon.colcon_core.package_discovery:discover_packages(ignore) check parameters
[0.418s] Level 1:colcon.colcon_core.package_discovery:discover_packages(path) check parameters
[0.418s] Level 1:colcon.colcon_core.package_discovery:discover_packages(colcon_meta) discover
[0.418s] Level 1:colcon.colcon_core.package_discovery:discover_packages(recursive) discover
[0.419s] INFO:colcon.colcon_core.package_discovery:Crawling recursively for packages in '/home/zidane/Desktop/project_cnn_regulation'
[0.419s] Level 1:colcon.colcon_core.package_identification:_identify(.) by extensions ['ignore', 'ignore_ament_install']
[0.419s] Level 1:colcon.colcon_core.package_identification:_identify(.) by extension 'ignore'
[0.419s] Level 1:colcon.colcon_core.package_identification:_identify(.) by extension 'ignore_ament_install'
[0.419s] Level 1:colcon.colcon_core.package_identification:_identify(.) by extensions ['colcon_pkg']
[0.419s] Level 1:colcon.colcon_core.package_identification:_identify(.) by extension 'colcon_pkg'
[0.419s] Level 1:colcon.colcon_core.package_identification:_identify(.) by extensions ['colcon_meta']
[0.420s] Level 1:colcon.colcon_core.package_identification:_identify(.) by extension 'colcon_meta'
[0.420s] Level 1:colcon.colcon_core.package_identification:_identify(.) by extensions ['ros']
[0.420s] Level 1:colcon.colcon_core.package_identification:_identify(.) by extension 'ros'
[0.494s] Level 1:colcon.colcon_core.package_identification:_identify(.) by extensions ['cmake', 'python']
[0.495s] Level 1:colcon.colcon_core.package_identification:_identify(.) by extension 'cmake'
[0.495s] Level 1:colcon.colcon_core.package_identification:_identify(.) by extension 'python'
[0.495s] Level 1:colcon.colcon_core.package_identification:_identify(.) by extensions ['python_setup_py']
[0.495s] Level 1:colcon.colcon_core.package_identification:_identify(.) by extension 'python_setup_py'
[0.495s] Level 1:colcon.colcon_core.package_identification:_identify(build) by extensions ['ignore', 'ignore_ament_install']
[0.496s] Level 1:colcon.colcon_core.package_identification:_identify(build) by extension 'ignore'
[0.496s] Level 1:colcon.colcon_core.package_identification:_identify(build) ignored
[0.497s] Level 1:colcon.colcon_core.package_identification:_identify(install) by extensions ['ignore', 'ignore_ament_install']
[0.497s] Level 1:colcon.colcon_core.package_identification:_identify(install) by extension 'ignore'
[0.497s] Level 1:colcon.colcon_core.package_identification:_identify(install) ignored
[0.497s] Level 1:colcon.colcon_core.package_identification:_identify(log) by extensions ['ignore', 'ignore_ament_install']
[0.497s] Level 1:colcon.colcon_core.package_identification:_identify(log) by extension 'ignore'
[0.497s] Level 1:colcon.colcon_core.package_identification:_identify(log) ignored
[0.498s] Level 1:colcon.colcon_core.package_identification:_identify(src) by extensions ['ignore', 'ignore_ament_install']
[0.498s] Level 1:colcon.colcon_core.package_identification:_identify(src) by extension 'ignore'
[0.498s] Level 1:colcon.colcon_core.package_identification:_identify(src) by extension 'ignore_ament_install'
[0.498s] Level 1:colcon.colcon_core.package_identification:_identify(src) by extensions ['colcon_pkg']
[0.498s] Level 1:colcon.colcon_core.package_identification:_identify(src) by extension 'colcon_pkg'
[0.498s] Level 1:colcon.colcon_core.package_identification:_identify(src) by extensions ['colcon_meta']
[0.498s] Level 1:colcon.colcon_core.package_identification:_identify(src) by extension 'colcon_meta'
[0.498s] Level 1:colcon.colcon_core.package_identification:_identify(src) by extensions ['ros']
[0.498s] Level 1:colcon.colcon_core.package_identification:_identify(src) by extension 'ros'
[0.498s] Level 1:colcon.colcon_core.package_identification:_identify(src) by extensions ['cmake', 'python']
[0.498s] Level 1:colcon.colcon_core.package_identification:_identify(src) by extension 'cmake'
[0.499s] Level 1:colcon.colcon_core.package_identification:_identify(src) by extension 'python'
[0.499s] Level 1:colcon.colcon_core.package_identification:_identify(src) by extensions ['python_setup_py']
[0.499s] Level 1:colcon.colcon_core.package_identification:_identify(src) by extension 'python_setup_py'
[0.499s] Level 1:colcon.colcon_core.package_identification:_identify(src/Universal_Robots_ROS2_Description) by extensions ['ignore', 'ignore_ament_install']
[0.499s] Level 1:colcon.colcon_core.package_identification:_identify(src/Universal_Robots_ROS2_Description) by extension 'ignore'
[0.499s] Level 1:colcon.colcon_core.package_identification:_identify(src/Universal_Robots_ROS2_Description) by extension 'ignore_ament_install'
[0.499s] Level 1:colcon.colcon_core.package_identification:_identify(src/Universal_Robots_ROS2_Description) by extensions ['colcon_pkg']
[0.499s] Level 1:colcon.colcon_core.package_identification:_identify(src/Universal_Robots_ROS2_Description) by extension 'colcon_pkg'
[0.499s] Level 1:colcon.colcon_core.package_identification:_identify(src/Universal_Robots_ROS2_Description) by extensions ['colcon_meta']
[0.499s] Level 1:colcon.colcon_core.package_identification:_identify(src/Universal_Robots_ROS2_Description) by extension 'colcon_meta'
[0.500s] Level 1:colcon.colcon_core.package_identification:_identify(src/Universal_Robots_ROS2_Description) by extensions ['ros']
[0.500s] Level 1:colcon.colcon_core.package_identification:_identify(src/Universal_Robots_ROS2_Description) by extension 'ros'
[0.511s] DEBUG:colcon.colcon_core.package_identification:Package 'src/Universal_Robots_ROS2_Description' with type 'ros.ament_cmake' and name 'ur_description'
[0.512s] Level 1:colcon.colcon_core.package_identification:_identify(src/cnn_regulator) by extensions ['ignore', 'ignore_ament_install']
[0.512s] Level 1:colcon.colcon_core.package_identification:_identify(src/cnn_regulator) by extension 'ignore'
[0.512s] Level 1:colcon.colcon_core.package_identification:_identify(src/cnn_regulator) by extension 'ignore_ament_install'
[0.512s] Level 1:colcon.colcon_core.package_identification:_identify(src/cnn_regulator) by extensions ['colcon_pkg']
[0.512s] Level 1:colcon.colcon_core.package_identification:_identify(src/cnn_regulator) by extension 'colcon_pkg'
[0.513s] Level 1:colcon.colcon_core.package_identification:_identify(src/cnn_regulator) by extensions ['colcon_meta']
[0.513s] Level 1:colcon.colcon_core.package_identification:_identify(src/cnn_regulator) by extension 'colcon_meta'
[0.513s] Level 1:colcon.colcon_core.package_identification:_identify(src/cnn_regulator) by extensions ['ros']
[0.513s] Level 1:colcon.colcon_core.package_identification:_identify(src/cnn_regulator) by extension 'ros'
[0.515s] DEBUG:colcon.colcon_core.package_identification:Package 'src/cnn_regulator' with type 'ros.ament_python' and name 'cnn_regulator'
[0.516s] Level 1:colcon.colcon_core.package_identification:_identify(src/mimo_process_description) by extensions ['ignore', 'ignore_ament_install']
[0.516s] Level 1:colcon.colcon_core.package_identification:_identify(src/mimo_process_description) by extension 'ignore'
[0.516s] Level 1:colcon.colcon_core.package_identification:_identify(src/mimo_process_description) by extension 'ignore_ament_install'
[0.517s] Level 1:colcon.colcon_core.package_identification:_identify(src/mimo_process_description) by extensions ['colcon_pkg']
[0.517s] Level 1:colcon.colcon_core.package_identification:_identify(src/mimo_process_description) by extension 'colcon_pkg'
[0.517s] Level 1:colcon.colcon_core.package_identification:_identify(src/mimo_process_description) by extensions ['colcon_meta']
[0.517s] Level 1:colcon.colcon_core.package_identification:_identify(src/mimo_process_description) by extension 'colcon_meta'
[0.517s] Level 1:colcon.colcon_core.package_identification:_identify(src/mimo_process_description) by extensions ['ros']
[0.517s] Level 1:colcon.colcon_core.package_identification:_identify(src/mimo_process_description) by extension 'ros'
[0.518s] DEBUG:colcon.colcon_core.package_identification:Package 'src/mimo_process_description' with type 'ros.ament_cmake' and name 'mimo_process_description'
[0.519s] Level 1:colcon.colcon_core.package_identification:_identify(src/mimo_process_gazebo) by extensions ['ignore', 'ignore_ament_install']
[0.519s] Level 1:colcon.colcon_core.package_identification:_identify(src/mimo_process_gazebo) by extension 'ignore'
[0.519s] Level 1:colcon.colcon_core.package_identification:_identify(src/mimo_process_gazebo) by extension 'ignore_ament_install'
[0.519s] Level 1:colcon.colcon_core.package_identification:_identify(src/mimo_process_gazebo) by extensions ['colcon_pkg']
[0.519s] Level 1:colcon.colcon_core.package_identification:_identify(src/mimo_process_gazebo) by extension 'colcon_pkg'
[0.519s] Level 1:colcon.colcon_core.package_identification:_identify(src/mimo_process_gazebo) by extensions ['colcon_meta']
[0.519s] Level 1:colcon.colcon_core.package_identification:_identify(src/mimo_process_gazebo) by extension 'colcon_meta'
[0.519s] Level 1:colcon.colcon_core.package_identification:_identify(src/mimo_process_gazebo) by extensions ['ros']
[0.519s] Level 1:colcon.colcon_core.package_identification:_identify(src/mimo_process_gazebo) by extension 'ros'
[0.520s] DEBUG:colcon.colcon_core.package_identification:Package 'src/mimo_process_gazebo' with type 'ros.ament_cmake' and name 'mimo_process_gazebo'
[0.520s] Level 1:colcon.colcon_core.package_discovery:discover_packages(recursive) using defaults
[0.521s] Level 1:colcon.colcon_core.package_discovery:discover_packages(ignore) discover
[0.521s] Level 1:colcon.colcon_core.package_discovery:discover_packages(ignore) using defaults
[0.521s] Level 1:colcon.colcon_core.package_discovery:discover_packages(path) discover
[0.521s] Level 1:colcon.colcon_core.package_discovery:discover_packages(path) using defaults
[0.574s] Level 1:colcon.colcon_core.package_discovery:discover_packages(prefix_path) check parameters
[0.574s] Level 1:colcon.colcon_core.package_discovery:discover_packages(prefix_path) discover
[0.584s] DEBUG:colcon.colcon_installed_package_information.package_discovery:Found 416 installed packages in /opt/ros/jazzy
[0.587s] Level 1:colcon.colcon_core.package_discovery:discover_packages(prefix_path) using defaults
[0.717s] Level 5:colcon.colcon_core.verb:set package 'cnn_regulator' build argument 'cmake_args' from command line to 'None'
[0.717s] Level 5:colcon.colcon_core.verb:set package 'cnn_regulator' build argument 'cmake_target' from command line to 'None'
[0.717s] Level 5:colcon.colcon_core.verb:set package 'cnn_regulator' build argument 'cmake_target_skip_unavailable' from command line to 'False'
[0.717s] Level 5:colcon.colcon_core.verb:set package 'cnn_regulator' build argument 'cmake_clean_cache' from command line to 'False'
[0.717s] Level 5:colcon.colcon_core.verb:set package 'cnn_regulator' build argument 'cmake_clean_first' from command line to 'False'
[0.717s] Level 5:colcon.colcon_core.verb:set package 'cnn_regulator' build argument 'cmake_force_configure' from command line to 'False'
[0.717s] Level 5:colcon.colcon_core.verb:set package 'cnn_regulator' build argument 'ament_cmake_args' from command line to 'None'
[0.717s] Level 5:colcon.colcon_core.verb:set package 'cnn_regulator' build argument 'catkin_cmake_args' from command line to 'None'
[0.717s] Level 5:colcon.colcon_core.verb:set package 'cnn_regulator' build argument 'catkin_skip_building_tests' from command line to 'False'
[0.717s] DEBUG:colcon.colcon_core.verb:Building package 'cnn_regulator' with the following arguments: {'ament_cmake_args': None, 'build_base': '/home/zidane/Desktop/project_cnn_regulation/build/cnn_regulator', 'catkin_cmake_args': None, 'catkin_skip_building_tests': False, 'cmake_args': None, 'cmake_clean_cache': False, 'cmake_clean_first': False, 'cmake_force_configure': False, 'cmake_target': None, 'cmake_target_skip_unavailable': False, 'install_base': '/home/zidane/Desktop/project_cnn_regulation/install/cnn_regulator', 'merge_install': False, 'path': '/home/zidane/Desktop/project_cnn_regulation/src/cnn_regulator', 'symlink_install': True, 'test_result_base': None}
[0.718s] Level 5:colcon.colcon_core.verb:set package 'mimo_process_description' build argument 'cmake_args' from command line to 'None'
[0.718s] Level 5:colcon.colcon_core.verb:set package 'mimo_process_description' build argument 'cmake_target' from command line to 'None'
[0.718s] Level 5:colcon.colcon_core.verb:set package 'mimo_process_description' build argument 'cmake_target_skip_unavailable' from command line to 'False'
[0.718s] Level 5:colcon.colcon_core.verb:set package 'mimo_process_description' build argument 'cmake_clean_cache' from command line to 'False'
[0.718s] Level 5:colcon.colcon_core.verb:set package 'mimo_process_description' build argument 'cmake_clean_first' from command line to 'False'
[0.718s] Level 5:colcon.colcon_core.verb:set package 'mimo_process_description' build argument 'cmake_force_configure' from command line to 'False'
[0.718s] Level 5:colcon.colcon_core.verb:set package 'mimo_process_description' build argument 'ament_cmake_args' from command line to 'None'
[0.718s] Level 5:colcon.colcon_core.verb:set package 'mimo_process_description' build argument 'catkin_cmake_args' from command line to 'None'
[0.718s] Level 5:colcon.colcon_core.verb:set package 'mimo_process_description' build argument 'catkin_skip_building_tests' from command line to 'False'
[0.719s] DEBUG:colcon.colcon_core.verb:Building package 'mimo_process_description' with the following arguments: {'ament_cmake_args': None, 'build_base': '/home/zidane/Desktop/project_cnn_regulation/build/mimo_process_description', 'catkin_cmake_args': None, 'catkin_skip_building_tests': False, 'cmake_args': None, 'cmake_clean_cache': False, 'cmake_clean_first': False, 'cmake_force_configure': False, 'cmake_target': None, 'cmake_target_skip_unavailable': False, 'install_base': '/home/zidane/Desktop/project_cnn_regulation/install/mimo_process_description', 'merge_install': False, 'path': '/home/zidane/Desktop/project_cnn_regulation/src/mimo_process_description', 'symlink_install': True, 'test_result_base': None}
[0.719s] Level 5:colcon.colcon_core.verb:set package 'mimo_process_gazebo' build argument 'cmake_args' from command line to 'None'
[0.719s] Level 5:colcon.colcon_core.verb:set package 'mimo_process_gazebo' build argument 'cmake_target' from command line to 'None'
[0.719s] Level 5:colcon.colcon_core.verb:set package 'mimo_process_gazebo' build argument 'cmake_target_skip_unavailable' from command line to 'False'
[0.719s] Level 5:colcon.colcon_core.verb:set package 'mimo_process_gazebo' build argument 'cmake_clean_cache' from command line to 'False'
[0.719s] Level 5:colcon.colcon_core.verb:set package 'mimo_process_gazebo' build argument 'cmake_clean_first' from command line to 'False'
[0.719s] Level 5:colcon.colcon_core.verb:set package 'mimo_process_gazebo' build argument 'cmake_force_configure' from command line to 'False'
[0.720s] Level 5:colcon.colcon_core.verb:set package 'mimo_process_gazebo' build argument 'ament_cmake_args' from command line to 'None'
[0.720s] Level 5:colcon.colcon_core.verb:set package 'mimo_process_gazebo' build argument 'catkin_cmake_args' from command line to 'None'
[0.720s] Level 5:colcon.colcon_core.verb:set package 'mimo_process_gazebo' build argument 'catkin_skip_building_tests' from command line to 'False'
[0.720s] DEBUG:colcon.colcon_core.verb:Building package 'mimo_process_gazebo' with the following arguments: {'ament_cmake_args': None, 'build_base': '/home/zidane/Desktop/project_cnn_regulation/build/mimo_process_gazebo', 'catkin_cmake_args': None, 'catkin_skip_building_tests': False, 'cmake_args': None, 'cmake_clean_cache': False, 'cmake_clean_first': False, 'cmake_force_configure': False, 'cmake_target': None, 'cmake_target_skip_unavailable': False, 'install_base': '/home/zidane/Desktop/project_cnn_regulation/install/mimo_process_gazebo', 'merge_install': False, 'path': '/home/zidane/Desktop/project_cnn_regulation/src/mimo_process_gazebo', 'symlink_install': True, 'test_result_base': None}
[0.720s] Level 5:colcon.colcon_core.verb:set package 'ur_description' build argument 'cmake_args' from command line to 'None'
[0.720s] Level 5:colcon.colcon_core.verb:set package 'ur_description' build argument 'cmake_target' from command line to 'None'
[0.720s] Level 5:colcon.colcon_core.verb:set package 'ur_description' build argument 'cmake_target_skip_unavailable' from command line to 'False'
[0.720s] Level 5:colcon.colcon_core.verb:set package 'ur_description' build argument 'cmake_clean_cache' from command line to 'False'
[0.721s] Level 5:colcon.colcon_core.verb:set package 'ur_description' build argument 'cmake_clean_first' from command line to 'False'
[0.721s] Level 5:colcon.colcon_core.verb:set package 'ur_description' build argument 'cmake_force_configure' from command line to 'False'
[0.721s] Level 5:colcon.colcon_core.verb:set package 'ur_description' build argument 'ament_cmake_args' from command line to 'None'
[0.721s] Level 5:colcon.colcon_core.verb:set package 'ur_description' build argument 'catkin_cmake_args' from command line to 'None'
[0.721s] Level 5:colcon.colcon_core.verb:set package 'ur_description' build argument 'catkin_skip_building_tests' from command line to 'False'
[0.721s] DEBUG:colcon.colcon_core.verb:Building package 'ur_description' with the following arguments: {'ament_cmake_args': None, 'build_base': '/home/zidane/Desktop/project_cnn_regulation/build/ur_description', 'catkin_cmake_args': None, 'catkin_skip_building_tests': False, 'cmake_args': None, 'cmake_clean_cache': False, 'cmake_clean_first': False, 'cmake_force_configure': False, 'cmake_target': None, 'cmake_target_skip_unavailable': False, 'install_base': '/home/zidane/Desktop/project_cnn_regulation/install/ur_description', 'merge_install': False, 'path': '/home/zidane/Desktop/project_cnn_regulation/src/Universal_Robots_ROS2_Description', 'symlink_install': True, 'test_result_base': None}
[0.721s] INFO:colcon.colcon_core.executor:Executing jobs using 'parallel' executor
[0.725s] DEBUG:colcon.colcon_parallel_executor.executor.parallel:run_until_complete
[0.726s] INFO:colcon.colcon_ros.task.ament_python.build:Building ROS package in '/home/zidane/Desktop/project_cnn_regulation/src/cnn_regulator' with build type 'ament_python'
[0.727s] Level 1:colcon.colcon_core.shell:create_environment_hook('cnn_regulator', 'ament_prefix_path')
[0.733s] INFO:colcon.colcon_core.plugin_system:Skipping extension 'colcon_core.shell.bat': Not used on non-Windows systems
[0.734s] INFO:colcon.colcon_core.shell:Creating environment hook '/home/zidane/Desktop/project_cnn_regulation/install/cnn_regulator/share/cnn_regulator/hook/ament_prefix_path.ps1'
[0.736s] INFO:colcon.colcon_core.shell:Creating environment descriptor '/home/zidane/Desktop/project_cnn_regulation/install/cnn_regulator/share/cnn_regulator/hook/ament_prefix_path.dsv'
[0.736s] INFO:colcon.colcon_core.shell:Creating environment hook '/home/zidane/Desktop/project_cnn_regulation/install/cnn_regulator/share/cnn_regulator/hook/ament_prefix_path.sh'
[0.738s] INFO:colcon.colcon_core.shell:Skip shell extension 'powershell' for command environment: Not usable outside of PowerShell
[0.738s] DEBUG:colcon.colcon_core.shell:Skip shell extension 'dsv' for command environment
[0.747s] INFO:colcon.colcon_ros.task.ament_cmake.build:Building ROS package in '/home/zidane/Desktop/project_cnn_regulation/src/mimo_process_description' with build type 'ament_cmake'
[0.748s] INFO:colcon.colcon_cmake.task.cmake.build:Building CMake package in '/home/zidane/Desktop/project_cnn_regulation/src/mimo_process_description'
[0.749s] INFO:colcon.colcon_core.shell:Skip shell extension 'powershell' for command environment: Not usable outside of PowerShell
[0.749s] DEBUG:colcon.colcon_core.shell:Skip shell extension 'dsv' for command environment
[0.758s] INFO:colcon.colcon_ros.task.ament_cmake.build:Building ROS package in '/home/zidane/Desktop/project_cnn_regulation/src/mimo_process_gazebo' with build type 'ament_cmake'
[0.759s] INFO:colcon.colcon_cmake.task.cmake.build:Building CMake package in '/home/zidane/Desktop/project_cnn_regulation/src/mimo_process_gazebo'
[0.761s] INFO:colcon.colcon_core.shell:Skip shell extension 'powershell' for command environment: Not usable outside of PowerShell
[0.761s] DEBUG:colcon.colcon_core.shell:Skip shell extension 'dsv' for command environment
[0.769s] INFO:colcon.colcon_ros.task.ament_cmake.build:Building ROS package in '/home/zidane/Desktop/project_cnn_regulation/src/Universal_Robots_ROS2_Description' with build type 'ament_cmake'
[0.770s] INFO:colcon.colcon_cmake.task.cmake.build:Building CMake package in '/home/zidane/Desktop/project_cnn_regulation/src/Universal_Robots_ROS2_Description'
[0.770s] INFO:colcon.colcon_core.shell:Skip shell extension 'powershell' for command environment: Not usable outside of PowerShell
[0.770s] DEBUG:colcon.colcon_core.shell:Skip shell extension 'dsv' for command environment
[1.448s] INFO:colcon.colcon_core.task.python.build:Building Python package in '/home/zidane/Desktop/project_cnn_regulation/src/cnn_regulator'
[1.449s] INFO:colcon.colcon_core.shell:Skip shell extension 'powershell' for command environment: Not usable outside of PowerShell
[1.450s] DEBUG:colcon.colcon_core.shell:Skip shell extension 'dsv' for command environment
[1.467s] DEBUG:colcon.colcon_core.event_handler.log_command:Invoking command in '/home/zidane/Desktop/project_cnn_regulation/build/mimo_process_description': CMAKE_PREFIX_PATH=${CMAKE_PREFIX_PATH}:/opt/ros/jazzy DEBUGINFOD_URLS=https://debuginfod.ubuntu.com /usr/bin/cmake --build /home/zidane/Desktop/project_cnn_regulation/build/mimo_process_description -- -j16 -l16
[1.477s] DEBUG:colcon.colcon_core.event_handler.log_command:Invoking command in '/home/zidane/Desktop/project_cnn_regulation/build/mimo_process_gazebo': CMAKE_PREFIX_PATH=${CMAKE_PREFIX_PATH}:/opt/ros/jazzy DEBUGINFOD_URLS=https://debuginfod.ubuntu.com /usr/bin/cmake --build /home/zidane/Desktop/project_cnn_regulation/build/mimo_process_gazebo -- -j16 -l16
[1.495s] DEBUG:colcon.colcon_core.event_handler.log_command:Invoking command in '/home/zidane/Desktop/project_cnn_regulation/build/ur_description': CMAKE_PREFIX_PATH=${CMAKE_PREFIX_PATH}:/opt/ros/jazzy DEBUGINFOD_URLS=https://debuginfod.ubuntu.com /usr/bin/cmake --build /home/zidane/Desktop/project_cnn_regulation/build/ur_description -- -j16 -l16
[1.588s] DEBUG:colcon.colcon_core.event_handler.log_command:Invoked command in '/home/zidane/Desktop/project_cnn_regulation/build/mimo_process_description' returned '0': CMAKE_PREFIX_PATH=${CMAKE_PREFIX_PATH}:/opt/ros/jazzy DEBUGINFOD_URLS=https://debuginfod.ubuntu.com /usr/bin/cmake --build /home/zidane/Desktop/project_cnn_regulation/build/mimo_process_description -- -j16 -l16
[1.620s] DEBUG:colcon.colcon_core.event_handler.log_command:Invoking command in '/home/zidane/Desktop/project_cnn_regulation/build/mimo_process_description': CMAKE_PREFIX_PATH=${CMAKE_PREFIX_PATH}:/opt/ros/jazzy DEBUGINFOD_URLS=https://debuginfod.ubuntu.com /usr/bin/cmake --install /home/zidane/Desktop/project_cnn_regulation/build/mimo_process_description
[1.625s] DEBUG:colcon.colcon_core.event_handler.log_command:Invoked command in '/home/zidane/Desktop/project_cnn_regulation/build/ur_description' returned '0': CMAKE_PREFIX_PATH=${CMAKE_PREFIX_PATH}:/opt/ros/jazzy DEBUGINFOD_URLS=https://debuginfod.ubuntu.com /usr/bin/cmake --build /home/zidane/Desktop/project_cnn_regulation/build/ur_description -- -j16 -l16
[1.633s] DEBUG:colcon.colcon_core.event_handler.log_command:Invoking command in '/home/zidane/Desktop/project_cnn_regulation/build/ur_description': CMAKE_PREFIX_PATH=${CMAKE_PREFIX_PATH}:/opt/ros/jazzy DEBUGINFOD_URLS=https://debuginfod.ubuntu.com /usr/bin/cmake --install /home/zidane/Desktop/project_cnn_regulation/build/ur_description
[1.635s] DEBUG:colcon.colcon_core.event_handler.log_command:Invoked command in '/home/zidane/Desktop/project_cnn_regulation/build/mimo_process_gazebo' returned '0': CMAKE_PREFIX_PATH=${CMAKE_PREFIX_PATH}:/opt/ros/jazzy DEBUGINFOD_URLS=https://debuginfod.ubuntu.com /usr/bin/cmake --build /home/zidane/Desktop/project_cnn_regulation/build/mimo_process_gazebo -- -j16 -l16
[1.636s] DEBUG:colcon.colcon_core.event_handler.log_command:Invoking command in '/home/zidane/Desktop/project_cnn_regulation/build/mimo_process_gazebo': CMAKE_PREFIX_PATH=${CMAKE_PREFIX_PATH}:/opt/ros/jazzy DEBUGINFOD_URLS=https://debuginfod.ubuntu.com /usr/bin/cmake --install /home/zidane/Desktop/project_cnn_regulation/build/mimo_process_gazebo
[1.694s] Level 1:colcon.colcon_core.environment:create_environment_scripts_only(mimo_process_description)
[1.708s] DEBUG:colcon.colcon_core.event_handler.log_command:Invoked command in '/home/zidane/Desktop/project_cnn_regulation/build/mimo_process_description' returned '0': CMAKE_PREFIX_PATH=${CMAKE_PREFIX_PATH}:/opt/ros/jazzy DEBUGINFOD_URLS=https://debuginfod.ubuntu.com /usr/bin/cmake --install /home/zidane/Desktop/project_cnn_regulation/build/mimo_process_description
[1.730s] Level 1:colcon.colcon_core.environment:checking '/home/zidane/Desktop/project_cnn_regulation/install/mimo_process_description' for CMake module files
[1.736s] Level 1:colcon.colcon_core.environment:checking '/home/zidane/Desktop/project_cnn_regulation/install/mimo_process_description' for CMake config files
[1.738s] Level 1:colcon.colcon_core.shell:create_environment_hook('mimo_process_description', 'cmake_prefix_path')
[1.739s] INFO:colcon.colcon_core.shell:Creating environment hook '/home/zidane/Desktop/project_cnn_regulation/install/mimo_process_description/share/mimo_process_description/hook/cmake_prefix_path.ps1'
[1.742s] INFO:colcon.colcon_core.shell:Creating environment descriptor '/home/zidane/Desktop/project_cnn_regulation/install/mimo_process_description/share/mimo_process_description/hook/cmake_prefix_path.dsv'
[1.745s] INFO:colcon.colcon_core.shell:Creating environment hook '/home/zidane/Desktop/project_cnn_regulation/install/mimo_process_description/share/mimo_process_description/hook/cmake_prefix_path.sh'
[1.750s] Level 1:colcon.colcon_core.environment:checking '/home/zidane/Desktop/project_cnn_regulation/install/mimo_process_description/bin'
[1.751s] Level 1:colcon.colcon_core.environment:checking '/home/zidane/Desktop/project_cnn_regulation/install/mimo_process_description/lib/pkgconfig/mimo_process_description.pc'
[1.751s] Level 1:colcon.colcon_core.environment:checking '/home/zidane/Desktop/project_cnn_regulation/install/mimo_process_description/lib/python3.12/site-packages'
[1.753s] Level 1:colcon.colcon_core.environment:checking '/home/zidane/Desktop/project_cnn_regulation/install/mimo_process_description/bin'
[1.754s] INFO:colcon.colcon_core.shell:Creating package script '/home/zidane/Desktop/project_cnn_regulation/install/mimo_process_description/share/mimo_process_description/package.ps1'
[1.759s] INFO:colcon.colcon_core.shell:Creating package descriptor '/home/zidane/Desktop/project_cnn_regulation/install/mimo_process_description/share/mimo_process_description/package.dsv'
[1.763s] INFO:colcon.colcon_core.shell:Creating package script '/home/zidane/Desktop/project_cnn_regulation/install/mimo_process_description/share/mimo_process_description/package.sh'
[1.765s] INFO:colcon.colcon_core.shell:Creating package script '/home/zidane/Desktop/project_cnn_regulation/install/mimo_process_description/share/mimo_process_description/package.bash'
[1.771s] INFO:colcon.colcon_core.shell:Creating package script '/home/zidane/Desktop/project_cnn_regulation/install/mimo_process_description/share/mimo_process_description/package.zsh'
[1.775s] Level 1:colcon.colcon_core.environment:create_file_with_runtime_dependencies(/home/zidane/Desktop/project_cnn_regulation/install/mimo_process_description/share/colcon-core/packages/mimo_process_description)
[1.779s] Level 1:colcon.colcon_core.environment:create_environment_scripts_only(mimo_process_description)
[1.780s] Level 1:colcon.colcon_core.environment:checking '/home/zidane/Desktop/project_cnn_regulation/install/mimo_process_description' for CMake module files
[1.786s] Level 1:colcon.colcon_core.environment:checking '/home/zidane/Desktop/project_cnn_regulation/install/mimo_process_description' for CMake config files
[1.788s] Level 1:colcon.colcon_core.shell:create_environment_hook('mimo_process_description', 'cmake_prefix_path')
[1.789s] INFO:colcon.colcon_core.shell:Creating environment hook '/home/zidane/Desktop/project_cnn_regulation/install/mimo_process_description/share/mimo_process_description/hook/cmake_prefix_path.ps1'
[1.791s] INFO:colcon.colcon_core.shell:Creating environment descriptor '/home/zidane/Desktop/project_cnn_regulation/install/mimo_process_description/share/mimo_process_description/hook/cmake_prefix_path.dsv'
[1.792s] INFO:colcon.colcon_core.shell:Creating environment hook '/home/zidane/Desktop/project_cnn_regulation/install/mimo_process_description/share/mimo_process_description/hook/cmake_prefix_path.sh'
[1.795s] Level 1:colcon.colcon_core.environment:checking '/home/zidane/Desktop/project_cnn_regulation/install/mimo_process_description/bin'
[1.795s] Level 1:colcon.colcon_core.environment:checking '/home/zidane/Desktop/project_cnn_regulation/install/mimo_process_description/lib/pkgconfig/mimo_process_description.pc'
[1.795s] Level 1:colcon.colcon_core.environment:checking '/home/zidane/Desktop/project_cnn_regulation/install/mimo_process_description/lib/python3.12/site-packages'
[1.796s] Level 1:colcon.colcon_core.environment:checking '/home/zidane/Desktop/project_cnn_regulation/install/mimo_process_description/bin'
[1.796s] INFO:colcon.colcon_core.shell:Creating package script '/home/zidane/Desktop/project_cnn_regulation/install/mimo_process_description/share/mimo_process_description/package.ps1'
[1.798s] INFO:colcon.colcon_core.shell:Creating package descriptor '/home/zidane/Desktop/project_cnn_regulation/install/mimo_process_description/share/mimo_process_description/package.dsv'
[1.799s] INFO:colcon.colcon_core.shell:Creating package script '/home/zidane/Desktop/project_cnn_regulation/install/mimo_process_description/share/mimo_process_description/package.sh'
[1.801s] INFO:colcon.colcon_core.shell:Creating package script '/home/zidane/Desktop/project_cnn_regulation/install/mimo_process_description/share/mimo_process_description/package.bash'
[1.802s] INFO:colcon.colcon_core.shell:Creating package script '/home/zidane/Desktop/project_cnn_regulation/install/mimo_process_description/share/mimo_process_description/package.zsh'
[1.804s] Level 1:colcon.colcon_core.environment:create_file_with_runtime_dependencies(/home/zidane/Desktop/project_cnn_regulation/install/mimo_process_description/share/colcon-core/packages/mimo_process_description)
[1.809s] Level 1:colcon.colcon_core.environment:create_environment_scripts_only(mimo_process_gazebo)
[1.810s] Level 1:colcon.colcon_core.environment:checking '/home/zidane/Desktop/project_cnn_regulation/install/mimo_process_gazebo' for CMake module files
[1.812s] DEBUG:colcon.colcon_core.event_handler.log_command:Invoked command in '/home/zidane/Desktop/project_cnn_regulation/build/mimo_process_gazebo' returned '0': CMAKE_PREFIX_PATH=${CMAKE_PREFIX_PATH}:/opt/ros/jazzy DEBUGINFOD_URLS=https://debuginfod.ubuntu.com /usr/bin/cmake --install /home/zidane/Desktop/project_cnn_regulation/build/mimo_process_gazebo
[1.813s] Level 1:colcon.colcon_core.environment:checking '/home/zidane/Desktop/project_cnn_regulation/install/mimo_process_gazebo' for CMake config files
[1.814s] Level 1:colcon.colcon_core.shell:create_environment_hook('mimo_process_gazebo', 'cmake_prefix_path')
[1.814s] INFO:colcon.colcon_core.shell:Creating environment hook '/home/zidane/Desktop/project_cnn_regulation/install/mimo_process_gazebo/share/mimo_process_gazebo/hook/cmake_prefix_path.ps1'
[1.816s] INFO:colcon.colcon_core.shell:Creating environment descriptor '/home/zidane/Desktop/project_cnn_regulation/install/mimo_process_gazebo/share/mimo_process_gazebo/hook/cmake_prefix_path.dsv'
[1.817s] INFO:colcon.colcon_core.shell:Creating environment hook '/home/zidane/Desktop/project_cnn_regulation/install/mimo_process_gazebo/share/mimo_process_gazebo/hook/cmake_prefix_path.sh'
[1.819s] Level 1:colcon.colcon_core.environment:checking '/home/zidane/Desktop/project_cnn_regulation/install/mimo_process_gazebo/bin'
[1.820s] Level 1:colcon.colcon_core.environment:checking '/home/zidane/Desktop/project_cnn_regulation/install/mimo_process_gazebo/lib/pkgconfig/mimo_process_gazebo.pc'
[1.821s] Level 1:colcon.colcon_core.environment:checking '/home/zidane/Desktop/project_cnn_regulation/install/mimo_process_gazebo/lib/python3.12/site-packages'
[1.821s] Level 1:colcon.colcon_core.environment:checking '/home/zidane/Desktop/project_cnn_regulation/install/mimo_process_gazebo/bin'
[1.822s] INFO:colcon.colcon_core.shell:Creating package script '/home/zidane/Desktop/project_cnn_regulation/install/mimo_process_gazebo/share/mimo_process_gazebo/package.ps1'
[1.825s] INFO:colcon.colcon_core.shell:Creating package descriptor '/home/zidane/Desktop/project_cnn_regulation/install/mimo_process_gazebo/share/mimo_process_gazebo/package.dsv'
[1.826s] INFO:colcon.colcon_core.shell:Creating package script '/home/zidane/Desktop/project_cnn_regulation/install/mimo_process_gazebo/share/mimo_process_gazebo/package.sh'
[1.827s] INFO:colcon.colcon_core.shell:Creating package script '/home/zidane/Desktop/project_cnn_regulation/install/mimo_process_gazebo/share/mimo_process_gazebo/package.bash'
[1.829s] INFO:colcon.colcon_core.shell:Creating package script '/home/zidane/Desktop/project_cnn_regulation/install/mimo_process_gazebo/share/mimo_process_gazebo/package.zsh'
[1.829s] Level 1:colcon.colcon_core.environment:create_file_with_runtime_dependencies(/home/zidane/Desktop/project_cnn_regulation/install/mimo_process_gazebo/share/colcon-core/packages/mimo_process_gazebo)
[1.830s] Level 1:colcon.colcon_core.environment:create_environment_scripts_only(mimo_process_gazebo)
[1.831s] Level 1:colcon.colcon_core.environment:checking '/home/zidane/Desktop/project_cnn_regulation/install/mimo_process_gazebo' for CMake module files
[1.832s] Level 1:colcon.colcon_core.environment:checking '/home/zidane/Desktop/project_cnn_regulation/install/mimo_process_gazebo' for CMake config files
[1.832s] Level 1:colcon.colcon_core.shell:create_environment_hook('mimo_process_gazebo', 'cmake_prefix_path')
[1.833s] INFO:colcon.colcon_core.shell:Creating environment hook '/home/zidane/Desktop/project_cnn_regulation/install/mimo_process_gazebo/share/mimo_process_gazebo/hook/cmake_prefix_path.ps1'
[1.835s] INFO:colcon.colcon_core.shell:Creating environment descriptor '/home/zidane/Desktop/project_cnn_regulation/install/mimo_process_gazebo/share/mimo_process_gazebo/hook/cmake_prefix_path.dsv'
[1.836s] INFO:colcon.colcon_core.shell:Creating environment hook '/home/zidane/Desktop/project_cnn_regulation/install/mimo_process_gazebo/share/mimo_process_gazebo/hook/cmake_prefix_path.sh'
[1.838s] Level 1:colcon.colcon_core.environment:checking '/home/zidane/Desktop/project_cnn_regulation/install/mimo_process_gazebo/bin'
[1.838s] Level 1:colcon.colcon_core.environment:checking '/home/zidane/Desktop/project_cnn_regulation/install/mimo_process_gazebo/lib/pkgconfig/mimo_process_gazebo.pc'
[1.838s] Level 1:colcon.colcon_core.environment:checking '/home/zidane/Desktop/project_cnn_regulation/install/mimo_process_gazebo/lib/python3.12/site-packages'
[1.839s] Level 1:colcon.colcon_core.environment:checking '/home/zidane/Desktop/project_cnn_regulation/install/mimo_process_gazebo/bin'
[1.840s] INFO:colcon.colcon_core.shell:Creating package script '/home/zidane/Desktop/project_cnn_regulation/install/mimo_process_gazebo/share/mimo_process_gazebo/package.ps1'
[1.842s] INFO:colcon.colcon_core.shell:Creating package descriptor '/home/zidane/Desktop/project_cnn_regulation/install/mimo_process_gazebo/share/mimo_process_gazebo/package.dsv'
[1.844s] INFO:colcon.colcon_core.shell:Creating package script '/home/zidane/Desktop/project_cnn_regulation/install/mimo_process_gazebo/share/mimo_process_gazebo/package.sh'
[1.845s] INFO:colcon.colcon_core.shell:Creating package script '/home/zidane/Desktop/project_cnn_regulation/install/mimo_process_gazebo/share/mimo_process_gazebo/package.bash'
[1.845s] INFO:colcon.colcon_core.shell:Creating package script '/home/zidane/Desktop/project_cnn_regulation/install/mimo_process_gazebo/share/mimo_process_gazebo/package.zsh'
[1.846s] Level 1:colcon.colcon_core.environment:create_file_with_runtime_dependencies(/home/zidane/Desktop/project_cnn_regulation/install/mimo_process_gazebo/share/colcon-core/packages/mimo_process_gazebo)
[1.847s] Level 1:colcon.colcon_core.environment:create_environment_scripts_only(ur_description)
[1.848s] Level 1:colcon.colcon_core.environment:checking '/home/zidane/Desktop/project_cnn_regulation/install/ur_description' for CMake module files
[1.849s] DEBUG:colcon.colcon_core.event_handler.log_command:Invoked command in '/home/zidane/Desktop/project_cnn_regulation/build/ur_description' returned '0': CMAKE_PREFIX_PATH=${CMAKE_PREFIX_PATH}:/opt/ros/jazzy DEBUGINFOD_URLS=https://debuginfod.ubuntu.com /usr/bin/cmake --install /home/zidane/Desktop/project_cnn_regulation/build/ur_description
[1.850s] Level 1:colcon.colcon_core.environment:checking '/home/zidane/Desktop/project_cnn_regulation/install/ur_description' for CMake config files
[1.855s] Level 1:colcon.colcon_core.shell:create_environment_hook('ur_description', 'cmake_prefix_path')
[1.857s] INFO:colcon.colcon_core.shell:Creating environment hook '/home/zidane/Desktop/project_cnn_regulation/install/ur_description/share/ur_description/hook/cmake_prefix_path.ps1'
[1.859s] INFO:colcon.colcon_core.shell:Creating environment descriptor '/home/zidane/Desktop/project_cnn_regulation/install/ur_description/share/ur_description/hook/cmake_prefix_path.dsv'
[1.860s] INFO:colcon.colcon_core.shell:Creating environment hook '/home/zidane/Desktop/project_cnn_regulation/install/ur_description/share/ur_description/hook/cmake_prefix_path.sh'
[1.862s] Level 1:colcon.colcon_core.environment:checking '/home/zidane/Desktop/project_cnn_regulation/install/ur_description/bin'
[1.862s] Level 1:colcon.colcon_core.environment:checking '/home/zidane/Desktop/project_cnn_regulation/install/ur_description/lib/pkgconfig/ur_description.pc'
[1.863s] Level 1:colcon.colcon_core.environment:checking '/home/zidane/Desktop/project_cnn_regulation/install/ur_description/lib/python3.12/site-packages'
[1.863s] Level 1:colcon.colcon_core.environment:checking '/home/zidane/Desktop/project_cnn_regulation/install/ur_description/bin'
[1.864s] INFO:colcon.colcon_core.shell:Creating package script '/home/zidane/Desktop/project_cnn_regulation/install/ur_description/share/ur_description/package.ps1'
[1.865s] INFO:colcon.colcon_core.shell:Creating package descriptor '/home/zidane/Desktop/project_cnn_regulation/install/ur_description/share/ur_description/package.dsv'
[1.866s] INFO:colcon.colcon_core.shell:Creating package script '/home/zidane/Desktop/project_cnn_regulation/install/ur_description/share/ur_description/package.sh'
[1.867s] INFO:colcon.colcon_core.shell:Creating package script '/home/zidane/Desktop/project_cnn_regulation/install/ur_description/share/ur_description/package.bash'
[1.867s] INFO:colcon.colcon_core.shell:Creating package script '/home/zidane/Desktop/project_cnn_regulation/install/ur_description/share/ur_description/package.zsh'
[1.868s] Level 1:colcon.colcon_core.environment:create_file_with_runtime_dependencies(/home/zidane/Desktop/project_cnn_regulation/install/ur_description/share/colcon-core/packages/ur_description)
[1.870s] Level 1:colcon.colcon_core.environment:create_environment_scripts_only(ur_description)
[1.871s] Level 1:colcon.colcon_core.environment:checking '/home/zidane/Desktop/project_cnn_regulation/install/ur_description' for CMake module files
[1.873s] Level 1:colcon.colcon_core.environment:checking '/home/zidane/Desktop/project_cnn_regulation/install/ur_description' for CMake config files
[1.879s] Level 1:colcon.colcon_core.shell:create_environment_hook('ur_description', 'cmake_prefix_path')
[1.880s] INFO:colcon.colcon_core.shell:Creating environment hook '/home/zidane/Desktop/project_cnn_regulation/install/ur_description/share/ur_description/hook/cmake_prefix_path.ps1'
[1.881s] INFO:colcon.colcon_core.shell:Creating environment descriptor '/home/zidane/Desktop/project_cnn_regulation/install/ur_description/share/ur_description/hook/cmake_prefix_path.dsv'
[1.882s] INFO:colcon.colcon_core.shell:Creating environment hook '/home/zidane/Desktop/project_cnn_regulation/install/ur_description/share/ur_description/hook/cmake_prefix_path.sh'
[1.883s] Level 1:colcon.colcon_core.environment:checking '/home/zidane/Desktop/project_cnn_regulation/install/ur_description/bin'
[1.883s] Level 1:colcon.colcon_core.environment:checking '/home/zidane/Desktop/project_cnn_regulation/install/ur_description/lib/pkgconfig/ur_description.pc'
[1.884s] Level 1:colcon.colcon_core.environment:checking '/home/zidane/Desktop/project_cnn_regulation/install/ur_description/lib/python3.12/site-packages'
[1.885s] Level 1:colcon.colcon_core.environment:checking '/home/zidane/Desktop/project_cnn_regulation/install/ur_description/bin'
[1.886s] INFO:colcon.colcon_core.shell:Creating package script '/home/zidane/Desktop/project_cnn_regulation/install/ur_description/share/ur_description/package.ps1'
[1.888s] INFO:colcon.colcon_core.shell:Creating package descriptor '/home/zidane/Desktop/project_cnn_regulation/install/ur_description/share/ur_description/package.dsv'
[1.890s] INFO:colcon.colcon_core.shell:Creating package script '/home/zidane/Desktop/project_cnn_regulation/install/ur_description/share/ur_description/package.sh'
[1.891s] INFO:colcon.colcon_core.shell:Creating package script '/home/zidane/Desktop/project_cnn_regulation/install/ur_description/share/ur_description/package.bash'
[1.892s] INFO:colcon.colcon_core.shell:Creating package script '/home/zidane/Desktop/project_cnn_regulation/install/ur_description/share/ur_description/package.zsh'
[1.893s] Level 1:colcon.colcon_core.environment:create_file_with_runtime_dependencies(/home/zidane/Desktop/project_cnn_regulation/install/ur_description/share/colcon-core/packages/ur_description)
[3.302s] DEBUG:colcon.colcon_core.event_handler.log_command:Invoking command in '/home/zidane/Desktop/project_cnn_regulation/build/cnn_regulator': DEBUGINFOD_URLS=https://debuginfod.ubuntu.com PYTHONPATH=/home/zidane/Desktop/project_cnn_regulation/build/cnn_regulator/prefix_override:/usr/lib/python3/dist-packages/colcon_core/task/python/colcon_distutils_commands:/home/zidane/Desktop/project_cnn_regulation/install/cnn_regulator/lib/python3.12/site-packages:${PYTHONPATH} /usr/bin/python3 -W ignore:setup.py install is deprecated -W ignore:easy_install command is deprecated setup.py develop --editable --build-directory /home/zidane/Desktop/project_cnn_regulation/build/cnn_regulator/build --no-deps symlink_data
[5.126s] Level 1:colcon.colcon_core.shell:create_environment_hook('cnn_regulator', 'pythonpath_develop')
[5.128s] INFO:colcon.colcon_core.shell:Creating environment hook '/home/zidane/Desktop/project_cnn_regulation/build/cnn_regulator/share/cnn_regulator/hook/pythonpath_develop.ps1'
[5.129s] DEBUG:colcon.colcon_core.event_handler.log_command:Invoked command in '/home/zidane/Desktop/project_cnn_regulation/build/cnn_regulator' returned '0': DEBUGINFOD_URLS=https://debuginfod.ubuntu.com PYTHONPATH=/home/zidane/Desktop/project_cnn_regulation/build/cnn_regulator/prefix_override:/usr/lib/python3/dist-packages/colcon_core/task/python/colcon_distutils_commands:/home/zidane/Desktop/project_cnn_regulation/install/cnn_regulator/lib/python3.12/site-packages:${PYTHONPATH} /usr/bin/python3 -W ignore:setup.py install is deprecated -W ignore:easy_install command is deprecated setup.py develop --editable --build-directory /home/zidane/Desktop/project_cnn_regulation/build/cnn_regulator/build --no-deps symlink_data
[5.131s] INFO:colcon.colcon_core.shell:Creating environment descriptor '/home/zidane/Desktop/project_cnn_regulation/build/cnn_regulator/share/cnn_regulator/hook/pythonpath_develop.dsv'
[5.132s] INFO:colcon.colcon_core.shell:Creating environment hook '/home/zidane/Desktop/project_cnn_regulation/build/cnn_regulator/share/cnn_regulator/hook/pythonpath_develop.sh'
[5.134s] Level 1:colcon.colcon_core.environment:checking '/home/zidane/Desktop/project_cnn_regulation/install/cnn_regulator' for CMake module files
[5.135s] Level 1:colcon.colcon_core.environment:checking '/home/zidane/Desktop/project_cnn_regulation/install/cnn_regulator' for CMake config files
[5.136s] Level 1:colcon.colcon_core.environment:checking '/home/zidane/Desktop/project_cnn_regulation/install/cnn_regulator/lib'
[5.136s] Level 1:colcon.colcon_core.environment:checking '/home/zidane/Desktop/project_cnn_regulation/install/cnn_regulator/bin'
[5.137s] Level 1:colcon.colcon_core.environment:checking '/home/zidane/Desktop/project_cnn_regulation/install/cnn_regulator/lib/pkgconfig/cnn_regulator.pc'
[5.137s] Level 1:colcon.colcon_core.environment:checking '/home/zidane/Desktop/project_cnn_regulation/install/cnn_regulator/lib/python3.12/site-packages'
[5.137s] Level 1:colcon.colcon_core.shell:create_environment_hook('cnn_regulator', 'pythonpath')
[5.138s] INFO:colcon.colcon_core.shell:Creating environment hook '/home/zidane/Desktop/project_cnn_regulation/install/cnn_regulator/share/cnn_regulator/hook/pythonpath.ps1'
[5.139s] INFO:colcon.colcon_core.shell:Creating environment descriptor '/home/zidane/Desktop/project_cnn_regulation/install/cnn_regulator/share/cnn_regulator/hook/pythonpath.dsv'
[5.140s] INFO:colcon.colcon_core.shell:Creating environment hook '/home/zidane/Desktop/project_cnn_regulation/install/cnn_regulator/share/cnn_regulator/hook/pythonpath.sh'
[5.141s] Level 1:colcon.colcon_core.environment:checking '/home/zidane/Desktop/project_cnn_regulation/install/cnn_regulator/bin'
[5.142s] Level 1:colcon.colcon_core.environment:create_environment_scripts_only(cnn_regulator)
[5.143s] INFO:colcon.colcon_core.shell:Creating package script '/home/zidane/Desktop/project_cnn_regulation/install/cnn_regulator/share/cnn_regulator/package.ps1'
[5.145s] INFO:colcon.colcon_core.shell:Creating package descriptor '/home/zidane/Desktop/project_cnn_regulation/install/cnn_regulator/share/cnn_regulator/package.dsv'
[5.147s] INFO:colcon.colcon_core.shell:Creating package script '/home/zidane/Desktop/project_cnn_regulation/install/cnn_regulator/share/cnn_regulator/package.sh'
[5.149s] INFO:colcon.colcon_core.shell:Creating package script '/home/zidane/Desktop/project_cnn_regulation/install/cnn_regulator/share/cnn_regulator/package.bash'
[5.149s] INFO:colcon.colcon_core.shell:Creating package script '/home/zidane/Desktop/project_cnn_regulation/install/cnn_regulator/share/cnn_regulator/package.zsh'
[5.150s] Level 1:colcon.colcon_core.environment:create_file_with_runtime_dependencies(/home/zidane/Desktop/project_cnn_regulation/install/cnn_regulator/share/colcon-core/packages/cnn_regulator)
[5.151s] DEBUG:colcon.colcon_parallel_executor.executor.parallel:closing loop
[5.152s] DEBUG:colcon.colcon_parallel_executor.executor.parallel:loop closed
[5.152s] DEBUG:colcon.colcon_parallel_executor.executor.parallel:run_until_complete finished with '0'
[5.153s] DEBUG:colcon.colcon_core.event_reactor:joining thread
[5.171s] INFO:colcon.colcon_core.plugin_system:Skipping extension 'colcon_notification.desktop_notification.terminal_notifier': Not used on non-Darwin systems
[5.171s] INFO:colcon.colcon_core.plugin_system:Skipping extension 'colcon_notification.desktop_notification.win32': Not used on non-Windows systems
[5.172s] INFO:colcon.colcon_notification.desktop_notification:Sending desktop notification using 'notify2'
[5.218s] DEBUG:colcon.colcon_core.event_reactor:joined thread
[5.219s] INFO:colcon.colcon_core.shell:Creating prefix script '/home/zidane/Desktop/project_cnn_regulation/install/local_setup.ps1'
[5.222s] INFO:colcon.colcon_core.shell:Creating prefix util module '/home/zidane/Desktop/project_cnn_regulation/install/_local_setup_util_ps1.py'
[5.225s] INFO:colcon.colcon_core.shell:Creating prefix chain script '/home/zidane/Desktop/project_cnn_regulation/install/setup.ps1'
[5.227s] INFO:colcon.colcon_core.shell:Creating prefix script '/home/zidane/Desktop/project_cnn_regulation/install/local_setup.sh'
[5.228s] INFO:colcon.colcon_core.shell:Creating prefix util module '/home/zidane/Desktop/project_cnn_regulation/install/_local_setup_util_sh.py'
[5.230s] INFO:colcon.colcon_core.shell:Creating prefix chain script '/home/zidane/Desktop/project_cnn_regulation/install/setup.sh'
[5.234s] INFO:colcon.colcon_core.shell:Creating prefix script '/home/zidane/Desktop/project_cnn_regulation/install/local_setup.bash'
[5.236s] INFO:colcon.colcon_core.shell:Creating prefix chain script '/home/zidane/Desktop/project_cnn_regulation/install/setup.bash'
[5.240s] INFO:colcon.colcon_core.shell:Creating prefix script '/home/zidane/Desktop/project_cnn_regulation/install/local_setup.zsh'
[5.241s] INFO:colcon.colcon_core.shell:Creating prefix chain script '/home/zidane/Desktop/project_cnn_regulation/install/setup.zsh'
