[1.482s] Invoking command in '/home/zidane/Desktop/project_cnn_regulation/build/cnn_regulator': DEBUGINFOD_URLS=https://debuginfod.ubuntu.com PYTHONPATH=/home/zidane/Desktop/project_cnn_regulation/build/cnn_regulator/prefix_override:/usr/lib/python3/dist-packages/colcon_core/task/python/colcon_distutils_commands:/home/zidane/Desktop/project_cnn_regulation/install/cnn_regulator/lib/python3.12/site-packages:${PYTHONPATH} /usr/bin/python3 -W ignore:setup.py install is deprecated -W ignore:easy_install command is deprecated setup.py develop --uninstall --editable --build-directory /home/zidane/Desktop/project_cnn_regulation/build/cnn_regulator/build
[1.844s] running develop
[2.090s] Removing /home/zidane/Desktop/project_cnn_regulation/install/cnn_regulator/lib/python3.12/site-packages/cnn-regulator.egg-link (link to .)
[2.133s] Invoked command in '/home/zidane/Desktop/project_cnn_regulation/build/cnn_regulator' returned '0': DEBUGINFOD_URLS=https://debuginfod.ubuntu.com PYTHONPATH=/home/zidane/Desktop/project_cnn_regulation/build/cnn_regulator/prefix_override:/usr/lib/python3/dist-packages/colcon_core/task/python/colcon_distutils_commands:/home/zidane/Desktop/project_cnn_regulation/install/cnn_regulator/lib/python3.12/site-packages:${PYTHONPATH} /usr/bin/python3 -W ignore:setup.py install is deprecated -W ignore:easy_install command is deprecated setup.py develop --uninstall --editable --build-directory /home/zidane/Desktop/project_cnn_regulation/build/cnn_regulator/build
[2.135s] Invoking command in '/home/zidane/Desktop/project_cnn_regulation/src/cnn_regulator': DEBUGINFOD_URLS=https://debuginfod.ubuntu.com PYTHONPATH=/home/zidane/Desktop/project_cnn_regulation/build/cnn_regulator/prefix_override:/usr/lib/python3/dist-packages/colcon_core/task/python/colcon_distutils_commands:/home/zidane/Desktop/project_cnn_regulation/install/cnn_regulator/lib/python3.12/site-packages:${PYTHONPATH} /usr/bin/python3 -W ignore:setup.py install is deprecated -W ignore:easy_install command is deprecated setup.py egg_info --egg-base ../../build/cnn_regulator build --build-base /home/zidane/Desktop/project_cnn_regulation/build/cnn_regulator/build install --record /home/zidane/Desktop/project_cnn_regulation/build/cnn_regulator/install.log --single-version-externally-managed install_data --force
[2.488s] running egg_info
[2.509s] writing ../../build/cnn_regulator/cnn_regulator.egg-info/PKG-INFO
[2.509s] writing dependency_links to ../../build/cnn_regulator/cnn_regulator.egg-info/dependency_links.txt
[2.509s] writing entry points to ../../build/cnn_regulator/cnn_regulator.egg-info/entry_points.txt
[2.510s] writing requirements to ../../build/cnn_regulator/cnn_regulator.egg-info/requires.txt
[2.510s] writing top-level names to ../../build/cnn_regulator/cnn_regulator.egg-info/top_level.txt
[2.552s] reading manifest file '../../build/cnn_regulator/cnn_regulator.egg-info/SOURCES.txt'
[2.554s] writing manifest file '../../build/cnn_regulator/cnn_regulator.egg-info/SOURCES.txt'
[2.554s] running build
[2.554s] running build_py
[2.554s] copying cnn_regulator/ros_controller.py -> /home/zidane/Desktop/project_cnn_regulation/build/cnn_regulator/build/lib/cnn_regulator
[2.555s] running install
[2.562s] running install_lib
[2.583s] creating /home/zidane/Desktop/project_cnn_regulation/install/cnn_regulator/lib/python3.12/site-packages/cnn_regulator
[2.583s] copying /home/zidane/Desktop/project_cnn_regulation/build/cnn_regulator/build/lib/cnn_regulator/gui_target_ui.py -> /home/zidane/Desktop/project_cnn_regulation/install/cnn_regulator/lib/python3.12/site-packages/cnn_regulator
[2.583s] copying /home/zidane/Desktop/project_cnn_regulation/build/cnn_regulator/build/lib/cnn_regulator/train.py -> /home/zidane/Desktop/project_cnn_regulation/install/cnn_regulator/lib/python3.12/site-packages/cnn_regulator
[2.584s] copying /home/zidane/Desktop/project_cnn_regulation/build/cnn_regulator/build/lib/cnn_regulator/__init__.py -> /home/zidane/Desktop/project_cnn_regulation/install/cnn_regulator/lib/python3.12/site-packages/cnn_regulator
[2.584s] copying /home/zidane/Desktop/project_cnn_regulation/build/cnn_regulator/build/lib/cnn_regulator/visualizations.py -> /home/zidane/Desktop/project_cnn_regulation/install/cnn_regulator/lib/python3.12/site-packages/cnn_regulator
[2.584s] copying /home/zidane/Desktop/project_cnn_regulation/build/cnn_regulator/build/lib/cnn_regulator/evaluate.py -> /home/zidane/Desktop/project_cnn_regulation/install/cnn_regulator/lib/python3.12/site-packages/cnn_regulator
[2.584s] copying /home/zidane/Desktop/project_cnn_regulation/build/cnn_regulator/build/lib/cnn_regulator/target_ui.py -> /home/zidane/Desktop/project_cnn_regulation/install/cnn_regulator/lib/python3.12/site-packages/cnn_regulator
[2.584s] copying /home/zidane/Desktop/project_cnn_regulation/build/cnn_regulator/build/lib/cnn_regulator/ros_controller.py -> /home/zidane/Desktop/project_cnn_regulation/install/cnn_regulator/lib/python3.12/site-packages/cnn_regulator
[2.584s] copying /home/zidane/Desktop/project_cnn_regulation/build/cnn_regulator/build/lib/cnn_regulator/data_collector.py -> /home/zidane/Desktop/project_cnn_regulation/install/cnn_regulator/lib/python3.12/site-packages/cnn_regulator
[2.584s] copying /home/zidane/Desktop/project_cnn_regulation/build/cnn_regulator/build/lib/cnn_regulator/cnn_model.py -> /home/zidane/Desktop/project_cnn_regulation/install/cnn_regulator/lib/python3.12/site-packages/cnn_regulator
[2.585s] byte-compiling /home/zidane/Desktop/project_cnn_regulation/install/cnn_regulator/lib/python3.12/site-packages/cnn_regulator/gui_target_ui.py to gui_target_ui.cpython-312.pyc
[2.592s] byte-compiling /home/zidane/Desktop/project_cnn_regulation/install/cnn_regulator/lib/python3.12/site-packages/cnn_regulator/train.py to train.cpython-312.pyc
[2.593s] byte-compiling /home/zidane/Desktop/project_cnn_regulation/install/cnn_regulator/lib/python3.12/site-packages/cnn_regulator/__init__.py to __init__.cpython-312.pyc
[2.593s] byte-compiling /home/zidane/Desktop/project_cnn_regulation/install/cnn_regulator/lib/python3.12/site-packages/cnn_regulator/visualizations.py to visualizations.cpython-312.pyc
[2.596s] byte-compiling /home/zidane/Desktop/project_cnn_regulation/install/cnn_regulator/lib/python3.12/site-packages/cnn_regulator/evaluate.py to evaluate.cpython-312.pyc
[2.598s] byte-compiling /home/zidane/Desktop/project_cnn_regulation/install/cnn_regulator/lib/python3.12/site-packages/cnn_regulator/target_ui.py to target_ui.cpython-312.pyc
[2.601s] byte-compiling /home/zidane/Desktop/project_cnn_regulation/install/cnn_regulator/lib/python3.12/site-packages/cnn_regulator/ros_controller.py to ros_controller.cpython-312.pyc
[2.603s] byte-compiling /home/zidane/Desktop/project_cnn_regulation/install/cnn_regulator/lib/python3.12/site-packages/cnn_regulator/data_collector.py to data_collector.cpython-312.pyc
[2.604s] byte-compiling /home/zidane/Desktop/project_cnn_regulation/install/cnn_regulator/lib/python3.12/site-packages/cnn_regulator/cnn_model.py to cnn_model.cpython-312.pyc
[2.605s] running install_data
[2.605s] copying resource/cnn_regulator -> /home/zidane/Desktop/project_cnn_regulation/install/cnn_regulator/share/ament_index/resource_index/packages
[2.605s] copying package.xml -> /home/zidane/Desktop/project_cnn_regulation/install/cnn_regulator/share/cnn_regulator
[2.605s] running install_egg_info
[2.629s] Copying ../../build/cnn_regulator/cnn_regulator.egg-info to /home/zidane/Desktop/project_cnn_regulation/install/cnn_regulator/lib/python3.12/site-packages/cnn_regulator-0.0.0-py3.12.egg-info
[2.630s] running install_scripts
[2.774s] Installing data_collector script to /home/zidane/Desktop/project_cnn_regulation/install/cnn_regulator/lib/cnn_regulator
[2.774s] Installing ros_controller script to /home/zidane/Desktop/project_cnn_regulation/install/cnn_regulator/lib/cnn_regulator
[2.774s] Installing target_gui script to /home/zidane/Desktop/project_cnn_regulation/install/cnn_regulator/lib/cnn_regulator
[2.774s] Installing target_ui script to /home/zidane/Desktop/project_cnn_regulation/install/cnn_regulator/lib/cnn_regulator
[2.775s] writing list of installed files to '/home/zidane/Desktop/project_cnn_regulation/build/cnn_regulator/install.log'
[2.805s] Invoked command in '/home/zidane/Desktop/project_cnn_regulation/src/cnn_regulator' returned '0': DEBUGINFOD_URLS=https://debuginfod.ubuntu.com PYTHONPATH=/home/zidane/Desktop/project_cnn_regulation/build/cnn_regulator/prefix_override:/usr/lib/python3/dist-packages/colcon_core/task/python/colcon_distutils_commands:/home/zidane/Desktop/project_cnn_regulation/install/cnn_regulator/lib/python3.12/site-packages:${PYTHONPATH} /usr/bin/python3 -W ignore:setup.py install is deprecated -W ignore:easy_install command is deprecated setup.py egg_info --egg-base ../../build/cnn_regulator build --build-base /home/zidane/Desktop/project_cnn_regulation/build/cnn_regulator/build install --record /home/zidane/Desktop/project_cnn_regulation/build/cnn_regulator/install.log --single-version-externally-managed install_data --force
