[0.148s] Invoking command in '/home/zidane/Desktop/project_cnn_regulation/build/mimo_process_description': CMAKE_PREFIX_PATH=${CMAKE_PREFIX_PATH}:/home/zidane/Desktop/project_cnn_regulation/install/cnn_regulator:/opt/ros/jazzy DEBUGINFOD_URLS=https://debuginfod.ubuntu.com /usr/bin/cmake /home/zidane/Desktop/project_cnn_regulation/src/mimo_process_description -DCMAKE_INSTALL_PREFIX=/home/zidane/Desktop/project_cnn_regulation/install/mimo_process_description
[0.158s] -- Found ament_cmake: 2.5.6 (/opt/ros/jazzy/share/ament_cmake/cmake)
[0.386s] -- Override CMake install command with custom implementation using symlinks instead of copying resources
[0.393s] -- Found ament_lint_auto: 0.17.5 (/opt/ros/jazzy/share/ament_lint_auto/cmake)
[0.502s] -- Added test 'lint_cmake' to check CMake code style
[0.503s] -- Added test 'xmllint' to check XML markup files
[0.505s] -- Configuring done (0.3s)
[0.508s] -- Generating done (0.0s)
[0.509s] -- Build files have been written to: /home/zidane/Desktop/project_cnn_regulation/build/mimo_process_description
[0.515s] Invoked command in '/home/zidane/Desktop/project_cnn_regulation/build/mimo_process_description' returned '0': CMAKE_PREFIX_PATH=${CMAKE_PREFIX_PATH}:/home/zidane/Desktop/project_cnn_regulation/install/cnn_regulator:/opt/ros/jazzy DEBUGINFOD_URLS=https://debuginfod.ubuntu.com /usr/bin/cmake /home/zidane/Desktop/project_cnn_regulation/src/mimo_process_description -DCMAKE_INSTALL_PREFIX=/home/zidane/Desktop/project_cnn_regulation/install/mimo_process_description
[0.516s] Invoking command in '/home/zidane/Desktop/project_cnn_regulation/build/mimo_process_description': CMAKE_PREFIX_PATH=${CMAKE_PREFIX_PATH}:/home/zidane/Desktop/project_cnn_regulation/install/cnn_regulator:/opt/ros/jazzy DEBUGINFOD_URLS=https://debuginfod.ubuntu.com /usr/bin/cmake --build /home/zidane/Desktop/project_cnn_regulation/build/mimo_process_description -- -j16 -l16
[0.573s] Invoked command in '/home/zidane/Desktop/project_cnn_regulation/build/mimo_process_description' returned '0': CMAKE_PREFIX_PATH=${CMAKE_PREFIX_PATH}:/home/zidane/Desktop/project_cnn_regulation/install/cnn_regulator:/opt/ros/jazzy DEBUGINFOD_URLS=https://debuginfod.ubuntu.com /usr/bin/cmake --build /home/zidane/Desktop/project_cnn_regulation/build/mimo_process_description -- -j16 -l16
[0.574s] Invoking command in '/home/zidane/Desktop/project_cnn_regulation/build/mimo_process_description': CMAKE_PREFIX_PATH=${CMAKE_PREFIX_PATH}:/home/zidane/Desktop/project_cnn_regulation/install/cnn_regulator:/opt/ros/jazzy DEBUGINFOD_URLS=https://debuginfod.ubuntu.com /usr/bin/cmake --install /home/zidane/Desktop/project_cnn_regulation/build/mimo_process_description
[0.582s] -- Install configuration: ""
[0.583s] -- Execute custom install script
[0.583s] -- Up-to-date symlink: /home/zidane/Desktop/project_cnn_regulation/install/mimo_process_description/share/mimo_process_description/urdf/ur5e_sim.urdf.xacro
[0.583s] -- Up-to-date symlink: /home/zidane/Desktop/project_cnn_regulation/install/mimo_process_description/share/ament_index/resource_index/package_run_dependencies/mimo_process_description
[0.584s] -- Up-to-date symlink: /home/zidane/Desktop/project_cnn_regulation/install/mimo_process_description/share/ament_index/resource_index/parent_prefix_path/mimo_process_description
[0.584s] -- Up-to-date symlink: /home/zidane/Desktop/project_cnn_regulation/install/mimo_process_description/share/mimo_process_description/environment/ament_prefix_path.sh
[0.584s] -- Up-to-date symlink: /home/zidane/Desktop/project_cnn_regulation/install/mimo_process_description/share/mimo_process_description/environment/ament_prefix_path.dsv
[0.584s] -- Up-to-date symlink: /home/zidane/Desktop/project_cnn_regulation/install/mimo_process_description/share/mimo_process_description/environment/path.sh
[0.584s] -- Up-to-date symlink: /home/zidane/Desktop/project_cnn_regulation/install/mimo_process_description/share/mimo_process_description/environment/path.dsv
[0.584s] -- Up-to-date symlink: /home/zidane/Desktop/project_cnn_regulation/install/mimo_process_description/share/mimo_process_description/local_setup.bash
[0.585s] -- Up-to-date symlink: /home/zidane/Desktop/project_cnn_regulation/install/mimo_process_description/share/mimo_process_description/local_setup.sh
[0.585s] -- Up-to-date symlink: /home/zidane/Desktop/project_cnn_regulation/install/mimo_process_description/share/mimo_process_description/local_setup.zsh
[0.585s] -- Up-to-date symlink: /home/zidane/Desktop/project_cnn_regulation/install/mimo_process_description/share/mimo_process_description/local_setup.dsv
[0.585s] -- Symlinking: /home/zidane/Desktop/project_cnn_regulation/install/mimo_process_description/share/mimo_process_description/package.dsv
[0.594s] -- Up-to-date symlink: /home/zidane/Desktop/project_cnn_regulation/install/mimo_process_description/share/ament_index/resource_index/packages/mimo_process_description
[0.594s] -- Up-to-date symlink: /home/zidane/Desktop/project_cnn_regulation/install/mimo_process_description/share/mimo_process_description/cmake/mimo_process_descriptionConfig.cmake
[0.595s] -- Up-to-date symlink: /home/zidane/Desktop/project_cnn_regulation/install/mimo_process_description/share/mimo_process_description/cmake/mimo_process_descriptionConfig-version.cmake
[0.595s] -- Up-to-date symlink: /home/zidane/Desktop/project_cnn_regulation/install/mimo_process_description/share/mimo_process_description/package.xml
[0.615s] Invoked command in '/home/zidane/Desktop/project_cnn_regulation/build/mimo_process_description' returned '0': CMAKE_PREFIX_PATH=${CMAKE_PREFIX_PATH}:/home/zidane/Desktop/project_cnn_regulation/install/cnn_regulator:/opt/ros/jazzy DEBUGINFOD_URLS=https://debuginfod.ubuntu.com /usr/bin/cmake --install /home/zidane/Desktop/project_cnn_regulation/build/mimo_process_description
