[0.185s] Invoking command in '/home/zidane/Desktop/project_cnn_regulation/build/mimo_process_description': CMAKE_PREFIX_PATH=${CMAKE_PREFIX_PATH}:/opt/ros/jazzy DEBUGINFOD_URLS=https://debuginfod.ubuntu.com /usr/bin/cmake /home/zidane/Desktop/project_cnn_regulation/src/mimo_process_description -DCMAKE_INSTALL_PREFIX=/home/zidane/Desktop/project_cnn_regulation/install/mimo_process_description
[0.323s] -- The C compiler identification is GNU 13.3.0
[0.440s] -- The CXX compiler identification is GNU 13.3.0
[0.463s] -- Detecting C compiler ABI info
[0.614s] -- Detecting C compiler ABI info - done
[0.626s] -- Check for working C compiler: /usr/bin/cc - skipped
[0.627s] -- Detecting C compile features
[0.628s] -- Detecting C compile features - done
[0.639s] -- Detecting CXX compiler ABI info
[0.754s] -- Detecting CXX compiler ABI info - done
[0.767s] -- Check for working CXX compiler: /usr/bin/c++ - skipped
[0.767s] -- Detecting CXX compile features
[0.768s] -- Detecting CXX compile features - done
[0.781s] -- Found ament_cmake: 2.5.6 (/opt/ros/jazzy/share/ament_cmake/cmake)
[1.029s] -- Found Python3: /usr/bin/python3 (found version "3.12.3") found components: Interpreter 
[1.282s] -- Found ament_lint_auto: 0.17.5 (/opt/ros/jazzy/share/ament_lint_auto/cmake)
[1.483s] -- Added test 'lint_cmake' to check CMake code style
[1.487s] -- Added test 'xmllint' to check XML markup files
[1.490s] -- Configuring done (1.3s)
[1.494s] -- Generating done (0.0s)
[1.498s] -- Build files have been written to: /home/zidane/Desktop/project_cnn_regulation/build/mimo_process_description
[1.508s] Invoked command in '/home/zidane/Desktop/project_cnn_regulation/build/mimo_process_description' returned '0': CMAKE_PREFIX_PATH=${CMAKE_PREFIX_PATH}:/opt/ros/jazzy DEBUGINFOD_URLS=https://debuginfod.ubuntu.com /usr/bin/cmake /home/zidane/Desktop/project_cnn_regulation/src/mimo_process_description -DCMAKE_INSTALL_PREFIX=/home/zidane/Desktop/project_cnn_regulation/install/mimo_process_description
[1.510s] Invoking command in '/home/zidane/Desktop/project_cnn_regulation/build/mimo_process_description': CMAKE_PREFIX_PATH=${CMAKE_PREFIX_PATH}:/opt/ros/jazzy DEBUGINFOD_URLS=https://debuginfod.ubuntu.com /usr/bin/cmake --build /home/zidane/Desktop/project_cnn_regulation/build/mimo_process_description -- -j16 -l16
[1.576s] Invoked command in '/home/zidane/Desktop/project_cnn_regulation/build/mimo_process_description' returned '0': CMAKE_PREFIX_PATH=${CMAKE_PREFIX_PATH}:/opt/ros/jazzy DEBUGINFOD_URLS=https://debuginfod.ubuntu.com /usr/bin/cmake --build /home/zidane/Desktop/project_cnn_regulation/build/mimo_process_description -- -j16 -l16
[1.578s] Invoking command in '/home/zidane/Desktop/project_cnn_regulation/build/mimo_process_description': CMAKE_PREFIX_PATH=${CMAKE_PREFIX_PATH}:/opt/ros/jazzy DEBUGINFOD_URLS=https://debuginfod.ubuntu.com /usr/bin/cmake --install /home/zidane/Desktop/project_cnn_regulation/build/mimo_process_description
[1.592s] -- Install configuration: ""
[1.592s] -- Installing: /home/zidane/Desktop/project_cnn_regulation/install/mimo_process_description/share/mimo_process_description/urdf
[1.592s] -- Installing: /home/zidane/Desktop/project_cnn_regulation/install/mimo_process_description/share/mimo_process_description/urdf/ur5e_sim.urdf.xacro
[1.592s] -- Installing: /home/zidane/Desktop/project_cnn_regulation/install/mimo_process_description/share/ament_index/resource_index/package_run_dependencies/mimo_process_description
[1.592s] -- Installing: /home/zidane/Desktop/project_cnn_regulation/install/mimo_process_description/share/ament_index/resource_index/parent_prefix_path/mimo_process_description
[1.592s] -- Installing: /home/zidane/Desktop/project_cnn_regulation/install/mimo_process_description/share/mimo_process_description/environment/ament_prefix_path.sh
[1.592s] -- Installing: /home/zidane/Desktop/project_cnn_regulation/install/mimo_process_description/share/mimo_process_description/environment/ament_prefix_path.dsv
[1.592s] -- Installing: /home/zidane/Desktop/project_cnn_regulation/install/mimo_process_description/share/mimo_process_description/environment/path.sh
[1.592s] -- Installing: /home/zidane/Desktop/project_cnn_regulation/install/mimo_process_description/share/mimo_process_description/environment/path.dsv
[1.593s] -- Installing: /home/zidane/Desktop/project_cnn_regulation/install/mimo_process_description/share/mimo_process_description/local_setup.bash
[1.593s] -- Installing: /home/zidane/Desktop/project_cnn_regulation/install/mimo_process_description/share/mimo_process_description/local_setup.sh
[1.593s] -- Installing: /home/zidane/Desktop/project_cnn_regulation/install/mimo_process_description/share/mimo_process_description/local_setup.zsh
[1.593s] -- Installing: /home/zidane/Desktop/project_cnn_regulation/install/mimo_process_description/share/mimo_process_description/local_setup.dsv
[1.594s] -- Installing: /home/zidane/Desktop/project_cnn_regulation/install/mimo_process_description/share/mimo_process_description/package.dsv
[1.594s] -- Installing: /home/zidane/Desktop/project_cnn_regulation/install/mimo_process_description/share/ament_index/resource_index/packages/mimo_process_description
[1.594s] -- Installing: /home/zidane/Desktop/project_cnn_regulation/install/mimo_process_description/share/mimo_process_description/cmake/mimo_process_descriptionConfig.cmake
[1.595s] -- Installing: /home/zidane/Desktop/project_cnn_regulation/install/mimo_process_description/share/mimo_process_description/cmake/mimo_process_descriptionConfig-version.cmake
[1.595s] -- Installing: /home/zidane/Desktop/project_cnn_regulation/install/mimo_process_description/share/mimo_process_description/package.xml
[1.624s] Invoked command in '/home/zidane/Desktop/project_cnn_regulation/build/mimo_process_description' returned '0': CMAKE_PREFIX_PATH=${CMAKE_PREFIX_PATH}:/opt/ros/jazzy DEBUGINFOD_URLS=https://debuginfod.ubuntu.com /usr/bin/cmake --install /home/zidane/Desktop/project_cnn_regulation/build/mimo_process_description
