[0.188s] Invoking command in '/home/zidane/Desktop/project_cnn_regulation/build/ur_description': CMAKE_PREFIX_PATH=${CMAKE_PREFIX_PATH}:/opt/ros/jazzy DEBUGINFOD_URLS=https://debuginfod.ubuntu.com /usr/bin/cmake /home/zidane/Desktop/project_cnn_regulation/src/Universal_Robots_ROS2_Description -DCMAKE_INSTALL_PREFIX=/home/zidane/Desktop/project_cnn_regulation/install/ur_description
[0.319s] -- The C compiler identification is GNU 13.3.0
[0.434s] -- The CXX compiler identification is GNU 13.3.0
[0.458s] -- Detecting C compiler ABI info
[0.609s] -- Detecting C compiler ABI info - done
[0.622s] -- Check for working C compiler: /usr/bin/cc - skipped
[0.622s] -- Detecting C compile features
[0.623s] -- Detecting C compile features - done
[0.636s] -- Detecting CXX compiler ABI info
[0.753s] -- Detecting CXX compiler ABI info - done
[0.764s] -- Check for working CXX compiler: /usr/bin/c++ - skipped
[0.764s] -- Detecting CXX compile features
[0.765s] -- Detecting CXX compile features - done
[0.776s] -- Found ament_cmake: 2.5.6 (/opt/ros/jazzy/share/ament_cmake/cmake)
[1.024s] -- Found Python3: /usr/bin/python3 (found version "3.12.3") found components: Interpreter 
[1.279s] -- Found ament_cmake_pytest: 2.5.6 (/opt/ros/jazzy/share/ament_cmake_pytest/cmake)
[2.374s] -- Configuring done (2.2s)
[2.376s] -- Generating done (0.0s)
[2.378s] -- Build files have been written to: /home/zidane/Desktop/project_cnn_regulation/build/ur_description
[2.382s] Invoked command in '/home/zidane/Desktop/project_cnn_regulation/build/ur_description' returned '0': CMAKE_PREFIX_PATH=${CMAKE_PREFIX_PATH}:/opt/ros/jazzy DEBUGINFOD_URLS=https://debuginfod.ubuntu.com /usr/bin/cmake /home/zidane/Desktop/project_cnn_regulation/src/Universal_Robots_ROS2_Description -DCMAKE_INSTALL_PREFIX=/home/zidane/Desktop/project_cnn_regulation/install/ur_description
[2.383s] Invoking command in '/home/zidane/Desktop/project_cnn_regulation/build/ur_description': CMAKE_PREFIX_PATH=${CMAKE_PREFIX_PATH}:/opt/ros/jazzy DEBUGINFOD_URLS=https://debuginfod.ubuntu.com /usr/bin/cmake --build /home/zidane/Desktop/project_cnn_regulation/build/ur_description -- -j16 -l16
[2.426s] Invoked command in '/home/zidane/Desktop/project_cnn_regulation/build/ur_description' returned '0': CMAKE_PREFIX_PATH=${CMAKE_PREFIX_PATH}:/opt/ros/jazzy DEBUGINFOD_URLS=https://debuginfod.ubuntu.com /usr/bin/cmake --build /home/zidane/Desktop/project_cnn_regulation/build/ur_description -- -j16 -l16
[2.427s] Invoking command in '/home/zidane/Desktop/project_cnn_regulation/build/ur_description': CMAKE_PREFIX_PATH=${CMAKE_PREFIX_PATH}:/opt/ros/jazzy DEBUGINFOD_URLS=https://debuginfod.ubuntu.com /usr/bin/cmake --install /home/zidane/Desktop/project_cnn_regulation/build/ur_description
[2.436s] -- Install configuration: ""
[2.436s] -- Installing: /home/zidane/Desktop/project_cnn_regulation/install/ur_description/share/ur_description/config
[2.436s] -- Installing: /home/zidane/Desktop/project_cnn_regulation/install/ur_description/share/ur_description/config/ur12e
[2.437s] -- Installing: /home/zidane/Desktop/project_cnn_regulation/install/ur_description/share/ur_description/config/ur12e/default_kinematics.yaml
[2.437s] -- Installing: /home/zidane/Desktop/project_cnn_regulation/install/ur_description/share/ur_description/config/ur12e/visual_parameters.yaml
[2.438s] -- Installing: /home/zidane/Desktop/project_cnn_regulation/install/ur_description/share/ur_description/config/ur12e/physical_parameters.yaml
[2.438s] -- Installing: /home/zidane/Desktop/project_cnn_regulation/install/ur_description/share/ur_description/config/ur12e/joint_limits.yaml
[2.439s] -- Installing: /home/zidane/Desktop/project_cnn_regulation/install/ur_description/share/ur_description/config/ur3
[2.439s] -- Installing: /home/zidane/Desktop/project_cnn_regulation/install/ur_description/share/ur_description/config/ur3/default_kinematics.yaml
[2.439s] -- Installing: /home/zidane/Desktop/project_cnn_regulation/install/ur_description/share/ur_description/config/ur3/visual_parameters.yaml
[2.439s] -- Installing: /home/zidane/Desktop/project_cnn_regulation/install/ur_description/share/ur_description/config/ur3/physical_parameters.yaml
[2.439s] -- Installing: /home/zidane/Desktop/project_cnn_regulation/install/ur_description/share/ur_description/config/ur3/joint_limits.yaml
[2.440s] -- Installing: /home/zidane/Desktop/project_cnn_regulation/install/ur_description/share/ur_description/config/ur7e
[2.440s] -- Installing: /home/zidane/Desktop/project_cnn_regulation/install/ur_description/share/ur_description/config/ur7e/default_kinematics.yaml
[2.440s] -- Installing: /home/zidane/Desktop/project_cnn_regulation/install/ur_description/share/ur_description/config/ur7e/visual_parameters.yaml
[2.440s] -- Installing: /home/zidane/Desktop/project_cnn_regulation/install/ur_description/share/ur_description/config/ur7e/physical_parameters.yaml
[2.440s] -- Installing: /home/zidane/Desktop/project_cnn_regulation/install/ur_description/share/ur_description/config/ur7e/joint_limits.yaml
[2.440s] -- Installing: /home/zidane/Desktop/project_cnn_regulation/install/ur_description/share/ur_description/config/ur5
[2.440s] -- Installing: /home/zidane/Desktop/project_cnn_regulation/install/ur_description/share/ur_description/config/ur5/default_kinematics.yaml
[2.440s] -- Installing: /home/zidane/Desktop/project_cnn_regulation/install/ur_description/share/ur_description/config/ur5/visual_parameters.yaml
[2.440s] -- Installing: /home/zidane/Desktop/project_cnn_regulation/install/ur_description/share/ur_description/config/ur5/physical_parameters.yaml
[2.440s] -- Installing: /home/zidane/Desktop/project_cnn_regulation/install/ur_description/share/ur_description/config/ur5/joint_limits.yaml
[2.440s] -- Installing: /home/zidane/Desktop/project_cnn_regulation/install/ur_description/share/ur_description/config/ur15
[2.441s] -- Installing: /home/zidane/Desktop/project_cnn_regulation/install/ur_description/share/ur_description/config/ur15/default_kinematics.yaml
[2.441s] -- Installing: /home/zidane/Desktop/project_cnn_regulation/install/ur_description/share/ur_description/config/ur15/visual_parameters.yaml
[2.441s] -- Installing: /home/zidane/Desktop/project_cnn_regulation/install/ur_description/share/ur_description/config/ur15/physical_parameters.yaml
[2.441s] -- Installing: /home/zidane/Desktop/project_cnn_regulation/install/ur_description/share/ur_description/config/ur15/joint_limits.yaml
[2.441s] -- Installing: /home/zidane/Desktop/project_cnn_regulation/install/ur_description/share/ur_description/config/ur5e
[2.441s] -- Installing: /home/zidane/Desktop/project_cnn_regulation/install/ur_description/share/ur_description/config/ur5e/default_kinematics.yaml
[2.441s] -- Installing: /home/zidane/Desktop/project_cnn_regulation/install/ur_description/share/ur_description/config/ur5e/visual_parameters.yaml
[2.441s] -- Installing: /home/zidane/Desktop/project_cnn_regulation/install/ur_description/share/ur_description/config/ur5e/physical_parameters.yaml
[2.441s] -- Installing: /home/zidane/Desktop/project_cnn_regulation/install/ur_description/share/ur_description/config/ur5e/joint_limits.yaml
[2.441s] -- Installing: /home/zidane/Desktop/project_cnn_regulation/install/ur_description/share/ur_description/config/ur10
[2.441s] -- Installing: /home/zidane/Desktop/project_cnn_regulation/install/ur_description/share/ur_description/config/ur10/default_kinematics.yaml
[2.441s] -- Installing: /home/zidane/Desktop/project_cnn_regulation/install/ur_description/share/ur_description/config/ur10/visual_parameters.yaml
[2.441s] -- Installing: /home/zidane/Desktop/project_cnn_regulation/install/ur_description/share/ur_description/config/ur10/physical_parameters.yaml
[2.441s] -- Installing: /home/zidane/Desktop/project_cnn_regulation/install/ur_description/share/ur_description/config/ur10/joint_limits.yaml
[2.441s] -- Installing: /home/zidane/Desktop/project_cnn_regulation/install/ur_description/share/ur_description/config/ur20
[2.441s] -- Installing: /home/zidane/Desktop/project_cnn_regulation/install/ur_description/share/ur_description/config/ur20/default_kinematics.yaml
[2.441s] -- Installing: /home/zidane/Desktop/project_cnn_regulation/install/ur_description/share/ur_description/config/ur20/visual_parameters.yaml
[2.441s] -- Installing: /home/zidane/Desktop/project_cnn_regulation/install/ur_description/share/ur_description/config/ur20/physical_parameters.yaml
[2.441s] -- Installing: /home/zidane/Desktop/project_cnn_regulation/install/ur_description/share/ur_description/config/ur20/joint_limits.yaml
[2.442s] -- Installing: /home/zidane/Desktop/project_cnn_regulation/install/ur_description/share/ur_description/config/ur18
[2.442s] -- Installing: /home/zidane/Desktop/project_cnn_regulation/install/ur_description/share/ur_description/config/ur18/default_kinematics.yaml
[2.442s] -- Installing: /home/zidane/Desktop/project_cnn_regulation/install/ur_description/share/ur_description/config/ur18/visual_parameters.yaml
[2.442s] -- Installing: /home/zidane/Desktop/project_cnn_regulation/install/ur_description/share/ur_description/config/ur18/physical_parameters.yaml
[2.442s] -- Installing: /home/zidane/Desktop/project_cnn_regulation/install/ur_description/share/ur_description/config/ur18/joint_limits.yaml
[2.442s] -- Installing: /home/zidane/Desktop/project_cnn_regulation/install/ur_description/share/ur_description/config/ur10e
[2.442s] -- Installing: /home/zidane/Desktop/project_cnn_regulation/install/ur_description/share/ur_description/config/ur10e/default_kinematics.yaml
[2.442s] -- Installing: /home/zidane/Desktop/project_cnn_regulation/install/ur_description/share/ur_description/config/ur10e/visual_parameters.yaml
[2.442s] -- Installing: /home/zidane/Desktop/project_cnn_regulation/install/ur_description/share/ur_description/config/ur10e/physical_parameters.yaml
[2.442s] -- Installing: /home/zidane/Desktop/project_cnn_regulation/install/ur_description/share/ur_description/config/ur10e/joint_limits.yaml
[2.442s] -- Installing: /home/zidane/Desktop/project_cnn_regulation/install/ur_description/share/ur_description/config/ur30
[2.442s] -- Installing: /home/zidane/Desktop/project_cnn_regulation/install/ur_description/share/ur_description/config/ur30/default_kinematics.yaml
[2.442s] -- Installing: /home/zidane/Desktop/project_cnn_regulation/install/ur_description/share/ur_description/config/ur30/visual_parameters.yaml
[2.442s] -- Installing: /home/zidane/Desktop/project_cnn_regulation/install/ur_description/share/ur_description/config/ur30/physical_parameters.yaml
[2.442s] -- Installing: /home/zidane/Desktop/project_cnn_regulation/install/ur_description/share/ur_description/config/ur30/joint_limits.yaml
[2.442s] -- Installing: /home/zidane/Desktop/project_cnn_regulation/install/ur_description/share/ur_description/config/ur8long
[2.443s] -- Installing: /home/zidane/Desktop/project_cnn_regulation/install/ur_description/share/ur_description/config/ur8long/default_kinematics.yaml
[2.443s] -- Installing: /home/zidane/Desktop/project_cnn_regulation/install/ur_description/share/ur_description/config/ur8long/visual_parameters.yaml
[2.443s] -- Installing: /home/zidane/Desktop/project_cnn_regulation/install/ur_description/share/ur_description/config/ur8long/physical_parameters.yaml
[2.443s] -- Installing: /home/zidane/Desktop/project_cnn_regulation/install/ur_description/share/ur_description/config/ur8long/joint_limits.yaml
[2.443s] -- Installing: /home/zidane/Desktop/project_cnn_regulation/install/ur_description/share/ur_description/config/ur3e
[2.443s] -- Installing: /home/zidane/Desktop/project_cnn_regulation/install/ur_description/share/ur_description/config/ur3e/default_kinematics.yaml
[2.443s] -- Installing: /home/zidane/Desktop/project_cnn_regulation/install/ur_description/share/ur_description/config/ur3e/visual_parameters.yaml
[2.443s] -- Installing: /home/zidane/Desktop/project_cnn_regulation/install/ur_description/share/ur_description/config/ur3e/physical_parameters.yaml
[2.443s] -- Installing: /home/zidane/Desktop/project_cnn_regulation/install/ur_description/share/ur_description/config/ur3e/joint_limits.yaml
[2.443s] -- Installing: /home/zidane/Desktop/project_cnn_regulation/install/ur_description/share/ur_description/config/initial_positions.yaml
[2.443s] -- Installing: /home/zidane/Desktop/project_cnn_regulation/install/ur_description/share/ur_description/config/ur16e
[2.443s] -- Installing: /home/zidane/Desktop/project_cnn_regulation/install/ur_description/share/ur_description/config/ur16e/default_kinematics.yaml
[2.443s] -- Installing: /home/zidane/Desktop/project_cnn_regulation/install/ur_description/share/ur_description/config/ur16e/visual_parameters.yaml
[2.443s] -- Installing: /home/zidane/Desktop/project_cnn_regulation/install/ur_description/share/ur_description/config/ur16e/physical_parameters.yaml
[2.443s] -- Installing: /home/zidane/Desktop/project_cnn_regulation/install/ur_description/share/ur_description/config/ur16e/joint_limits.yaml
[2.443s] -- Installing: /home/zidane/Desktop/project_cnn_regulation/install/ur_description/share/ur_description/launch
[2.443s] -- Installing: /home/zidane/Desktop/project_cnn_regulation/install/ur_description/share/ur_description/launch/view_ur.launch.py
[2.443s] -- Installing: /home/zidane/Desktop/project_cnn_regulation/install/ur_description/share/ur_description/launch/view_ur.launch.xml
[2.443s] -- Installing: /home/zidane/Desktop/project_cnn_regulation/install/ur_description/share/ur_description/meshes
[2.443s] -- Installing: /home/zidane/Desktop/project_cnn_regulation/install/ur_description/share/ur_description/meshes/ur3
[2.443s] -- Installing: /home/zidane/Desktop/project_cnn_regulation/install/ur_description/share/ur_description/meshes/ur3/visual
[2.443s] -- Installing: /home/zidane/Desktop/project_cnn_regulation/install/ur_description/share/ur_description/meshes/ur3/visual/base.dae
[2.443s] -- Installing: /home/zidane/Desktop/project_cnn_regulation/install/ur_description/share/ur_description/meshes/ur3/visual/wrist3.dae
[2.444s] -- Installing: /home/zidane/Desktop/project_cnn_regulation/install/ur_description/share/ur_description/meshes/ur3/visual/shoulder.dae
[2.444s] -- Installing: /home/zidane/Desktop/project_cnn_regulation/install/ur_description/share/ur_description/meshes/ur3/visual/forearm.dae
[2.445s] -- Installing: /home/zidane/Desktop/project_cnn_regulation/install/ur_description/share/ur_description/meshes/ur3/visual/wrist2.dae
[2.446s] -- Installing: /home/zidane/Desktop/project_cnn_regulation/install/ur_description/share/ur_description/meshes/ur3/visual/upperarm.dae
[2.447s] -- Installing: /home/zidane/Desktop/project_cnn_regulation/install/ur_description/share/ur_description/meshes/ur3/visual/wrist1.dae
[2.447s] -- Installing: /home/zidane/Desktop/project_cnn_regulation/install/ur_description/share/ur_description/meshes/ur3/collision
[2.447s] -- Installing: /home/zidane/Desktop/project_cnn_regulation/install/ur_description/share/ur_description/meshes/ur3/collision/wrist2.stl
[2.447s] -- Installing: /home/zidane/Desktop/project_cnn_regulation/install/ur_description/share/ur_description/meshes/ur3/collision/wrist1.stl
[2.447s] -- Installing: /home/zidane/Desktop/project_cnn_regulation/install/ur_description/share/ur_description/meshes/ur3/collision/wrist3.stl
[2.447s] -- Installing: /home/zidane/Desktop/project_cnn_regulation/install/ur_description/share/ur_description/meshes/ur3/collision/forearm.stl
[2.448s] -- Installing: /home/zidane/Desktop/project_cnn_regulation/install/ur_description/share/ur_description/meshes/ur3/collision/shoulder.stl
[2.448s] -- Installing: /home/zidane/Desktop/project_cnn_regulation/install/ur_description/share/ur_description/meshes/ur3/collision/upperarm.stl
[2.448s] -- Installing: /home/zidane/Desktop/project_cnn_regulation/install/ur_description/share/ur_description/meshes/ur3/collision/base.stl
[2.448s] -- Installing: /home/zidane/Desktop/project_cnn_regulation/install/ur_description/share/ur_description/meshes/ur5
[2.448s] -- Installing: /home/zidane/Desktop/project_cnn_regulation/install/ur_description/share/ur_description/meshes/ur5/visual
[2.448s] -- Installing: /home/zidane/Desktop/project_cnn_regulation/install/ur_description/share/ur_description/meshes/ur5/visual/base.dae
[2.449s] -- Installing: /home/zidane/Desktop/project_cnn_regulation/install/ur_description/share/ur_description/meshes/ur5/visual/wrist3.dae
[2.449s] -- Installing: /home/zidane/Desktop/project_cnn_regulation/install/ur_description/share/ur_description/meshes/ur5/visual/shoulder.dae
[2.449s] -- Installing: /home/zidane/Desktop/project_cnn_regulation/install/ur_description/share/ur_description/meshes/ur5/visual/forearm.dae
[2.450s] -- Installing: /home/zidane/Desktop/project_cnn_regulation/install/ur_description/share/ur_description/meshes/ur5/visual/wrist2.dae
[2.451s] -- Installing: /home/zidane/Desktop/project_cnn_regulation/install/ur_description/share/ur_description/meshes/ur5/visual/upperarm.dae
[2.453s] -- Installing: /home/zidane/Desktop/project_cnn_regulation/install/ur_description/share/ur_description/meshes/ur5/visual/wrist1.dae
[2.453s] -- Installing: /home/zidane/Desktop/project_cnn_regulation/install/ur_description/share/ur_description/meshes/ur5/collision
[2.454s] -- Installing: /home/zidane/Desktop/project_cnn_regulation/install/ur_description/share/ur_description/meshes/ur5/collision/wrist2.stl
[2.454s] -- Installing: /home/zidane/Desktop/project_cnn_regulation/install/ur_description/share/ur_description/meshes/ur5/collision/wrist1.stl
[2.454s] -- Installing: /home/zidane/Desktop/project_cnn_regulation/install/ur_description/share/ur_description/meshes/ur5/collision/wrist3.stl
[2.454s] -- Installing: /home/zidane/Desktop/project_cnn_regulation/install/ur_description/share/ur_description/meshes/ur5/collision/forearm.stl
[2.454s] -- Installing: /home/zidane/Desktop/project_cnn_regulation/install/ur_description/share/ur_description/meshes/ur5/collision/shoulder.stl
[2.454s] -- Installing: /home/zidane/Desktop/project_cnn_regulation/install/ur_description/share/ur_description/meshes/ur5/collision/upperarm.stl
[2.454s] -- Installing: /home/zidane/Desktop/project_cnn_regulation/install/ur_description/share/ur_description/meshes/ur5/collision/base.stl
[2.454s] -- Installing: /home/zidane/Desktop/project_cnn_regulation/install/ur_description/share/ur_description/meshes/ur15
[2.454s] -- Installing: /home/zidane/Desktop/project_cnn_regulation/install/ur_description/share/ur_description/meshes/ur15/visual
[2.454s] -- Installing: /home/zidane/Desktop/project_cnn_regulation/install/ur_description/share/ur_description/meshes/ur15/visual/base.dae
[2.454s] -- Installing: /home/zidane/Desktop/project_cnn_regulation/install/ur_description/share/ur_description/meshes/ur15/visual/wrist3.dae
[2.454s] -- Installing: /home/zidane/Desktop/project_cnn_regulation/install/ur_description/share/ur_description/meshes/ur15/visual/UR15_DIFF_8bit_2K.jpg
[2.455s] -- Installing: /home/zidane/Desktop/project_cnn_regulation/install/ur_description/share/ur_description/meshes/ur15/visual/shoulder.dae
[2.455s] -- Installing: /home/zidane/Desktop/project_cnn_regulation/install/ur_description/share/ur_description/meshes/ur15/visual/forearm.dae
[2.455s] -- Installing: /home/zidane/Desktop/project_cnn_regulation/install/ur_description/share/ur_description/meshes/ur15/visual/wrist2.dae
[2.455s] -- Installing: /home/zidane/Desktop/project_cnn_regulation/install/ur_description/share/ur_description/meshes/ur15/visual/upperarm.dae
[2.456s] -- Installing: /home/zidane/Desktop/project_cnn_regulation/install/ur_description/share/ur_description/meshes/ur15/visual/wrist1.dae
[2.456s] -- Installing: /home/zidane/Desktop/project_cnn_regulation/install/ur_description/share/ur_description/meshes/ur15/collision
[2.456s] -- Installing: /home/zidane/Desktop/project_cnn_regulation/install/ur_description/share/ur_description/meshes/ur15/collision/wrist2.stl
[2.456s] -- Installing: /home/zidane/Desktop/project_cnn_regulation/install/ur_description/share/ur_description/meshes/ur15/collision/wrist1.stl
[2.456s] -- Installing: /home/zidane/Desktop/project_cnn_regulation/install/ur_description/share/ur_description/meshes/ur15/collision/wrist3.stl
[2.456s] -- Installing: /home/zidane/Desktop/project_cnn_regulation/install/ur_description/share/ur_description/meshes/ur15/collision/forearm.stl
[2.456s] -- Installing: /home/zidane/Desktop/project_cnn_regulation/install/ur_description/share/ur_description/meshes/ur15/collision/shoulder.stl
[2.456s] -- Installing: /home/zidane/Desktop/project_cnn_regulation/install/ur_description/share/ur_description/meshes/ur15/collision/upperarm.stl
[2.456s] -- Installing: /home/zidane/Desktop/project_cnn_regulation/install/ur_description/share/ur_description/meshes/ur15/collision/base.stl
[2.456s] -- Installing: /home/zidane/Desktop/project_cnn_regulation/install/ur_description/share/ur_description/meshes/ur15/LICENSE.txt
[2.456s] -- Installing: /home/zidane/Desktop/project_cnn_regulation/install/ur_description/share/ur_description/meshes/ur5e
[2.456s] -- Installing: /home/zidane/Desktop/project_cnn_regulation/install/ur_description/share/ur_description/meshes/ur5e/visual
[2.457s] -- Installing: /home/zidane/Desktop/project_cnn_regulation/install/ur_description/share/ur_description/meshes/ur5e/visual/base.dae
[2.457s] -- Installing: /home/zidane/Desktop/project_cnn_regulation/install/ur_description/share/ur_description/meshes/ur5e/visual/wrist3.dae
[2.457s] -- Installing: /home/zidane/Desktop/project_cnn_regulation/install/ur_description/share/ur_description/meshes/ur5e/visual/shoulder.dae
[2.458s] -- Installing: /home/zidane/Desktop/project_cnn_regulation/install/ur_description/share/ur_description/meshes/ur5e/visual/forearm.dae
[2.459s] -- Installing: /home/zidane/Desktop/project_cnn_regulation/install/ur_description/share/ur_description/meshes/ur5e/visual/wrist2.dae
[2.460s] -- Installing: /home/zidane/Desktop/project_cnn_regulation/install/ur_description/share/ur_description/meshes/ur5e/visual/upperarm.dae
[2.462s] -- Installing: /home/zidane/Desktop/project_cnn_regulation/install/ur_description/share/ur_description/meshes/ur5e/visual/wrist1.dae
[2.463s] -- Installing: /home/zidane/Desktop/project_cnn_regulation/install/ur_description/share/ur_description/meshes/ur5e/collision
[2.463s] -- Installing: /home/zidane/Desktop/project_cnn_regulation/install/ur_description/share/ur_description/meshes/ur5e/collision/wrist2.stl
[2.463s] -- Installing: /home/zidane/Desktop/project_cnn_regulation/install/ur_description/share/ur_description/meshes/ur5e/collision/wrist1.stl
[2.463s] -- Installing: /home/zidane/Desktop/project_cnn_regulation/install/ur_description/share/ur_description/meshes/ur5e/collision/wrist3.stl
[2.463s] -- Installing: /home/zidane/Desktop/project_cnn_regulation/install/ur_description/share/ur_description/meshes/ur5e/collision/forearm.stl
[2.463s] -- Installing: /home/zidane/Desktop/project_cnn_regulation/install/ur_description/share/ur_description/meshes/ur5e/collision/shoulder.stl
[2.464s] -- Installing: /home/zidane/Desktop/project_cnn_regulation/install/ur_description/share/ur_description/meshes/ur5e/collision/upperarm.stl
[2.464s] -- Installing: /home/zidane/Desktop/project_cnn_regulation/install/ur_description/share/ur_description/meshes/ur5e/collision/base.stl
[2.464s] -- Installing: /home/zidane/Desktop/project_cnn_regulation/install/ur_description/share/ur_description/meshes/ur10
[2.464s] -- Installing: /home/zidane/Desktop/project_cnn_regulation/install/ur_description/share/ur_description/meshes/ur10/visual
[2.464s] -- Installing: /home/zidane/Desktop/project_cnn_regulation/install/ur_description/share/ur_description/meshes/ur10/visual/base.dae
[2.464s] -- Installing: /home/zidane/Desktop/project_cnn_regulation/install/ur_description/share/ur_description/meshes/ur10/visual/wrist3.dae
[2.464s] -- Installing: /home/zidane/Desktop/project_cnn_regulation/install/ur_description/share/ur_description/meshes/ur10/visual/shoulder.dae
[2.465s] -- Installing: /home/zidane/Desktop/project_cnn_regulation/install/ur_description/share/ur_description/meshes/ur10/visual/forearm.dae
[2.466s] -- Installing: /home/zidane/Desktop/project_cnn_regulation/install/ur_description/share/ur_description/meshes/ur10/visual/wrist2.dae
[2.467s] -- Installing: /home/zidane/Desktop/project_cnn_regulation/install/ur_description/share/ur_description/meshes/ur10/visual/upperarm.dae
[2.468s] -- Installing: /home/zidane/Desktop/project_cnn_regulation/install/ur_description/share/ur_description/meshes/ur10/visual/wrist1.dae
[2.469s] -- Installing: /home/zidane/Desktop/project_cnn_regulation/install/ur_description/share/ur_description/meshes/ur10/collision
[2.469s] -- Installing: /home/zidane/Desktop/project_cnn_regulation/install/ur_description/share/ur_description/meshes/ur10/collision/wrist2.stl
[2.469s] -- Installing: /home/zidane/Desktop/project_cnn_regulation/install/ur_description/share/ur_description/meshes/ur10/collision/wrist1.stl
[2.470s] -- Installing: /home/zidane/Desktop/project_cnn_regulation/install/ur_description/share/ur_description/meshes/ur10/collision/wrist3.stl
[2.470s] -- Installing: /home/zidane/Desktop/project_cnn_regulation/install/ur_description/share/ur_description/meshes/ur10/collision/forearm.stl
[2.470s] -- Installing: /home/zidane/Desktop/project_cnn_regulation/install/ur_description/share/ur_description/meshes/ur10/collision/shoulder.stl
[2.470s] -- Installing: /home/zidane/Desktop/project_cnn_regulation/install/ur_description/share/ur_description/meshes/ur10/collision/upperarm.stl
[2.470s] -- Installing: /home/zidane/Desktop/project_cnn_regulation/install/ur_description/share/ur_description/meshes/ur10/collision/base.stl
[2.470s] -- Installing: /home/zidane/Desktop/project_cnn_regulation/install/ur_description/share/ur_description/meshes/ur20
[2.470s] -- Installing: /home/zidane/Desktop/project_cnn_regulation/install/ur_description/share/ur_description/meshes/ur20/visual
[2.470s] -- Installing: /home/zidane/Desktop/project_cnn_regulation/install/ur_description/share/ur_description/meshes/ur20/visual/base.dae
[2.470s] -- Installing: /home/zidane/Desktop/project_cnn_regulation/install/ur_description/share/ur_description/meshes/ur20/visual/wrist3.dae
[2.470s] -- Installing: /home/zidane/Desktop/project_cnn_regulation/install/ur_description/share/ur_description/meshes/ur20/visual/shoulder.dae
[2.470s] -- Installing: /home/zidane/Desktop/project_cnn_regulation/install/ur_description/share/ur_description/meshes/ur20/visual/forearm.dae
[2.471s] -- Installing: /home/zidane/Desktop/project_cnn_regulation/install/ur_description/share/ur_description/meshes/ur20/visual/wrist2.dae
[2.471s] -- Installing: /home/zidane/Desktop/project_cnn_regulation/install/ur_description/share/ur_description/meshes/ur20/visual/UR20_DIFF_8bit_2K.png
[2.472s] -- Installing: /home/zidane/Desktop/project_cnn_regulation/install/ur_description/share/ur_description/meshes/ur20/visual/upperarm.dae
[2.472s] -- Installing: /home/zidane/Desktop/project_cnn_regulation/install/ur_description/share/ur_description/meshes/ur20/visual/wrist1.dae
[2.473s] -- Installing: /home/zidane/Desktop/project_cnn_regulation/install/ur_description/share/ur_description/meshes/ur20/collision
[2.473s] -- Installing: /home/zidane/Desktop/project_cnn_regulation/install/ur_description/share/ur_description/meshes/ur20/collision/wrist2.stl
[2.473s] -- Installing: /home/zidane/Desktop/project_cnn_regulation/install/ur_description/share/ur_description/meshes/ur20/collision/wrist1.stl
[2.473s] -- Installing: /home/zidane/Desktop/project_cnn_regulation/install/ur_description/share/ur_description/meshes/ur20/collision/wrist3.stl
[2.473s] -- Installing: /home/zidane/Desktop/project_cnn_regulation/install/ur_description/share/ur_description/meshes/ur20/collision/forearm.stl
[2.473s] -- Installing: /home/zidane/Desktop/project_cnn_regulation/install/ur_description/share/ur_description/meshes/ur20/collision/shoulder.stl
[2.473s] -- Installing: /home/zidane/Desktop/project_cnn_regulation/install/ur_description/share/ur_description/meshes/ur20/collision/upperarm.stl
[2.473s] -- Installing: /home/zidane/Desktop/project_cnn_regulation/install/ur_description/share/ur_description/meshes/ur20/collision/base.stl
[2.473s] -- Installing: /home/zidane/Desktop/project_cnn_regulation/install/ur_description/share/ur_description/meshes/ur20/LICENSE.txt
[2.473s] -- Installing: /home/zidane/Desktop/project_cnn_regulation/install/ur_description/share/ur_description/meshes/ur18
[2.473s] -- Installing: /home/zidane/Desktop/project_cnn_regulation/install/ur_description/share/ur_description/meshes/ur18/visual
[2.473s] -- Installing: /home/zidane/Desktop/project_cnn_regulation/install/ur_description/share/ur_description/meshes/ur18/visual/UR18_DIFF_8bit_2K.jpg
[2.474s] -- Installing: /home/zidane/Desktop/project_cnn_regulation/install/ur_description/share/ur_description/meshes/ur18/visual/forearm.dae
[2.474s] -- Installing: /home/zidane/Desktop/project_cnn_regulation/install/ur_description/share/ur_description/meshes/ur18/visual/upperarm.dae
[2.474s] -- Installing: /home/zidane/Desktop/project_cnn_regulation/install/ur_description/share/ur_description/meshes/ur18/collision
[2.474s] -- Installing: /home/zidane/Desktop/project_cnn_regulation/install/ur_description/share/ur_description/meshes/ur18/collision/forearm.stl
[2.474s] -- Installing: /home/zidane/Desktop/project_cnn_regulation/install/ur_description/share/ur_description/meshes/ur18/collision/upperarm.stl
[2.474s] -- Installing: /home/zidane/Desktop/project_cnn_regulation/install/ur_description/share/ur_description/meshes/ur18/LICENSE.txt
[2.474s] -- Installing: /home/zidane/Desktop/project_cnn_regulation/install/ur_description/share/ur_description/meshes/ur10e
[2.474s] -- Installing: /home/zidane/Desktop/project_cnn_regulation/install/ur_description/share/ur_description/meshes/ur10e/visual
[2.475s] -- Installing: /home/zidane/Desktop/project_cnn_regulation/install/ur_description/share/ur_description/meshes/ur10e/visual/base.dae
[2.475s] -- Installing: /home/zidane/Desktop/project_cnn_regulation/install/ur_description/share/ur_description/meshes/ur10e/visual/wrist3.dae
[2.475s] -- Installing: /home/zidane/Desktop/project_cnn_regulation/install/ur_description/share/ur_description/meshes/ur10e/visual/shoulder.dae
[2.476s] -- Installing: /home/zidane/Desktop/project_cnn_regulation/install/ur_description/share/ur_description/meshes/ur10e/visual/forearm.dae
[2.477s] -- Installing: /home/zidane/Desktop/project_cnn_regulation/install/ur_description/share/ur_description/meshes/ur10e/visual/wrist2.dae
[2.477s] -- Installing: /home/zidane/Desktop/project_cnn_regulation/install/ur_description/share/ur_description/meshes/ur10e/visual/upperarm.dae
[2.479s] -- Installing: /home/zidane/Desktop/project_cnn_regulation/install/ur_description/share/ur_description/meshes/ur10e/visual/wrist1.dae
[2.480s] -- Installing: /home/zidane/Desktop/project_cnn_regulation/install/ur_description/share/ur_description/meshes/ur10e/collision
[2.480s] -- Installing: /home/zidane/Desktop/project_cnn_regulation/install/ur_description/share/ur_description/meshes/ur10e/collision/wrist2.stl
[2.480s] -- Installing: /home/zidane/Desktop/project_cnn_regulation/install/ur_description/share/ur_description/meshes/ur10e/collision/wrist1.stl
[2.480s] -- Installing: /home/zidane/Desktop/project_cnn_regulation/install/ur_description/share/ur_description/meshes/ur10e/collision/wrist3.stl
[2.480s] -- Installing: /home/zidane/Desktop/project_cnn_regulation/install/ur_description/share/ur_description/meshes/ur10e/collision/forearm.stl
[2.480s] -- Installing: /home/zidane/Desktop/project_cnn_regulation/install/ur_description/share/ur_description/meshes/ur10e/collision/shoulder.stl
[2.480s] -- Installing: /home/zidane/Desktop/project_cnn_regulation/install/ur_description/share/ur_description/meshes/ur10e/collision/upperarm.stl
[2.480s] -- Installing: /home/zidane/Desktop/project_cnn_regulation/install/ur_description/share/ur_description/meshes/ur10e/collision/base.stl
[2.480s] -- Installing: /home/zidane/Desktop/project_cnn_regulation/install/ur_description/share/ur_description/meshes/ur30
[2.480s] -- Installing: /home/zidane/Desktop/project_cnn_regulation/install/ur_description/share/ur_description/meshes/ur30/visual
[2.480s] -- Installing: /home/zidane/Desktop/project_cnn_regulation/install/ur_description/share/ur_description/meshes/ur30/visual/UR30_DIFF_8bit_2K.png
[2.481s] -- Installing: /home/zidane/Desktop/project_cnn_regulation/install/ur_description/share/ur_description/meshes/ur30/visual/forearm.dae
[2.482s] -- Installing: /home/zidane/Desktop/project_cnn_regulation/install/ur_description/share/ur_description/meshes/ur30/visual/upperarm.dae
[2.482s] -- Installing: /home/zidane/Desktop/project_cnn_regulation/install/ur_description/share/ur_description/meshes/ur30/collision
[2.482s] -- Installing: /home/zidane/Desktop/project_cnn_regulation/install/ur_description/share/ur_description/meshes/ur30/collision/forearm.stl
[2.482s] -- Installing: /home/zidane/Desktop/project_cnn_regulation/install/ur_description/share/ur_description/meshes/ur30/collision/upperarm.stl
[2.482s] -- Installing: /home/zidane/Desktop/project_cnn_regulation/install/ur_description/share/ur_description/meshes/ur30/LICENSE.txt
[2.482s] -- Installing: /home/zidane/Desktop/project_cnn_regulation/install/ur_description/share/ur_description/meshes/ur8long
[2.482s] -- Installing: /home/zidane/Desktop/project_cnn_regulation/install/ur_description/share/ur_description/meshes/ur8long/visual
[2.482s] -- Installing: /home/zidane/Desktop/project_cnn_regulation/install/ur_description/share/ur_description/meshes/ur8long/visual/UR8Long_DIFF_8bit_2K.jpg
[2.483s] -- Installing: /home/zidane/Desktop/project_cnn_regulation/install/ur_description/share/ur_description/meshes/ur8long/visual/forearm.dae
[2.483s] -- Installing: /home/zidane/Desktop/project_cnn_regulation/install/ur_description/share/ur_description/meshes/ur8long/visual/upperarm.dae
[2.483s] -- Installing: /home/zidane/Desktop/project_cnn_regulation/install/ur_description/share/ur_description/meshes/ur8long/collision
[2.483s] -- Installing: /home/zidane/Desktop/project_cnn_regulation/install/ur_description/share/ur_description/meshes/ur8long/collision/forearm.stl
[2.483s] -- Installing: /home/zidane/Desktop/project_cnn_regulation/install/ur_description/share/ur_description/meshes/ur8long/collision/upperarm.stl
[2.483s] -- Installing: /home/zidane/Desktop/project_cnn_regulation/install/ur_description/share/ur_description/meshes/ur8long/LICENSE.txt
[2.484s] -- Installing: /home/zidane/Desktop/project_cnn_regulation/install/ur_description/share/ur_description/meshes/ur3e
[2.484s] -- Installing: /home/zidane/Desktop/project_cnn_regulation/install/ur_description/share/ur_description/meshes/ur3e/visual
[2.484s] -- Installing: /home/zidane/Desktop/project_cnn_regulation/install/ur_description/share/ur_description/meshes/ur3e/visual/base.dae
[2.484s] -- Installing: /home/zidane/Desktop/project_cnn_regulation/install/ur_description/share/ur_description/meshes/ur3e/visual/wrist3.dae
[2.484s] -- Installing: /home/zidane/Desktop/project_cnn_regulation/install/ur_description/share/ur_description/meshes/ur3e/visual/shoulder.dae
[2.485s] -- Installing: /home/zidane/Desktop/project_cnn_regulation/install/ur_description/share/ur_description/meshes/ur3e/visual/forearm.dae
[2.486s] -- Installing: /home/zidane/Desktop/project_cnn_regulation/install/ur_description/share/ur_description/meshes/ur3e/visual/wrist2.dae
[2.486s] -- Installing: /home/zidane/Desktop/project_cnn_regulation/install/ur_description/share/ur_description/meshes/ur3e/visual/upperarm.dae
[2.489s] -- Installing: /home/zidane/Desktop/project_cnn_regulation/install/ur_description/share/ur_description/meshes/ur3e/visual/wrist1.dae
[2.489s] -- Installing: /home/zidane/Desktop/project_cnn_regulation/install/ur_description/share/ur_description/meshes/ur3e/collision
[2.489s] -- Installing: /home/zidane/Desktop/project_cnn_regulation/install/ur_description/share/ur_description/meshes/ur3e/collision/wrist2.stl
[2.489s] -- Installing: /home/zidane/Desktop/project_cnn_regulation/install/ur_description/share/ur_description/meshes/ur3e/collision/wrist1.stl
[2.489s] -- Installing: /home/zidane/Desktop/project_cnn_regulation/install/ur_description/share/ur_description/meshes/ur3e/collision/wrist3.stl
[2.489s] -- Installing: /home/zidane/Desktop/project_cnn_regulation/install/ur_description/share/ur_description/meshes/ur3e/collision/forearm.stl
[2.490s] -- Installing: /home/zidane/Desktop/project_cnn_regulation/install/ur_description/share/ur_description/meshes/ur3e/collision/shoulder.stl
[2.490s] -- Installing: /home/zidane/Desktop/project_cnn_regulation/install/ur_description/share/ur_description/meshes/ur3e/collision/upperarm.stl
[2.490s] -- Installing: /home/zidane/Desktop/project_cnn_regulation/install/ur_description/share/ur_description/meshes/ur3e/collision/base.stl
[2.490s] -- Installing: /home/zidane/Desktop/project_cnn_regulation/install/ur_description/share/ur_description/meshes/ur16e
[2.490s] -- Installing: /home/zidane/Desktop/project_cnn_regulation/install/ur_description/share/ur_description/meshes/ur16e/visual
[2.490s] -- Installing: /home/zidane/Desktop/project_cnn_regulation/install/ur_description/share/ur_description/meshes/ur16e/visual/forearm.dae
[2.490s] -- Installing: /home/zidane/Desktop/project_cnn_regulation/install/ur_description/share/ur_description/meshes/ur16e/visual/upperarm.dae
[2.492s] -- Installing: /home/zidane/Desktop/project_cnn_regulation/install/ur_description/share/ur_description/meshes/ur16e/collision
[2.492s] -- Installing: /home/zidane/Desktop/project_cnn_regulation/install/ur_description/share/ur_description/meshes/ur16e/collision/forearm.stl
[2.492s] -- Installing: /home/zidane/Desktop/project_cnn_regulation/install/ur_description/share/ur_description/meshes/ur16e/collision/upperarm.stl
[2.492s] -- Installing: /home/zidane/Desktop/project_cnn_regulation/install/ur_description/share/ur_description/rviz
[2.492s] -- Installing: /home/zidane/Desktop/project_cnn_regulation/install/ur_description/share/ur_description/rviz/view_robot.rviz
[2.493s] -- Installing: /home/zidane/Desktop/project_cnn_regulation/install/ur_description/share/ur_description/urdf
[2.493s] -- Installing: /home/zidane/Desktop/project_cnn_regulation/install/ur_description/share/ur_description/urdf/ur.urdf.xacro
[2.493s] -- Installing: /home/zidane/Desktop/project_cnn_regulation/install/ur_description/share/ur_description/urdf/ros2_control_mock_hardware.xacro
[2.493s] -- Installing: /home/zidane/Desktop/project_cnn_regulation/install/ur_description/share/ur_description/urdf/ur_mocked.urdf.xacro
[2.493s] -- Installing: /home/zidane/Desktop/project_cnn_regulation/install/ur_description/share/ur_description/urdf/inc
[2.493s] -- Installing: /home/zidane/Desktop/project_cnn_regulation/install/ur_description/share/ur_description/urdf/inc/ur_sensors.xacro
[2.493s] -- Installing: /home/zidane/Desktop/project_cnn_regulation/install/ur_description/share/ur_description/urdf/inc/ur_common.xacro
[2.493s] -- Installing: /home/zidane/Desktop/project_cnn_regulation/install/ur_description/share/ur_description/urdf/inc/ur_transmissions.xacro
[2.493s] -- Installing: /home/zidane/Desktop/project_cnn_regulation/install/ur_description/share/ur_description/urdf/inc/ur_joint_control.xacro
[2.493s] -- Installing: /home/zidane/Desktop/project_cnn_regulation/install/ur_description/share/ur_description/urdf/ur_macro.xacro
[2.493s] -- Installing: /home/zidane/Desktop/project_cnn_regulation/install/ur_description/share/ur_description/test
[2.493s] -- Installing: /home/zidane/Desktop/project_cnn_regulation/install/ur_description/share/ur_description/test/test_view_ur_launch.py
[2.493s] -- Installing: /home/zidane/Desktop/project_cnn_regulation/install/ur_description/share/ur_description/test/test_ur_urdf_xacro.py
[2.493s] -- Installing: /home/zidane/Desktop/project_cnn_regulation/install/ur_description/share/ament_index/resource_index/package_run_dependencies/ur_description
[2.493s] -- Installing: /home/zidane/Desktop/project_cnn_regulation/install/ur_description/share/ament_index/resource_index/parent_prefix_path/ur_description
[2.493s] -- Installing: /home/zidane/Desktop/project_cnn_regulation/install/ur_description/share/ur_description/environment/ament_prefix_path.sh
[2.494s] -- Installing: /home/zidane/Desktop/project_cnn_regulation/install/ur_description/share/ur_description/environment/ament_prefix_path.dsv
[2.494s] -- Installing: /home/zidane/Desktop/project_cnn_regulation/install/ur_description/share/ur_description/environment/path.sh
[2.494s] -- Installing: /home/zidane/Desktop/project_cnn_regulation/install/ur_description/share/ur_description/environment/path.dsv
[2.494s] -- Installing: /home/zidane/Desktop/project_cnn_regulation/install/ur_description/share/ur_description/local_setup.bash
[2.494s] -- Installing: /home/zidane/Desktop/project_cnn_regulation/install/ur_description/share/ur_description/local_setup.sh
[2.494s] -- Installing: /home/zidane/Desktop/project_cnn_regulation/install/ur_description/share/ur_description/local_setup.zsh
[2.494s] -- Installing: /home/zidane/Desktop/project_cnn_regulation/install/ur_description/share/ur_description/local_setup.dsv
[2.494s] -- Installing: /home/zidane/Desktop/project_cnn_regulation/install/ur_description/share/ur_description/package.dsv
[2.494s] -- Installing: /home/zidane/Desktop/project_cnn_regulation/install/ur_description/share/ament_index/resource_index/packages/ur_description
[2.494s] -- Installing: /home/zidane/Desktop/project_cnn_regulation/install/ur_description/share/ur_description/cmake/ur_descriptionConfig.cmake
[2.494s] -- Installing: /home/zidane/Desktop/project_cnn_regulation/install/ur_description/share/ur_description/cmake/ur_descriptionConfig-version.cmake
[2.494s] -- Installing: /home/zidane/Desktop/project_cnn_regulation/install/ur_description/share/ur_description/package.xml
[2.496s] Invoked command in '/home/zidane/Desktop/project_cnn_regulation/build/ur_description' returned '0': CMAKE_PREFIX_PATH=${CMAKE_PREFIX_PATH}:/opt/ros/jazzy DEBUGINFOD_URLS=https://debuginfod.ubuntu.com /usr/bin/cmake --install /home/zidane/Desktop/project_cnn_regulation/build/ur_description
