[0.167s] Invoking command in '/home/zidane/Desktop/project_cnn_regulation/build/mimo_process_description': CMAKE_PREFIX_PATH=${CMAKE_PREFIX_PATH}:/home/zidane/Desktop/project_cnn_regulation/install/cnn_regulator:/opt/ros/jazzy DEBUGINFOD_URLS=https://debuginfod.ubuntu.com VIRTUAL_ENV_PROMPT=(.venv) /usr/bin/cmake --build /home/zidane/Desktop/project_cnn_regulation/build/mimo_process_description -- -j16 -l16
[0.206s] Invoked command in '/home/zidane/Desktop/project_cnn_regulation/build/mimo_process_description' returned '0': CMAKE_PREFIX_PATH=${CMAKE_PREFIX_PATH}:/home/zidane/Desktop/project_cnn_regulation/install/cnn_regulator:/opt/ros/jazzy DEBUGINFOD_URLS=https://debuginfod.ubuntu.com VIRTUAL_ENV_PROMPT=(.venv) /usr/bin/cmake --build /home/zidane/Desktop/project_cnn_regulation/build/mimo_process_description -- -j16 -l16
[0.207s] Invoking command in '/home/zidane/Desktop/project_cnn_regulation/build/mimo_process_description': CMAKE_PREFIX_PATH=${CMAKE_PREFIX_PATH}:/home/zidane/Desktop/project_cnn_regulation/install/cnn_regulator:/opt/ros/jazzy DEBUGINFOD_URLS=https://debuginfod.ubuntu.com VIRTUAL_ENV_PROMPT=(.venv) /usr/bin/cmake --install /home/zidane/Desktop/project_cnn_regulation/build/mimo_process_description
[0.212s] -- Install configuration: ""
[0.213s] -- Execute custom install script
[0.214s] -- Up-to-date symlink: /home/zidane/Desktop/project_cnn_regulation/install/mimo_process_description/share/mimo_process_description/urdf/ur5e_sim.urdf.xacro
[0.214s] -- Up-to-date symlink: /home/zidane/Desktop/project_cnn_regulation/install/mimo_process_description/share/ament_index/resource_index/package_run_dependencies/mimo_process_description
[0.214s] -- Up-to-date symlink: /home/zidane/Desktop/project_cnn_regulation/install/mimo_process_description/share/ament_index/resource_index/parent_prefix_path/mimo_process_description
[0.214s] -- Up-to-date symlink: /home/zidane/Desktop/project_cnn_regulation/install/mimo_process_description/share/mimo_process_description/environment/ament_prefix_path.sh
[0.215s] -- Up-to-date symlink: /home/zidane/Desktop/project_cnn_regulation/install/mimo_process_description/share/mimo_process_description/environment/ament_prefix_path.dsv
[0.215s] -- Up-to-date symlink: /home/zidane/Desktop/project_cnn_regulation/install/mimo_process_description/share/mimo_process_description/environment/path.sh
[0.215s] -- Up-to-date symlink: /home/zidane/Desktop/project_cnn_regulation/install/mimo_process_description/share/mimo_process_description/environment/path.dsv
[0.215s] -- Up-to-date symlink: /home/zidane/Desktop/project_cnn_regulation/install/mimo_process_description/share/mimo_process_description/local_setup.bash
[0.215s] -- Up-to-date symlink: /home/zidane/Desktop/project_cnn_regulation/install/mimo_process_description/share/mimo_process_description/local_setup.sh
[0.215s] -- Up-to-date symlink: /home/zidane/Desktop/project_cnn_regulation/install/mimo_process_description/share/mimo_process_description/local_setup.zsh
[0.216s] -- Up-to-date symlink: /home/zidane/Desktop/project_cnn_regulation/install/mimo_process_description/share/mimo_process_description/local_setup.dsv
[0.216s] -- Symlinking: /home/zidane/Desktop/project_cnn_regulation/install/mimo_process_description/share/mimo_process_description/package.dsv
[0.223s] -- Up-to-date symlink: /home/zidane/Desktop/project_cnn_regulation/install/mimo_process_description/share/ament_index/resource_index/packages/mimo_process_description
[0.224s] -- Up-to-date symlink: /home/zidane/Desktop/project_cnn_regulation/install/mimo_process_description/share/mimo_process_description/cmake/mimo_process_descriptionConfig.cmake
[0.224s] -- Up-to-date symlink: /home/zidane/Desktop/project_cnn_regulation/install/mimo_process_description/share/mimo_process_description/cmake/mimo_process_descriptionConfig-version.cmake
[0.224s] -- Up-to-date symlink: /home/zidane/Desktop/project_cnn_regulation/install/mimo_process_description/share/mimo_process_description/package.xml
[0.248s] Invoked command in '/home/zidane/Desktop/project_cnn_regulation/build/mimo_process_description' returned '0': CMAKE_PREFIX_PATH=${CMAKE_PREFIX_PATH}:/home/zidane/Desktop/project_cnn_regulation/install/cnn_regulator:/opt/ros/jazzy DEBUGINFOD_URLS=https://debuginfod.ubuntu.com VIRTUAL_ENV_PROMPT=(.venv) /usr/bin/cmake --install /home/zidane/Desktop/project_cnn_regulation/build/mimo_process_description
